Archive member included to satisfy reference by file (symbol)

c:/program files (x86)/atmel/studio/7.0/toolchain/arm/arm-gnu-toolchain/bin/../lib/gcc/arm-none-eabi/6.3.1/../../../../arm-none-eabi/lib/thumb/v7e-m\libc.a(lib_a-exit.o)
                              c:/program files (x86)/atmel/studio/7.0/toolchain/arm/arm-gnu-toolchain/bin/../lib/gcc/arm-none-eabi/6.3.1/../../../../arm-none-eabi/lib/thumb/v7e-m/crt0.o (exit)
c:/program files (x86)/atmel/studio/7.0/toolchain/arm/arm-gnu-toolchain/bin/../lib/gcc/arm-none-eabi/6.3.1/../../../../arm-none-eabi/lib/thumb/v7e-m\libc.a(lib_a-impure.o)
                              c:/program files (x86)/atmel/studio/7.0/toolchain/arm/arm-gnu-toolchain/bin/../lib/gcc/arm-none-eabi/6.3.1/../../../../arm-none-eabi/lib/thumb/v7e-m\libc.a(lib_a-exit.o) (_global_impure_ptr)
c:/program files (x86)/atmel/studio/7.0/toolchain/arm/arm-gnu-toolchain/bin/../lib/gcc/arm-none-eabi/6.3.1/../../../../arm-none-eabi/lib/thumb/v7e-m\libc.a(lib_a-init.o)
                              c:/program files (x86)/atmel/studio/7.0/toolchain/arm/arm-gnu-toolchain/bin/../lib/gcc/arm-none-eabi/6.3.1/../../../../arm-none-eabi/lib/thumb/v7e-m/crt0.o (__libc_init_array)
c:/program files (x86)/atmel/studio/7.0/toolchain/arm/arm-gnu-toolchain/bin/../lib/gcc/arm-none-eabi/6.3.1/../../../../arm-none-eabi/lib/thumb/v7e-m\libc.a(lib_a-memset.o)
                              c:/program files (x86)/atmel/studio/7.0/toolchain/arm/arm-gnu-toolchain/bin/../lib/gcc/arm-none-eabi/6.3.1/../../../../arm-none-eabi/lib/thumb/v7e-m/crt0.o (memset)
c:/program files (x86)/atmel/studio/7.0/toolchain/arm/arm-gnu-toolchain/bin/../lib/gcc/arm-none-eabi/6.3.1/../../../../arm-none-eabi/lib/thumb/v7e-m\libc.a(lib_a-sprintf.o)
                              src/main.o (sprintf)
c:/program files (x86)/atmel/studio/7.0/toolchain/arm/arm-gnu-toolchain/bin/../lib/gcc/arm-none-eabi/6.3.1/../../../../arm-none-eabi/lib/thumb/v7e-m\libc.a(lib_a-svfprintf.o)
                              c:/program files (x86)/atmel/studio/7.0/toolchain/arm/arm-gnu-toolchain/bin/../lib/gcc/arm-none-eabi/6.3.1/../../../../arm-none-eabi/lib/thumb/v7e-m\libc.a(lib_a-sprintf.o) (_svfprintf_r)
c:/program files (x86)/atmel/studio/7.0/toolchain/arm/arm-gnu-toolchain/bin/../lib/gcc/arm-none-eabi/6.3.1/../../../../arm-none-eabi/lib/thumb/v7e-m\libc.a(lib_a-__call_atexit.o)
                              c:/program files (x86)/atmel/studio/7.0/toolchain/arm/arm-gnu-toolchain/bin/../lib/gcc/arm-none-eabi/6.3.1/../../../../arm-none-eabi/lib/thumb/v7e-m\libc.a(lib_a-exit.o) (__call_exitprocs)
c:/program files (x86)/atmel/studio/7.0/toolchain/arm/arm-gnu-toolchain/bin/../lib/gcc/arm-none-eabi/6.3.1/../../../../arm-none-eabi/lib/thumb/v7e-m\libc.a(lib_a-atexit.o)
                              c:/program files (x86)/atmel/studio/7.0/toolchain/arm/arm-gnu-toolchain/bin/../lib/gcc/arm-none-eabi/6.3.1/../../../../arm-none-eabi/lib/thumb/v7e-m\libc.a(lib_a-__call_atexit.o) (atexit)
c:/program files (x86)/atmel/studio/7.0/toolchain/arm/arm-gnu-toolchain/bin/../lib/gcc/arm-none-eabi/6.3.1/../../../../arm-none-eabi/lib/thumb/v7e-m\libc.a(lib_a-dtoa.o)
                              c:/program files (x86)/atmel/studio/7.0/toolchain/arm/arm-gnu-toolchain/bin/../lib/gcc/arm-none-eabi/6.3.1/../../../../arm-none-eabi/lib/thumb/v7e-m\libc.a(lib_a-svfprintf.o) (_dtoa_r)
c:/program files (x86)/atmel/studio/7.0/toolchain/arm/arm-gnu-toolchain/bin/../lib/gcc/arm-none-eabi/6.3.1/../../../../arm-none-eabi/lib/thumb/v7e-m\libc.a(lib_a-fini.o)
                              c:/program files (x86)/atmel/studio/7.0/toolchain/arm/arm-gnu-toolchain/bin/../lib/gcc/arm-none-eabi/6.3.1/../../../../arm-none-eabi/lib/thumb/v7e-m\libc.a(lib_a-__call_atexit.o) (__libc_fini_array)
c:/program files (x86)/atmel/studio/7.0/toolchain/arm/arm-gnu-toolchain/bin/../lib/gcc/arm-none-eabi/6.3.1/../../../../arm-none-eabi/lib/thumb/v7e-m\libc.a(lib_a-localeconv.o)
                              c:/program files (x86)/atmel/studio/7.0/toolchain/arm/arm-gnu-toolchain/bin/../lib/gcc/arm-none-eabi/6.3.1/../../../../arm-none-eabi/lib/thumb/v7e-m\libc.a(lib_a-svfprintf.o) (_localeconv_r)
c:/program files (x86)/atmel/studio/7.0/toolchain/arm/arm-gnu-toolchain/bin/../lib/gcc/arm-none-eabi/6.3.1/../../../../arm-none-eabi/lib/thumb/v7e-m\libc.a(lib_a-lock.o)
                              c:/program files (x86)/atmel/studio/7.0/toolchain/arm/arm-gnu-toolchain/bin/../lib/gcc/arm-none-eabi/6.3.1/../../../../arm-none-eabi/lib/thumb/v7e-m\libc.a(lib_a-__call_atexit.o) (__retarget_lock_acquire_recursive)
c:/program files (x86)/atmel/studio/7.0/toolchain/arm/arm-gnu-toolchain/bin/../lib/gcc/arm-none-eabi/6.3.1/../../../../arm-none-eabi/lib/thumb/v7e-m\libc.a(lib_a-mallocr.o)
                              c:/program files (x86)/atmel/studio/7.0/toolchain/arm/arm-gnu-toolchain/bin/../lib/gcc/arm-none-eabi/6.3.1/../../../../arm-none-eabi/lib/thumb/v7e-m\libc.a(lib_a-svfprintf.o) (_malloc_r)
[...]
Memory Configuration

Name             Origin             Length             Attributes
rom              0x00000000         0x00040000         xr
ram              0x20000000         0x00008000         xrw
*default*        0x00000000         0xffffffff

Linker script and memory map

LOAD c:/program files (x86)/atmel/studio/7.0/toolchain/arm/arm-gnu-toolchain/bin/../lib/gcc/arm-none-eabi/6.3.1/thumb/v7e-m/crti.o
LOAD c:/program files (x86)/atmel/studio/7.0/toolchain/arm/arm-gnu-toolchain/bin/../lib/gcc/arm-none-eabi/6.3.1/thumb/v7e-m/crtbegin.o
LOAD c:/program files (x86)/atmel/studio/7.0/toolchain/arm/arm-gnu-toolchain/bin/../lib/gcc/arm-none-eabi/6.3.1/../../../../arm-none-eabi/lib/thumb/v7e-m/crt0.o
LOAD src/ASF/sam/drivers/usart/usart.o
LOAD src/LTE_interface.o
LOAD src/ASF/common/services/serial/usart_serial.o
LOAD src/ASF/common/services/delay/sam/cycle_counter.o
LOAD src/ASF/common/services/clock/sam4l/dfll.o
LOAD src/ASF/common/services/clock/sam4l/osc.o
LOAD src/ASF/common/services/clock/sam4l/pll.o
LOAD src/ASF/common/services/clock/sam4l/sysclk.o
LOAD src/ASF/sam/drivers/bpm/bpm.o
LOAD src/ASF/sam/drivers/flashcalw/flashcalw.o
LOAD src/ASF/sam/drivers/gpio/gpio.o
LOAD src/ASF/common/boards/user_board/init.o
LOAD src/ASF/common/utils/interrupt/interrupt_sam_nvic.o
LOAD src/ASF/sam/utils/cmsis/sam4l/source/templates/exceptions.o
LOAD src/ASF/sam/utils/cmsis/sam4l/source/templates/gcc/startup_sam4l.o
LOAD src/ASF/sam/utils/cmsis/sam4l/source/templates/system_sam4l.o
LOAD src/ASF/sam/utils/syscalls/gcc/syscalls.o
LOAD src/main.o
START GROUP
LOAD ../src/ASF/thirdparty/CMSIS/Lib/GCC\libarm_cortexM4l_math.a
LOAD c:/program files (x86)/atmel/studio/7.0/toolchain/arm/arm-gnu-toolchain/bin/../lib/gcc/arm-none-eabi/6.3.1/../../../../arm-none-eabi/lib/thumb/v7e-m\libm.a
END GROUP
START GROUP
LOAD c:/program files (x86)/atmel/studio/7.0/toolchain/arm/arm-gnu-toolchain/bin/../lib/gcc/arm-none-eabi/6.3.1/thumb/v7e-m\libgcc.a
LOAD c:/program files (x86)/atmel/studio/7.0/toolchain/arm/arm-gnu-toolchain/bin/../lib/gcc/arm-none-eabi/6.3.1/../../../../arm-none-eabi/lib/thumb/v7e-m\libc.a
END GROUP
LOAD c:/program files (x86)/atmel/studio/7.0/toolchain/arm/arm-gnu-toolchain/bin/../lib/gcc/arm-none-eabi/6.3.1/thumb/v7e-m/crtend.o
LOAD c:/program files (x86)/atmel/studio/7.0/toolchain/arm/arm-gnu-toolchain/bin/../lib/gcc/arm-none-eabi/6.3.1/thumb/v7e-m/crtn.o
                0x00001000                __stack_size__ = DEFINED (__stack_size__)?__stack_size__:0x1000
                0x20007ffc                __ram_end__ = ((ORIGIN (ram) + LENGTH (ram)) - 0x4)

.text           0x00000000     0x5fb4
                0x00000000                . = ALIGN (0x4)
                0x00000000                _sfixed = .
 *(.vectors .vectors.*)
 .vectors       0x00000000      0x180 src/ASF/sam/utils/cmsis/sam4l/source/templates/gcc/startup_sam4l.o
                0x00000000                exception_table
 *(.text .text.* .gnu.linkonce.t.*)
 .text          0x00000180       0x6c c:/program files (x86)/atmel/studio/7.0/toolchain/arm/arm-gnu-toolchain/bin/../lib/gcc/arm-none-eabi/6.3.1/thumb/v7e-m/crtbegin.o
 .text.usart_set_async_baudrate
                0x000001ec       0x58 src/ASF/sam/drivers/usart/usart.o
                0x000001ec                usart_set_async_baudrate
 .text.usart_reset
                0x00000244       0x30 src/ASF/sam/drivers/usart/usart.o
                0x00000244                usart_reset
 .text.usart_init_rs232
                0x00000274       0x54 src/ASF/sam/drivers/usart/usart.o
                0x00000274                usart_init_rs232
 .text.usart_enable_tx
                0x000002c8        0x6 src/ASF/sam/drivers/usart/usart.o
                0x000002c8                usart_enable_tx
 .text.usart_enable_rx
                0x000002ce        0x6 src/ASF/sam/drivers/usart/usart.o
                0x000002ce                usart_enable_rx
 .text.usart_enable_interrupt
                0x000002d4        0x4 src/ASF/sam/drivers/usart/usart.o
                0x000002d4                usart_enable_interrupt
 .text.usart_get_status
                0x000002d8        0x4 src/ASF/sam/drivers/usart/usart.o
                0x000002d8                usart_get_status
 .text.usart_write
                0x000002dc       0x14 src/ASF/sam/drivers/usart/usart.o
                0x000002dc                usart_write
 .text.usart_putchar
                0x000002f0       0x12 src/ASF/sam/drivers/usart/usart.o
                0x000002f0                usart_putchar
 *fill*         0x00000302        0x2 
 .text.usart_write_line
                0x00000304       0x20 src/ASF/sam/drivers/usart/usart.o
                0x00000304                usart_write_line
 .text.usart_read
                0x00000324       0x18 src/ASF/sam/drivers/usart/usart.o
                0x00000324                usart_read
 .text.usart_serial_write_packet
                0x0000033c       0x88 src/ASF/common/services/serial/usart_serial.o
                0x0000033c                usart_serial_write_packet
 .text.osc_priv_enable_osc0
                0x000003c4       0x48 src/ASF/common/services/clock/sam4l/osc.o
                0x000003c4                osc_priv_enable_osc0
 .text.sysclk_priv_enable_module
                0x0000040c       0x60 src/ASF/common/services/clock/sam4l/sysclk.o
                0x0000040c                sysclk_priv_enable_module
 .text.sysclk_enable_pba_module
                0x0000046c       0x58 src/ASF/common/services/clock/sam4l/sysclk.o
                0x0000046c                sysclk_enable_pba_module
 .text.sysclk_enable_pbb_module
                0x000004c4       0x58 src/ASF/common/services/clock/sam4l/sysclk.o
                0x000004c4                sysclk_enable_pbb_module
 .text.sysclk_get_peripheral_bus_hz
                0x0000051c      0x1b0 src/ASF/common/services/clock/sam4l/sysclk.o
                0x0000051c                sysclk_get_peripheral_bus_hz
 .text.sysclk_enable_peripheral_clock
                0x000006cc      0x3f4 src/ASF/common/services/clock/sam4l/sysclk.o
                0x000006cc                sysclk_enable_peripheral_clock
 .text.sysclk_set_source
                0x00000ac0       0x40 src/ASF/common/services/clock/sam4l/sysclk.o
                0x00000ac0                sysclk_set_source
 .text.sysclk_init
                0x00000b00       0xac src/ASF/common/services/clock/sam4l/sysclk.o
                0x00000b00                sysclk_init
 .text.bpm_power_scaling_cpu_failsafe
                0x00000bac       0x74 src/ASF/sam/drivers/bpm/bpm.o
                0x00000bac                bpm_power_scaling_cpu_failsafe
 .text.bpm_get_status
                0x00000c20        0x4 src/ASF/sam/drivers/bpm/bpm.o
                0x00000c20                bpm_get_status
 .text.flashcalw_set_wait_state
                0x00000c24       0x1c src/ASF/sam/drivers/flashcalw/flashcalw.o
                0x00000c24                flashcalw_set_wait_state
 .text.flashcalw_is_ready
                0x00000c40       0x10 src/ASF/sam/drivers/flashcalw/flashcalw.o
                0x00000c40                flashcalw_is_ready
 .text.flashcalw_default_wait_until_ready
                0x00000c50       0x10 src/ASF/sam/drivers/flashcalw/flashcalw.o
                0x00000c50                flashcalw_default_wait_until_ready
 .text.flashcalw_issue_command
                0x00000c60       0x54 src/ASF/sam/drivers/flashcalw/flashcalw.o
                0x00000c60                flashcalw_issue_command
 .text.flashcalw_set_flash_waitstate_and_readmode
                0x00000cb4       0x94 src/ASF/sam/drivers/flashcalw/flashcalw.o
                0x00000cb4                flashcalw_set_flash_waitstate_and_readmode
 .text.gpio_common_handler
                0x00000d48       0x74 src/ASF/sam/drivers/gpio/gpio.o
 .text.GPIO_0_Handler
                0x00000dbc       0x10 src/ASF/sam/drivers/gpio/gpio.o
                0x00000dbc                GPIO_0_Handler
 .text.GPIO_1_Handler
                0x00000dcc       0x14 src/ASF/sam/drivers/gpio/gpio.o
                0x00000dcc                GPIO_1_Handler
 .text.GPIO_2_Handler
                0x00000de0       0x14 src/ASF/sam/drivers/gpio/gpio.o
                0x00000de0                GPIO_2_Handler
 .text.GPIO_3_Handler
                0x00000df4       0x14 src/ASF/sam/drivers/gpio/gpio.o
                0x00000df4                GPIO_3_Handler
 .text.GPIO_4_Handler
                0x00000e08       0x10 src/ASF/sam/drivers/gpio/gpio.o
                0x00000e08                GPIO_4_Handler
 .text.GPIO_5_Handler
                0x00000e18       0x14 src/ASF/sam/drivers/gpio/gpio.o
                0x00000e18                GPIO_5_Handler
 .text.GPIO_6_Handler
                0x00000e2c       0x14 src/ASF/sam/drivers/gpio/gpio.o
                0x00000e2c                GPIO_6_Handler
 .text.GPIO_7_Handler
                0x00000e40       0x14 src/ASF/sam/drivers/gpio/gpio.o
                0x00000e40                GPIO_7_Handler
 .text.GPIO_8_Handler
                0x00000e54       0x10 src/ASF/sam/drivers/gpio/gpio.o
                0x00000e54                GPIO_8_Handler
 .text.GPIO_9_Handler
                0x00000e64       0x14 src/ASF/sam/drivers/gpio/gpio.o
                0x00000e64                GPIO_9_Handler
 .text.GPIO_10_Handler
                0x00000e78       0x14 src/ASF/sam/drivers/gpio/gpio.o
                0x00000e78                GPIO_10_Handler
 .text.GPIO_11_Handler
                0x00000e8c       0x14 src/ASF/sam/drivers/gpio/gpio.o
                0x00000e8c                GPIO_11_Handler
 .text.board_init
                0x00000ea0        0x2 src/ASF/common/boards/user_board/init.o
                0x00000ea0                board_init
 .text.Dummy_Handler
                0x00000ea2        0x2 src/ASF/sam/utils/cmsis/sam4l/source/templates/exceptions.o
                0x00000ea2                EIC_5_Handler
                0x00000ea2                DACC_Handler
                0x00000ea2                DebugMon_Handler
                0x00000ea2                TRNG_Handler
                0x00000ea2                HardFault_Handler
                0x00000ea2                SPI_Handler
                0x00000ea2                EIC_4_Handler
                0x00000ea2                SysTick_Handler
                0x00000ea2                PDCA_10_Handler
                0x00000ea2                USART3_Handler
                0x00000ea2                AST_PER_Handler
                0x00000ea2                AST_CLKREADY_Handler
                0x00000ea2                AST_OVF_Handler
                0x00000ea2                PDCA_5_Handler
                0x00000ea2                PendSV_Handler
                0x00000ea2                NMI_Handler
                0x00000ea2                SCIF_Handler
                0x00000ea2                PDCA_15_Handler
                0x00000ea2                CRCCU_Handler
                0x00000ea2                EIC_3_Handler
                0x00000ea2                TWIM3_Handler
                0x00000ea2                UsageFault_Handler
                0x00000ea2                PDCA_0_Handler
                0x00000ea2                TC12_Handler
                0x00000ea2                PDCA_14_Handler
                0x00000ea2                BPM_Handler
                0x00000ea2                PARC_Handler
                0x00000ea2                WDT_Handler
                0x00000ea2                EIC_8_Handler
                0x00000ea2                TWIS0_Handler
                0x00000ea2                PDCA_8_Handler
                0x00000ea2                TWIS1_Handler
                0x00000ea2                TWIM2_Handler
                0x00000ea2                AESA_Handler
                0x00000ea2                PDCA_13_Handler
                0x00000ea2                Dummy_Handler
                0x00000ea2                PDCA_3_Handler
                0x00000ea2                ABDACB_Handler
                0x00000ea2                CATB_Handler
                0x00000ea2                LCDCA_Handler
                0x00000ea2                AST_READY_Handler
                0x00000ea2                PDCA_2_Handler
                0x00000ea2                AST_ALARM_Handler
                0x00000ea2                TWIM0_Handler
                0x00000ea2                PM_Handler
                0x00000ea2                TC11_Handler
                0x00000ea2                PDCA_1_Handler
                0x00000ea2                PDCA_11_Handler
                0x00000ea2                ACIFC_Handler
                0x00000ea2                TC00_Handler
                0x00000ea2                TC02_Handler
                0x00000ea2                PDCA_6_Handler
                0x00000ea2                MemManage_Handler
                0x00000ea2                SVC_Handler
                0x00000ea2                PDCA_12_Handler
                0x00000ea2                PDCA_9_Handler
                0x00000ea2                ADCIFE_Handler
                0x00000ea2                EIC_2_Handler
                0x00000ea2                PDCA_7_Handler
                0x00000ea2                PEVC_TR_Handler
                0x00000ea2                USART2_Handler
                0x00000ea2                EIC_6_Handler
                0x00000ea2                TC10_Handler
                0x00000ea2                TWIM1_Handler
                0x00000ea2                EIC_1_Handler
                0x00000ea2                EIC_7_Handler
                0x00000ea2                HFLASHC_Handler
                0x00000ea2                TC01_Handler
                0x00000ea2                BSCIF_Handler
                0x00000ea2                USBC_Handler
                0x00000ea2                IISC_Handler
                0x00000ea2                BusFault_Handler
                0x00000ea2                FREQM_Handler
                0x00000ea2                PDCA_4_Handler
                0x00000ea2                PEVC_OV_Handler
 .text.Reset_Handler
                0x00000ea4       0x84 src/ASF/sam/utils/cmsis/sam4l/source/templates/gcc/startup_sam4l.o
                0x00000ea4                Reset_Handler
 .text._sbrk    0x00000f28       0x38 src/ASF/sam/utils/syscalls/gcc/syscalls.o
                0x00000f28                _sbrk
 .text.USART1_Handler
                0x00000f60       0x3c src/main.o
                0x00000f60                USART1_Handler
 .text.USART0_Handler
                0x00000f9c       0x54 src/main.o
                0x00000f9c                USART0_Handler
 .text.printDebug
                0x00000ff0       0x14 src/main.o
                0x00000ff0                printDebug
 .text.saraWriteCommand
                0x00001004       0x40 src/main.o
                0x00001004                saraWriteCommand
 .text.saraTurnOn
                0x00001044       0x50 src/main.o
                0x00001044                saraTurnOn
 .text.sara_is_off
                0x00001094       0x14 src/main.o
                0x00001094                sara_is_off
 .text.main     0x000010a8      0x280 src/main.o
                0x000010a8                main
 .text.__libc_init_array
                0x00001328       0x50 c:/program files (x86)/atmel/studio/7.0/toolchain/arm/arm-gnu-toolchain/bin/../lib/gcc/arm-none-eabi/6.3.1/../../../../arm-none-eabi/lib/thumb/v7e-m\libc.a(lib_a-init.o)
                0x00001328                __libc_init_array
 .text.memset   0x00001378       0x9c c:/program files (x86)/atmel/studio/7.0/toolchain/arm/arm-gnu-toolchain/bin/../lib/gcc/arm-none-eabi/6.3.1/../../../../arm-none-eabi/lib/thumb/v7e-m\libc.a(lib_a-memset.o)
                0x00001378                memset
 .text.sprintf  0x00001414       0x4c c:/program files (x86)/atmel/studio/7.0/toolchain/arm/arm-gnu-toolchain/bin/../lib/gcc/arm-none-eabi/6.3.1/../../../../arm-none-eabi/lib/thumb/v7e-m\libc.a(lib_a-sprintf.o)
                0x00001414                sprintf
 .text._svfprintf_r
                0x00001460     0x145c c:/program files (x86)/atmel/studio/7.0/toolchain/arm/arm-gnu-toolchain/bin/../lib/gcc/arm-none-eabi/6.3.1/../../../../arm-none-eabi/lib/thumb/v7e-m\libc.a(lib_a-svfprintf.o)
                0x00001460                _svfprintf_r
 .text.startup.register_fini
                0x000028bc       0x14 c:/program files (x86)/atmel/studio/7.0/toolchain/arm/arm-gnu-toolchain/bin/../lib/gcc/arm-none-eabi/6.3.1/../../../../arm-none-eabi/lib/thumb/v7e-m\libc.a(lib_a-__call_atexit.o)
 .text.atexit   0x000028d0        0xc c:/program files (x86)/atmel/studio/7.0/toolchain/arm/arm-gnu-toolchain/bin/../lib/gcc/arm-none-eabi/6.3.1/../../../../arm-none-eabi/lib/thumb/v7e-m\libc.a(lib_a-atexit.o)
                0x000028d0                atexit
 .text.quorem   0x000028dc      0x128 c:/program files (x86)/atmel/studio/7.0/toolchain/arm/arm-gnu-toolchain/bin/../lib/gcc/arm-none-eabi/6.3.1/../../../../arm-none-eabi/lib/thumb/v7e-m\libc.a(lib_a-dtoa.o)
 *fill*         0x00002a04        0x4 
 .text._dtoa_r  0x00002a08      0xe54 c:/program files (x86)/atmel/studio/7.0/toolchain/arm/arm-gnu-toolchain/bin/../lib/gcc/arm-none-eabi/6.3.1/../../../../arm-none-eabi/lib/thumb/v7e-m\libc.a(lib_a-dtoa.o)
                0x00002a08                _dtoa_r
 .text.__libc_fini_array
                0x0000385c       0x34 c:/program files (x86)/atmel/studio/7.0/toolchain/arm/arm-gnu-toolchain/bin/../lib/gcc/arm-none-eabi/6.3.1/../../../../arm-none-eabi/lib/thumb/v7e-m\libc.a(lib_a-fini.o)
                0x0000385c                __libc_fini_array
 .text._localeconv_r
                0x00003890       0x1c c:/program files (x86)/atmel/studio/7.0/toolchain/arm/arm-gnu-toolchain/bin/../lib/gcc/arm-none-eabi/6.3.1/../../../../arm-none-eabi/lib/thumb/v7e-m\libc.a(lib_a-localeconv.o)
                0x00003890                _localeconv_r
 .text.__retarget_lock_acquire_recursive
                0x000038ac        0x4 c:/program files (x86)/atmel/studio/7.0/toolchain/arm/arm-gnu-toolchain/bin/../lib/gcc/arm-none-eabi/6.3.1/../../../../arm-none-eabi/lib/thumb/v7e-m\libc.a(lib_a-lock.o)
                0x000038ac                __retarget_lock_acquire_recursive
 .text.__retarget_lock_release_recursive
                0x000038b0        0x4 c:/program files (x86)/atmel/studio/7.0/toolchain/arm/arm-gnu-toolchain/bin/../lib/gcc/arm-none-eabi/6.3.1/../../../../arm-none-eabi/lib/thumb/v7e-m\libc.a(lib_a-lock.o)
                0x000038b0                __retarget_lock_release_recursive
 .text._malloc_r
                0x000038b4      0x560 c:/program files (x86)/atmel/studio/7.0/toolchain/arm/arm-gnu-toolchain/bin/../lib/gcc/arm-none-eabi/6.3.1/../../../../arm-none-eabi/lib/thumb/v7e-m\libc.a(lib_a-mallocr.o)
                0x000038b4                _malloc_r
 *fill*         0x00003e14        0xc 
 .text          0x00003e20       0xa0 c:/program files (x86)/atmel/studio/7.0/toolchain/arm/arm-gnu-toolchain/bin/../lib/gcc/arm-none-eabi/6.3.1/../../../../arm-none-eabi/lib/thumb/v7e-m\libc.a(lib_a-memchr.o)
                0x00003e20                memchr
 .text          0x00003ec0      0x134 c:/program files (x86)/atmel/studio/7.0/toolchain/arm/arm-gnu-toolchain/bin/../lib/gcc/arm-none-eabi/6.3.1/../../../../arm-none-eabi/lib/thumb/v7e-m\libc.a(lib_a-memcpy.o)
                0x00003ec0                memcpy
 .text.__malloc_lock
                0x00003ff4        0xc c:/program files (x86)/atmel/studio/7.0/toolchain/arm/arm-gnu-toolchain/bin/../lib/gcc/arm-none-eabi/6.3.1/../../../../arm-none-eabi/lib/thumb/v7e-m\libc.a(lib_a-mlock.o)
                0x00003ff4                __malloc_lock
 .text.__malloc_unlock
                0x00004000        0xc c:/program files (x86)/atmel/studio/7.0/toolchain/arm/arm-gnu-toolchain/bin/../lib/gcc/arm-none-eabi/6.3.1/../../../../arm-none-eabi/lib/thumb/v7e-m\libc.a(lib_a-mlock.o)
                0x00004000                __malloc_unlock
 .text._Balloc  0x0000400c       0x4c c:/program files (x86)/atmel/studio/7.0/toolchain/arm/arm-gnu-toolchain/bin/../lib/gcc/arm-none-eabi/6.3.1/../../../../arm-none-eabi/lib/thumb/v7e-m\libc.a(lib_a-mprec.o)
                0x0000400c                _Balloc
 .text._Bfree   0x00004058       0x14 c:/program files (x86)/atmel/studio/7.0/toolchain/arm/arm-gnu-toolchain/bin/../lib/gcc/arm-none-eabi/6.3.1/../../../../arm-none-eabi/lib/thumb/v7e-m\libc.a(lib_a-mprec.o)
                0x00004058                _Bfree
 .text.__multadd
                0x0000406c       0x80 c:/program files (x86)/atmel/studio/7.0/toolchain/arm/arm-gnu-toolchain/bin/../lib/gcc/arm-none-eabi/6.3.1/../../../../arm-none-eabi/lib/thumb/v7e-m\libc.a(lib_a-mprec.o)
                0x0000406c                __multadd
 .text.__hi0bits
                0x000040ec       0x40 c:/program files (x86)/atmel/studio/7.0/toolchain/arm/arm-gnu-toolchain/bin/../lib/gcc/arm-none-eabi/6.3.1/../../../../arm-none-eabi/lib/thumb/v7e-m\libc.a(lib_a-mprec.o)
                0x000040ec                __hi0bits
 .text.__lo0bits
                0x0000412c       0x60 c:/program files (x86)/atmel/studio/7.0/toolchain/arm/arm-gnu-toolchain/bin/../lib/gcc/arm-none-eabi/6.3.1/../../../../arm-none-eabi/lib/thumb/v7e-m\libc.a(lib_a-mprec.o)
                0x0000412c                __lo0bits
 .text.__i2b    0x0000418c       0x14 c:/program files (x86)/atmel/studio/7.0/toolchain/arm/arm-gnu-toolchain/bin/../lib/gcc/arm-none-eabi/6.3.1/../../../../arm-none-eabi/lib/thumb/v7e-m\libc.a(lib_a-mprec.o)
                0x0000418c                __i2b
 .text.__multiply
                0x000041a0      0x124 c:/program files (x86)/atmel/studio/7.0/toolchain/arm/arm-gnu-toolchain/bin/../lib/gcc/arm-none-eabi/6.3.1/../../../../arm-none-eabi/lib/thumb/v7e-m\libc.a(lib_a-mprec.o)
                0x000041a0                __multiply
 .text.__pow5mult
                0x000042c4       0xa0 c:/program files (x86)/atmel/studio/7.0/toolchain/arm/arm-gnu-toolchain/bin/../lib/gcc/arm-none-eabi/6.3.1/../../../../arm-none-eabi/lib/thumb/v7e-m\libc.a(lib_a-mprec.o)
                0x000042c4                __pow5mult
 .text.__lshift
                0x00004364       0xa4 c:/program files (x86)/atmel/studio/7.0/toolchain/arm/arm-gnu-toolchain/bin/../lib/gcc/arm-none-eabi/6.3.1/../../../../arm-none-eabi/lib/thumb/v7e-m\libc.a(lib_a-mprec.o)
                0x00004364                __lshift
 .text.__mcmp   0x00004408       0x38 c:/program files (x86)/atmel/studio/7.0/toolchain/arm/arm-gnu-toolchain/bin/../lib/gcc/arm-none-eabi/6.3.1/../../../../arm-none-eabi/lib/thumb/v7e-m\libc.a(lib_a-mprec.o)
                0x00004408                __mcmp
 .text.__mdiff  0x00004440      0x108 c:/program files (x86)/atmel/studio/7.0/toolchain/arm/arm-gnu-toolchain/bin/../lib/gcc/arm-none-eabi/6.3.1/../../../../arm-none-eabi/lib/thumb/v7e-m\libc.a(lib_a-mprec.o)
                0x00004440                __mdiff
 .text.__d2b    0x00004548       0xb8 c:/program files (x86)/atmel/studio/7.0/toolchain/arm/arm-gnu-toolchain/bin/../lib/gcc/arm-none-eabi/6.3.1/../../../../arm-none-eabi/lib/thumb/v7e-m\libc.a(lib_a-mprec.o)
                0x00004548                __d2b
 .text._sbrk_r  0x00004600       0x24 c:/program files (x86)/atmel/studio/7.0/toolchain/arm/arm-gnu-toolchain/bin/../lib/gcc/arm-none-eabi/6.3.1/../../../../arm-none-eabi/lib/thumb/v7e-m\libc.a(lib_a-sbrkr.o)
                0x00004600                _sbrk_r
 *fill*         0x00004624       0x1c 
 .text          0x00004640       0xdc c:/program files (x86)/atmel/studio/7.0/toolchain/arm/arm-gnu-toolchain/bin/../lib/gcc/arm-none-eabi/6.3.1/../../../../arm-none-eabi/lib/thumb/v7e-m\libc.a(lib_a-strlen.o)
                0x00004640                strlen
 .text.__ssprint_r
                0x0000471c       0xfc c:/program files (x86)/atmel/studio/7.0/toolchain/arm/arm-gnu-toolchain/bin/../lib/gcc/arm-none-eabi/6.3.1/../../../../arm-none-eabi/lib/thumb/v7e-m\libc.a(lib_a-svfiprintf.o)
                0x0000471c                __ssprint_r
 .text.__register_exitproc
                0x00004818       0xc4 c:/program files (x86)/atmel/studio/7.0/toolchain/arm/arm-gnu-toolchain/bin/../lib/gcc/arm-none-eabi/6.3.1/../../../../arm-none-eabi/lib/thumb/v7e-m\libc.a(lib_a-__atexit.o)
                0x00004818                __register_exitproc
 .text._calloc_r
                0x000048dc       0x60 c:/program files (x86)/atmel/studio/7.0/toolchain/arm/arm-gnu-toolchain/bin/../lib/gcc/arm-none-eabi/6.3.1/../../../../arm-none-eabi/lib/thumb/v7e-m\libc.a(lib_a-callocr.o)
                0x000048dc                _calloc_r
 .text._malloc_trim_r
                0x0000493c       0xa0 c:/program files (x86)/atmel/studio/7.0/toolchain/arm/arm-gnu-toolchain/bin/../lib/gcc/arm-none-eabi/6.3.1/../../../../arm-none-eabi/lib/thumb/v7e-m\libc.a(lib_a-freer.o)
                0x0000493c                _malloc_trim_r
 .text._free_r  0x000049dc      0x1cc c:/program files (x86)/atmel/studio/7.0/toolchain/arm/arm-gnu-toolchain/bin/../lib/gcc/arm-none-eabi/6.3.1/../../../../arm-none-eabi/lib/thumb/v7e-m\libc.a(lib_a-freer.o)
                0x000049dc                _free_r
 .text.__ascii_mbtowc
                0x00004ba8       0x2c c:/program files (x86)/atmel/studio/7.0/toolchain/arm/arm-gnu-toolchain/bin/../lib/gcc/arm-none-eabi/6.3.1/../../../../arm-none-eabi/lib/thumb/v7e-m\libc.a(lib_a-mbtowc_r.o)
                0x00004ba8                __ascii_mbtowc
 .text.memmove  0x00004bd4       0xc8 c:/program files (x86)/atmel/studio/7.0/toolchain/arm/arm-gnu-toolchain/bin/../lib/gcc/arm-none-eabi/6.3.1/../../../../arm-none-eabi/lib/thumb/v7e-m\libc.a(lib_a-memmove.o)
                0x00004bd4                memmove
 .text._realloc_r
                0x00004c9c      0x34c c:/program files (x86)/atmel/studio/7.0/toolchain/arm/arm-gnu-toolchain/bin/../lib/gcc/arm-none-eabi/6.3.1/../../../../arm-none-eabi/lib/thumb/v7e-m\libc.a(lib_a-reallocr.o)
                0x00004c9c                _realloc_r
 .text.__ascii_wctomb
                0x00004fe8       0x1c c:/program files (x86)/atmel/studio/7.0/toolchain/arm/arm-gnu-toolchain/bin/../lib/gcc/arm-none-eabi/6.3.1/../../../../arm-none-eabi/lib/thumb/v7e-m\libc.a(lib_a-wctomb_r.o)
                0x00004fe8                __ascii_wctomb
 .text          0x00005004      0x370 c:/program files (x86)/atmel/studio/7.0/toolchain/arm/arm-gnu-toolchain/bin/../lib/gcc/arm-none-eabi/6.3.1/thumb/v7e-m\libgcc.a(_arm_addsubdf3.o)
                0x00005004                __aeabi_drsub
                0x0000500c                __aeabi_dsub
                0x0000500c                __subdf3
                0x00005010                __aeabi_dadd
                0x00005010                __adddf3
                0x00005288                __floatunsidf
                0x00005288                __aeabi_ui2d
                0x000052a8                __floatsidf
                0x000052a8                __aeabi_i2d
                0x000052cc                __aeabi_f2d
                0x000052cc                __extendsfdf2
                0x00005308                __floatundidf
                0x00005308                __aeabi_ul2d
                0x00005318                __floatdidf
                0x00005318                __aeabi_l2d
 .text          0x00005374      0x424 c:/program files (x86)/atmel/studio/7.0/toolchain/arm/arm-gnu-toolchain/bin/../lib/gcc/arm-none-eabi/6.3.1/thumb/v7e-m\libgcc.a(_arm_muldivdf3.o)
                0x00005374                __aeabi_dmul
                0x00005374                __muldf3
                0x000055c8                __divdf3
                0x000055c8                __aeabi_ddiv
 .text          0x00005798      0x110 c:/program files (x86)/atmel/studio/7.0/toolchain/arm/arm-gnu-toolchain/bin/../lib/gcc/arm-none-eabi/6.3.1/thumb/v7e-m\libgcc.a(_arm_cmpdf2.o)
                0x00005798                __gtdf2
                0x00005798                __gedf2
                0x000057a0                __ltdf2
                0x000057a0                __ledf2
                0x000057a8                __nedf2
                0x000057a8                __eqdf2
                0x000057a8                __cmpdf2
                0x00005824                __aeabi_cdrcmple
                0x00005834                __aeabi_cdcmpeq
                0x00005834                __aeabi_cdcmple
                0x00005844                __aeabi_dcmpeq
                0x00005858                __aeabi_dcmplt
                0x0000586c                __aeabi_dcmple
                0x00005880                __aeabi_dcmpge
                0x00005894                __aeabi_dcmpgt
 .text          0x000058a8       0x2c c:/program files (x86)/atmel/studio/7.0/toolchain/arm/arm-gnu-toolchain/bin/../lib/gcc/arm-none-eabi/6.3.1/thumb/v7e-m\libgcc.a(_arm_unorddf2.o)
                0x000058a8                __unorddf2
                0x000058a8                __aeabi_dcmpun
 .text          0x000058d4       0x50 c:/program files (x86)/atmel/studio/7.0/toolchain/arm/arm-gnu-toolchain/bin/../lib/gcc/arm-none-eabi/6.3.1/thumb/v7e-m\libgcc.a(_arm_fixdfsi.o)
                0x000058d4                __aeabi_d2iz
                0x000058d4                __fixdfsi
 .text          0x00005924       0x30 c:/program files (x86)/atmel/studio/7.0/toolchain/arm/arm-gnu-toolchain/bin/../lib/gcc/arm-none-eabi/6.3.1/thumb/v7e-m\libgcc.a(_aeabi_uldivmod.o)
                0x00005924                __aeabi_uldivmod
 .text          0x00005954      0x2dc c:/program files (x86)/atmel/studio/7.0/toolchain/arm/arm-gnu-toolchain/bin/../lib/gcc/arm-none-eabi/6.3.1/thumb/v7e-m\libgcc.a(_udivmoddi4.o)
                0x00005954                __udivmoddi4
 .text          0x00005c30        0x4 c:/program files (x86)/atmel/studio/7.0/toolchain/arm/arm-gnu-toolchain/bin/../lib/gcc/arm-none-eabi/6.3.1/thumb/v7e-m\libgcc.a(_dvmd_tls.o)
                0x00005c30                __aeabi_idiv0
                0x00005c30                __aeabi_ldiv0
 *(.glue_7t)
 .glue_7t       0x00005c34        0x0 linker stubs
 *(.glue_7)
 .glue_7        0x00005c34        0x0 linker stubs
 *(.rodata .rodata* .gnu.linkonce.r.*)
 .rodata.USART0_Handler.str1.4
                0x00005c34        0x3 src/main.o
 *fill*         0x00005c37        0x1 
 .rodata.main.str1.4
                0x00005c38       0xc9 src/main.o
 *fill*         0x00005d01        0x3 
 .rodata._global_impure_ptr
                0x00005d04        0x4 c:/program files (x86)/atmel/studio/7.0/toolchain/arm/arm-gnu-toolchain/bin/../lib/gcc/arm-none-eabi/6.3.1/../../../../arm-none-eabi/lib/thumb/v7e-m\libc.a(lib_a-impure.o)
                0x00005d04                _global_impure_ptr
 .rodata._svfprintf_r.str1.4
                0x00005d08       0x42 c:/program files (x86)/atmel/studio/7.0/toolchain/arm/arm-gnu-toolchain/bin/../lib/gcc/arm-none-eabi/6.3.1/../../../../arm-none-eabi/lib/thumb/v7e-m\libc.a(lib_a-svfprintf.o)
 *fill*         0x00005d4a        0x2 
 .rodata.blanks.7223
                0x00005d4c       0x10 c:/program files (x86)/atmel/studio/7.0/toolchain/arm/arm-gnu-toolchain/bin/../lib/gcc/arm-none-eabi/6.3.1/../../../../arm-none-eabi/lib/thumb/v7e-m\libc.a(lib_a-svfprintf.o)
 .rodata.zeroes.7224
                0x00005d5c       0x10 c:/program files (x86)/atmel/studio/7.0/toolchain/arm/arm-gnu-toolchain/bin/../lib/gcc/arm-none-eabi/6.3.1/../../../../arm-none-eabi/lib/thumb/v7e-m\libc.a(lib_a-svfprintf.o)
 .rodata._dtoa_r.str1.4
                0x00005d6c       0x10 c:/program files (x86)/atmel/studio/7.0/toolchain/arm/arm-gnu-toolchain/bin/../lib/gcc/arm-none-eabi/6.3.1/../../../../arm-none-eabi/lib/thumb/v7e-m\libc.a(lib_a-dtoa.o)
                                 0x12 (size before relaxing)
 *fill*         0x00005d7c        0x4 
 .rodata.__mprec_bigtens
                0x00005d80       0x28 c:/program files (x86)/atmel/studio/7.0/toolchain/arm/arm-gnu-toolchain/bin/../lib/gcc/arm-none-eabi/6.3.1/../../../../arm-none-eabi/lib/thumb/v7e-m\libc.a(lib_a-mprec.o)
                0x00005d80                __mprec_bigtens
 .rodata.__mprec_tens
                0x00005da8       0xc8 c:/program files (x86)/atmel/studio/7.0/toolchain/arm/arm-gnu-toolchain/bin/../lib/gcc/arm-none-eabi/6.3.1/../../../../arm-none-eabi/lib/thumb/v7e-m\libc.a(lib_a-mprec.o)
                0x00005da8                __mprec_tens
 .rodata.p05.6055
                0x00005e70        0xc c:/program files (x86)/atmel/studio/7.0/toolchain/arm/arm-gnu-toolchain/bin/../lib/gcc/arm-none-eabi/6.3.1/../../../../arm-none-eabi/lib/thumb/v7e-m\libc.a(lib_a-mprec.o)
 .rodata._setlocale_r.str1.4
                0x00005e7c        0xa c:/program files (x86)/atmel/studio/7.0/toolchain/arm/arm-gnu-toolchain/bin/../lib/gcc/arm-none-eabi/6.3.1/../../../../arm-none-eabi/lib/thumb/v7e-m\libc.a(lib_a-locale.o)
                                  0xd (size before relaxing)
 *fill*         0x00005e86        0x2 
 .rodata.str1.4
                0x00005e88        0x4 c:/program files (x86)/atmel/studio/7.0/toolchain/arm/arm-gnu-toolchain/bin/../lib/gcc/arm-none-eabi/6.3.1/../../../../arm-none-eabi/lib/thumb/v7e-m\libc.a(lib_a-locale.o)
                                  0x2 (size before relaxing)
 .rodata._ctype_
                0x00005e8c      0x101 c:/program files (x86)/atmel/studio/7.0/toolchain/arm/arm-gnu-toolchain/bin/../lib/gcc/arm-none-eabi/6.3.1/../../../../arm-none-eabi/lib/thumb/v7e-m\libc.a(lib_a-ctype_.o)
                0x00005e8c                _ctype_
 *(.ARM.extab* .gnu.linkonce.armextab.*)
                0x00005f90                . = ALIGN (0x4)
 *fill*         0x00005f8d        0x3 
 *(.init)
 .init          0x00005f90        0x4 c:/program files (x86)/atmel/studio/7.0/toolchain/arm/arm-gnu-toolchain/bin/../lib/gcc/arm-none-eabi/6.3.1/thumb/v7e-m/crti.o
                0x00005f90                _init
 .init          0x00005f94        0x8 c:/program files (x86)/atmel/studio/7.0/toolchain/arm/arm-gnu-toolchain/bin/../lib/gcc/arm-none-eabi/6.3.1/thumb/v7e-m/crtn.o
                0x00005f9c                . = ALIGN (0x4)
                0x00005f9c                __preinit_array_start = .
 *(.preinit_array)
                0x00005f9c                __preinit_array_end = .
                0x00005f9c                . = ALIGN (0x4)
                0x00005f9c                __init_array_start = .
 *(SORT(.init_array.*))
 .init_array.00000
                0x00005f9c        0x4 c:/program files (x86)/atmel/studio/7.0/toolchain/arm/arm-gnu-toolchain/bin/../lib/gcc/arm-none-eabi/6.3.1/../../../../arm-none-eabi/lib/thumb/v7e-m\libc.a(lib_a-__call_atexit.o)
 *(.init_array)
 .init_array    0x00005fa0        0x4 c:/program files (x86)/atmel/studio/7.0/toolchain/arm/arm-gnu-toolchain/bin/../lib/gcc/arm-none-eabi/6.3.1/thumb/v7e-m/crtbegin.o
                0x00005fa4                __init_array_end = .
                0x00005fa4                . = ALIGN (0x4)
 *crtbegin.o(.ctors)
 *(EXCLUDE_FILE(*crtend.o) .ctors)
 *(SORT(.ctors.*))
 *crtend.o(.ctors)
                0x00005fa4                . = ALIGN (0x4)
 *(.fini)
 .fini          0x00005fa4        0x4 c:/program files (x86)/atmel/studio/7.0/toolchain/arm/arm-gnu-toolchain/bin/../lib/gcc/arm-none-eabi/6.3.1/thumb/v7e-m/crti.o
                0x00005fa4                _fini
 .fini          0x00005fa8        0x8 c:/program files (x86)/atmel/studio/7.0/toolchain/arm/arm-gnu-toolchain/bin/../lib/gcc/arm-none-eabi/6.3.1/thumb/v7e-m/crtn.o
                0x00005fb0                . = ALIGN (0x4)
                0x00005fb0                __fini_array_start = .
 *(.fini_array)
 .fini_array    0x00005fb0        0x4 c:/program files (x86)/atmel/studio/7.0/toolchain/arm/arm-gnu-toolchain/bin/../lib/gcc/arm-none-eabi/6.3.1/thumb/v7e-m/crtbegin.o
 *(SORT(.fini_array.*))
                0x00005fb4                __fini_array_end = .
 *crtbegin.o(.dtors)
 *(EXCLUDE_FILE(*crtend.o) .dtors)
 *(SORT(.dtors.*))
 *crtend.o(.dtors)
                0x00005fb4                . = ALIGN (0x4)
                0x00005fb4                _efixed = .
                [!provide]                PROVIDE (__exidx_start, .)

.vfp11_veneer   0x00005fb4        0x0
 .vfp11_veneer  0x00005fb4        0x0 linker stubs

.v4_bx          0x00005fb4        0x0
 .v4_bx         0x00005fb4        0x0 linker stubs

.iplt           0x00005fb4        0x0
 .iplt          0x00005fb4        0x0 c:/program files (x86)/atmel/studio/7.0/toolchain/arm/arm-gnu-toolchain/bin/../lib/gcc/arm-none-eabi/6.3.1/thumb/v7e-m/crtbegin.o

.ARM.exidx      0x00005fb4        0x8
 *(.ARM.exidx* .gnu.linkonce.armexidx.*)
 .ARM.exidx     0x00005fb4        0x8 c:/program files (x86)/atmel/studio/7.0/toolchain/arm/arm-gnu-toolchain/bin/../lib/gcc/arm-none-eabi/6.3.1/thumb/v7e-m\libgcc.a(_udivmoddi4.o)
                [!provide]                PROVIDE (__exidx_end, .)

.eh_frame       0x00005fbc        0x0
 .eh_frame      0x00005fbc        0x0 c:/program files (x86)/atmel/studio/7.0/toolchain/arm/arm-gnu-toolchain/bin/../lib/gcc/arm-none-eabi/6.3.1/thumb/v7e-m/crtbegin.o

.rel.dyn        0x00005fbc        0x0
 .rel.iplt      0x00005fbc        0x0 c:/program files (x86)/atmel/studio/7.0/toolchain/arm/arm-gnu-toolchain/bin/../lib/gcc/arm-none-eabi/6.3.1/thumb/v7e-m/crtbegin.o

.jcr            0x00005fbc        0x0
 .jcr           0x00005fbc        0x0 c:/program files (x86)/atmel/studio/7.0/toolchain/arm/arm-gnu-toolchain/bin/../lib/gcc/arm-none-eabi/6.3.1/thumb/v7e-m/crtbegin.o

.igot.plt       0x00005fbc        0x0
 .igot.plt      0x00005fbc        0x0 c:/program files (x86)/atmel/studio/7.0/toolchain/arm/arm-gnu-toolchain/bin/../lib/gcc/arm-none-eabi/6.3.1/thumb/v7e-m/crtbegin.o
                0x00005fbc                . = ALIGN (0x4)
                0x00005fbc                _etext = .

.relocate       0x20000000      0x9f0 load address 0x00005fbc
                0x20000000                . = ALIGN (0x4)
                0x20000000                _srelocate = .
 *(.ramfunc .ramfunc.*)
 .ramfunc       0x20000000        0xa src/ASF/common/services/delay/sam/cycle_counter.o
                0x20000000                portable_delay_cycles
 *fill*         0x2000000a        0x2 
 .ramfunc       0x2000000c       0x2c src/ASF/sam/drivers/bpm/bpm.o
                0x2000000c                bpm_ps_no_halt_exec
 *(.data .data.*)
 .data.flashcalw_wait_until_ready
                0x20000038        0x4 src/ASF/sam/drivers/flashcalw/flashcalw.o
                0x20000038                flashcalw_wait_until_ready
 .data.g_interrupt_enabled
                0x2000003c        0x1 src/ASF/common/utils/interrupt/interrupt_sam_nvic.o
                0x2000003c                g_interrupt_enabled
 *fill*         0x2000003d        0x3 
 .data._impure_ptr
                0x20000040        0x4 c:/program files (x86)/atmel/studio/7.0/toolchain/arm/arm-gnu-toolchain/bin/../lib/gcc/arm-none-eabi/6.3.1/../../../../arm-none-eabi/lib/thumb/v7e-m\libc.a(lib_a-impure.o)
                0x20000040                _impure_ptr
 *fill*         0x20000044        0x4 
 .data.impure_data
                0x20000048      0x428 c:/program files (x86)/atmel/studio/7.0/toolchain/arm/arm-gnu-toolchain/bin/../lib/gcc/arm-none-eabi/6.3.1/../../../../arm-none-eabi/lib/thumb/v7e-m\libc.a(lib_a-impure.o)
 .data.__atexit_recursive_mutex
                0x20000470        0x4 c:/program files (x86)/atmel/studio/7.0/toolchain/arm/arm-gnu-toolchain/bin/../lib/gcc/arm-none-eabi/6.3.1/../../../../arm-none-eabi/lib/thumb/v7e-m\libc.a(lib_a-__call_atexit.o)
                0x20000470                __atexit_recursive_mutex
 .data.__malloc_av_
                0x20000474      0x408 c:/program files (x86)/atmel/studio/7.0/toolchain/arm/arm-gnu-toolchain/bin/../lib/gcc/arm-none-eabi/6.3.1/../../../../arm-none-eabi/lib/thumb/v7e-m\libc.a(lib_a-mallocr.o)
                0x20000474                __malloc_av_
 .data.__malloc_sbrk_base
                0x2000087c        0x4 c:/program files (x86)/atmel/studio/7.0/toolchain/arm/arm-gnu-toolchain/bin/../lib/gcc/arm-none-eabi/6.3.1/../../../../arm-none-eabi/lib/thumb/v7e-m\libc.a(lib_a-mallocr.o)
                0x2000087c                __malloc_sbrk_base
 .data.__malloc_trim_threshold
                0x20000880        0x4 c:/program files (x86)/atmel/studio/7.0/toolchain/arm/arm-gnu-toolchain/bin/../lib/gcc/arm-none-eabi/6.3.1/../../../../arm-none-eabi/lib/thumb/v7e-m\libc.a(lib_a-mallocr.o)
                0x20000880                __malloc_trim_threshold
 .data.__global_locale
                0x20000884      0x16c c:/program files (x86)/atmel/studio/7.0/toolchain/arm/arm-gnu-toolchain/bin/../lib/gcc/arm-none-eabi/6.3.1/../../../../arm-none-eabi/lib/thumb/v7e-m\libc.a(lib_a-locale.o)
                0x20000884                __global_locale
                0x200009f0                . = ALIGN (0x4)
                0x200009f0                _erelocate = .

.bss            0x200009f0       0xbc load address 0x000069ac
                0x200009f0                . = ALIGN (0x4)
                0x200009f0                _sbss = .
                0x200009f0                _szero = .
 *(.bss .bss.*)
 .bss           0x200009f0       0x1c c:/program files (x86)/atmel/studio/7.0/toolchain/arm/arm-gnu-toolchain/bin/../lib/gcc/arm-none-eabi/6.3.1/thumb/v7e-m/crtbegin.o
 .bss.ul_reg_val.8108
                0x20000a0c        0x4 src/ASF/sam/drivers/usart/usart.o
 .bss.flashcalw_error_status
                0x20000a10        0x4 src/ASF/sam/drivers/flashcalw/flashcalw.o
 .bss.gpio_int_sources
                0x20000a14       0x30 src/ASF/sam/drivers/gpio/gpio.o
 .bss.gpio_nb_sources
                0x20000a44        0x4 src/ASF/sam/drivers/gpio/gpio.o
 .bss.heap.5297
                0x20000a48        0x4 src/ASF/sam/utils/syscalls/gcc/syscalls.o
 .bss.sara_functional_state
                0x20000a4c        0x1 src/main.o
                0x20000a4c                sara_functional_state
 *fill*         0x20000a4d        0x3 
 .bss.__malloc_current_mallinfo
                0x20000a50       0x28 c:/program files (x86)/atmel/studio/7.0/toolchain/arm/arm-gnu-toolchain/bin/../lib/gcc/arm-none-eabi/6.3.1/../../../../arm-none-eabi/lib/thumb/v7e-m\libc.a(lib_a-mallocr.o)
                0x20000a50                __malloc_current_mallinfo
 .bss.__malloc_max_sbrked_mem
                0x20000a78        0x4 c:/program files (x86)/atmel/studio/7.0/toolchain/arm/arm-gnu-toolchain/bin/../lib/gcc/arm-none-eabi/6.3.1/../../../../arm-none-eabi/lib/thumb/v7e-m\libc.a(lib_a-mallocr.o)
                0x20000a78                __malloc_max_sbrked_mem
 .bss.__malloc_max_total_mem
                0x20000a7c        0x4 c:/program files (x86)/atmel/studio/7.0/toolchain/arm/arm-gnu-toolchain/bin/../lib/gcc/arm-none-eabi/6.3.1/../../../../arm-none-eabi/lib/thumb/v7e-m\libc.a(lib_a-mallocr.o)
                0x20000a7c                __malloc_max_total_mem
 .bss.__malloc_top_pad
                0x20000a80        0x4 c:/program files (x86)/atmel/studio/7.0/toolchain/arm/arm-gnu-toolchain/bin/../lib/gcc/arm-none-eabi/6.3.1/../../../../arm-none-eabi/lib/thumb/v7e-m\libc.a(lib_a-mallocr.o)
                0x20000a80                __malloc_top_pad
 *(COMMON)
 COMMON         0x20000a84       0x21 c:/program files (x86)/atmel/studio/7.0/toolchain/arm/arm-gnu-toolchain/bin/../lib/gcc/arm-none-eabi/6.3.1/../../../../arm-none-eabi/lib/thumb/v7e-m\libc.a(lib_a-lock.o)
                0x20000a84                __lock___atexit_recursive_mutex
                0x20000a88                __lock___arc4random_mutex
                0x20000a8c                __lock___env_recursive_mutex
                0x20000a90                __lock___sinit_recursive_mutex
                0x20000a94                __lock___malloc_recursive_mutex
                0x20000a98                __lock___at_quick_exit_mutex
                0x20000a9c                __lock___dd_hash_mutex
                0x20000aa0                __lock___tz_mutex
                0x20000aa4                __lock___sfp_recursive_mutex
 *fill*         0x20000aa5        0x3 
 COMMON         0x20000aa8        0x4 c:/program files (x86)/atmel/studio/7.0/toolchain/arm/arm-gnu-toolchain/bin/../lib/gcc/arm-none-eabi/6.3.1/../../../../arm-none-eabi/lib/thumb/v7e-m\libc.a(lib_a-reent.o)
                0x20000aa8                errno
                0x20000aac                . = ALIGN (0x4)
                0x20000aac                _ebss = .
                0x20000aac                _ezero = .

.stack          0x20000aac     0x1004 load address 0x00006a68
                0x20000ab0                . = ALIGN (0x8)
 *fill*         0x20000aac        0x4 
                0x20000ab0                _sstack = .
                0x20001ab0                . = (. + __stack_size__)
 *fill*         0x20000ab0     0x1000 
                0x20001ab0                . = ALIGN (0x8)
                0x20001ab0                _estack = .
                0x20001ab0                . = ALIGN (0x4)
                0x20001ab0                _end = .
OUTPUT(BaseProject.elf elf32-littlearm)

.ARM.attributes
                0x00000000       0x2a
 .ARM.attributes
                0x00000000       0x1e c:/program files (x86)/atmel/studio/7.0/toolchain/arm/arm-gnu-toolchain/bin/../lib/gcc/arm-none-eabi/6.3.1/thumb/v7e-m/crti.o
 .ARM.attributes
                0x0000001e       0x2e c:/program files (x86)/atmel/studio/7.0/toolchain/arm/arm-gnu-toolchain/bin/../lib/gcc/arm-none-eabi/6.3.1/thumb/v7e-m/crtbegin.o
 .ARM.attributes
                0x0000004c       0x33 src/ASF/sam/drivers/usart/usart.o
 .ARM.attributes
                0x0000007f       0x33 src/ASF/common/services/serial/usart_serial.o
 .ARM.attributes
                0x000000b2       0x33 src/ASF/common/services/delay/sam/cycle_counter.o
 .ARM.attributes
                0x000000e5       0x33 src/ASF/common/services/clock/sam4l/osc.o
 .ARM.attributes
                0x00000118       0x33 src/ASF/common/services/clock/sam4l/sysclk.o
 .ARM.attributes
                0x0000014b       0x33 src/ASF/sam/drivers/bpm/bpm.o
 .ARM.attributes
                0x0000017e       0x33 src/ASF/sam/drivers/flashcalw/flashcalw.o
 .ARM.attributes
                0x000001b1       0x33 src/ASF/sam/drivers/gpio/gpio.o
 .ARM.attributes
                0x000001e4       0x33 src/ASF/common/boards/user_board/init.o
 .ARM.attributes
                0x00000217       0x33 src/ASF/common/utils/interrupt/interrupt_sam_nvic.o
 .ARM.attributes
                0x0000024a       0x33 src/ASF/sam/utils/cmsis/sam4l/source/templates/exceptions.o
 .ARM.attributes
                0x0000027d       0x33 src/ASF/sam/utils/cmsis/sam4l/source/templates/gcc/startup_sam4l.o
 .ARM.attributes
                0x000002b0       0x33 src/ASF/sam/utils/syscalls/gcc/syscalls.o
 .ARM.attributes
                0x000002e3       0x33 src/main.o
 .ARM.attributes
                0x00000316       0x2e c:/program files (x86)/atmel/studio/7.0/toolchain/arm/arm-gnu-toolchain/bin/../lib/gcc/arm-none-eabi/6.3.1/../../../../arm-none-eabi/lib/thumb/v7e-m\libc.a(lib_a-impure.o)
 .ARM.attributes
                0x00000344       0x2e c:/program files (x86)/atmel/studio/7.0/toolchain/arm/arm-gnu-toolchain/bin/../lib/gcc/arm-none-eabi/6.3.1/../../../../arm-none-eabi/lib/thumb/v7e-m\libc.a(lib_a-init.o)
 .ARM.attributes
                0x00000372       0x2e c:/program files (x86)/atmel/studio/7.0/toolchain/arm/arm-gnu-toolchain/bin/../lib/gcc/arm-none-eabi/6.3.1/../../../../arm-none-eabi/lib/thumb/v7e-m\libc.a(lib_a-memset.o)
 .ARM.attributes
                0x000003a0       0x2e c:/program files (x86)/atmel/studio/7.0/toolchain/arm/arm-gnu-toolchain/bin/../lib/gcc/arm-none-eabi/6.3.1/../../../../arm-none-eabi/lib/thumb/v7e-m\libc.a(lib_a-sprintf.o)
 .ARM.attributes
                0x000003ce       0x2e c:/program files (x86)/atmel/studio/7.0/toolchain/arm/arm-gnu-toolchain/bin/../lib/gcc/arm-none-eabi/6.3.1/../../../../arm-none-eabi/lib/thumb/v7e-m\libc.a(lib_a-svfprintf.o)
 .ARM.attributes
                0x000003fc       0x2e c:/program files (x86)/atmel/studio/7.0/toolchain/arm/arm-gnu-toolchain/bin/../lib/gcc/arm-none-eabi/6.3.1/../../../../arm-none-eabi/lib/thumb/v7e-m\libc.a(lib_a-__call_atexit.o)
 .ARM.attributes
                0x0000042a       0x2e c:/program files (x86)/atmel/studio/7.0/toolchain/arm/arm-gnu-toolchain/bin/../lib/gcc/arm-none-eabi/6.3.1/../../../../arm-none-eabi/lib/thumb/v7e-m\libc.a(lib_a-atexit.o)
 .ARM.attributes
                0x00000458       0x2e c:/program files (x86)/atmel/studio/7.0/toolchain/arm/arm-gnu-toolchain/bin/../lib/gcc/arm-none-eabi/6.3.1/../../../../arm-none-eabi/lib/thumb/v7e-m\libc.a(lib_a-dtoa.o)
 .ARM.attributes
                0x00000486       0x2e c:/program files (x86)/atmel/studio/7.0/toolchain/arm/arm-gnu-toolchain/bin/../lib/gcc/arm-none-eabi/6.3.1/../../../../arm-none-eabi/lib/thumb/v7e-m\libc.a(lib_a-fini.o)
 .ARM.attributes
                0x000004b4       0x2e c:/program files (x86)/atmel/studio/7.0/toolchain/arm/arm-gnu-toolchain/bin/../lib/gcc/arm-none-eabi/6.3.1/../../../../arm-none-eabi/lib/thumb/v7e-m\libc.a(lib_a-localeconv.o)
 .ARM.attributes
                0x000004e2       0x2e c:/program files (x86)/atmel/studio/7.0/toolchain/arm/arm-gnu-toolchain/bin/../lib/gcc/arm-none-eabi/6.3.1/../../../../arm-none-eabi/lib/thumb/v7e-m\libc.a(lib_a-lock.o)
 .ARM.attributes
                0x00000510       0x2e c:/program files (x86)/atmel/studio/7.0/toolchain/arm/arm-gnu-toolchain/bin/../lib/gcc/arm-none-eabi/6.3.1/../../../../arm-none-eabi/lib/thumb/v7e-m\libc.a(lib_a-mallocr.o)
 .ARM.attributes
                0x0000053e       0x1c c:/program files (x86)/atmel/studio/7.0/toolchain/arm/arm-gnu-toolchain/bin/../lib/gcc/arm-none-eabi/6.3.1/../../../../arm-none-eabi/lib/thumb/v7e-m\libc.a(lib_a-memchr.o)
 .ARM.attributes
                0x0000055a       0x1c c:/program files (x86)/atmel/studio/7.0/toolchain/arm/arm-gnu-toolchain/bin/../lib/gcc/arm-none-eabi/6.3.1/../../../../arm-none-eabi/lib/thumb/v7e-m\libc.a(lib_a-memcpy.o)
 .ARM.attributes
                0x00000576       0x2e c:/program files (x86)/atmel/studio/7.0/toolchain/arm/arm-gnu-toolchain/bin/../lib/gcc/arm-none-eabi/6.3.1/../../../../arm-none-eabi/lib/thumb/v7e-m\libc.a(lib_a-mlock.o)
 .ARM.attributes
                0x000005a4       0x2e c:/program files (x86)/atmel/studio/7.0/toolchain/arm/arm-gnu-toolchain/bin/../lib/gcc/arm-none-eabi/6.3.1/../../../../arm-none-eabi/lib/thumb/v7e-m\libc.a(lib_a-mprec.o)
 .ARM.attributes
                0x000005d2       0x2e c:/program files (x86)/atmel/studio/7.0/toolchain/arm/arm-gnu-toolchain/bin/../lib/gcc/arm-none-eabi/6.3.1/../../../../arm-none-eabi/lib/thumb/v7e-m\libc.a(lib_a-sbrkr.o)
 .ARM.attributes
                0x00000600       0x1c c:/program files (x86)/atmel/studio/7.0/toolchain/arm/arm-gnu-toolchain/bin/../lib/gcc/arm-none-eabi/6.3.1/../../../../arm-none-eabi/lib/thumb/v7e-m\libc.a(lib_a-strlen.o)
 .ARM.attributes
                0x0000061c       0x2e c:/program files (x86)/atmel/studio/7.0/toolchain/arm/arm-gnu-toolchain/bin/../lib/gcc/arm-none-eabi/6.3.1/../../../../arm-none-eabi/lib/thumb/v7e-m\libc.a(lib_a-svfiprintf.o)
 .ARM.attributes
                0x0000064a       0x2e c:/program files (x86)/atmel/studio/7.0/toolchain/arm/arm-gnu-toolchain/bin/../lib/gcc/arm-none-eabi/6.3.1/../../../../arm-none-eabi/lib/thumb/v7e-m\libc.a(lib_a-__atexit.o)
 .ARM.attributes
                0x00000678       0x2e c:/program files (x86)/atmel/studio/7.0/toolchain/arm/arm-gnu-toolchain/bin/../lib/gcc/arm-none-eabi/6.3.1/../../../../arm-none-eabi/lib/thumb/v7e-m\libc.a(lib_a-callocr.o)
 .ARM.attributes
                0x000006a6       0x2e c:/program files (x86)/atmel/studio/7.0/toolchain/arm/arm-gnu-toolchain/bin/../lib/gcc/arm-none-eabi/6.3.1/../../../../arm-none-eabi/lib/thumb/v7e-m\libc.a(lib_a-freer.o)
 .ARM.attributes
                0x000006d4       0x2e c:/program files (x86)/atmel/studio/7.0/toolchain/arm/arm-gnu-toolchain/bin/../lib/gcc/arm-none-eabi/6.3.1/../../../../arm-none-eabi/lib/thumb/v7e-m\libc.a(lib_a-locale.o)
 .ARM.attributes
                0x00000702       0x2e c:/program files (x86)/atmel/studio/7.0/toolchain/arm/arm-gnu-toolchain/bin/../lib/gcc/arm-none-eabi/6.3.1/../../../../arm-none-eabi/lib/thumb/v7e-m\libc.a(lib_a-mbtowc_r.o)
 .ARM.attributes
                0x00000730       0x2e c:/program files (x86)/atmel/studio/7.0/toolchain/arm/arm-gnu-toolchain/bin/../lib/gcc/arm-none-eabi/6.3.1/../../../../arm-none-eabi/lib/thumb/v7e-m\libc.a(lib_a-memmove.o)
 .ARM.attributes
                0x0000075e       0x2e c:/program files (x86)/atmel/studio/7.0/toolchain/arm/arm-gnu-toolchain/bin/../lib/gcc/arm-none-eabi/6.3.1/../../../../arm-none-eabi/lib/thumb/v7e-m\libc.a(lib_a-reallocr.o)
 .ARM.attributes
                0x0000078c       0x2e c:/program files (x86)/atmel/studio/7.0/toolchain/arm/arm-gnu-toolchain/bin/../lib/gcc/arm-none-eabi/6.3.1/../../../../arm-none-eabi/lib/thumb/v7e-m\libc.a(lib_a-reent.o)
 .ARM.attributes
                0x000007ba       0x2e c:/program files (x86)/atmel/studio/7.0/toolchain/arm/arm-gnu-toolchain/bin/../lib/gcc/arm-none-eabi/6.3.1/../../../../arm-none-eabi/lib/thumb/v7e-m\libc.a(lib_a-wctomb_r.o)
 .ARM.attributes
                0x000007e8       0x2e c:/program files (x86)/atmel/studio/7.0/toolchain/arm/arm-gnu-toolchain/bin/../lib/gcc/arm-none-eabi/6.3.1/../../../../arm-none-eabi/lib/thumb/v7e-m\libc.a(lib_a-ctype_.o)
 .ARM.attributes
                0x00000816       0x1e c:/program files (x86)/atmel/studio/7.0/toolchain/arm/arm-gnu-toolchain/bin/../lib/gcc/arm-none-eabi/6.3.1/thumb/v7e-m\libgcc.a(_arm_addsubdf3.o)
 .ARM.attributes
                0x00000834       0x1e c:/program files (x86)/atmel/studio/7.0/toolchain/arm/arm-gnu-toolchain/bin/../lib/gcc/arm-none-eabi/6.3.1/thumb/v7e-m\libgcc.a(_arm_muldivdf3.o)
 .ARM.attributes
                0x00000852       0x1e c:/program files (x86)/atmel/studio/7.0/toolchain/arm/arm-gnu-toolchain/bin/../lib/gcc/arm-none-eabi/6.3.1/thumb/v7e-m\libgcc.a(_arm_cmpdf2.o)
 .ARM.attributes
                0x00000870       0x1e c:/program files (x86)/atmel/studio/7.0/toolchain/arm/arm-gnu-toolchain/bin/../lib/gcc/arm-none-eabi/6.3.1/thumb/v7e-m\libgcc.a(_arm_unorddf2.o)
 .ARM.attributes
                0x0000088e       0x1e c:/program files (x86)/atmel/studio/7.0/toolchain/arm/arm-gnu-toolchain/bin/../lib/gcc/arm-none-eabi/6.3.1/thumb/v7e-m\libgcc.a(_arm_fixdfsi.o)
 .ARM.attributes
                0x000008ac       0x1e c:/program files (x86)/atmel/studio/7.0/toolchain/arm/arm-gnu-toolchain/bin/../lib/gcc/arm-none-eabi/6.3.1/thumb/v7e-m\libgcc.a(_aeabi_uldivmod.o)
 .ARM.attributes
                0x000008ca       0x2e c:/program files (x86)/atmel/studio/7.0/toolchain/arm/arm-gnu-toolchain/bin/../lib/gcc/arm-none-eabi/6.3.1/thumb/v7e-m\libgcc.a(_udivmoddi4.o)
 .ARM.attributes
                0x000008f8       0x1e c:/program files (x86)/atmel/studio/7.0/toolchain/arm/arm-gnu-toolchain/bin/../lib/gcc/arm-none-eabi/6.3.1/thumb/v7e-m\libgcc.a(_dvmd_tls.o)
 .ARM.attributes
                0x00000916       0x1e c:/program files (x86)/atmel/studio/7.0/toolchain/arm/arm-gnu-toolchain/bin/../lib/gcc/arm-none-eabi/6.3.1/thumb/v7e-m/crtn.o

.comment        0x00000000       0x59
 .comment       0x00000000       0x59 src/ASF/sam/drivers/usart/usart.o
                                 0x5a (size before relaxing)
 .comment       0x00000059       0x5a src/ASF/common/services/serial/usart_serial.o
 .comment       0x00000059       0x5a src/ASF/common/services/delay/sam/cycle_counter.o
 .comment       0x00000059       0x5a src/ASF/common/services/clock/sam4l/osc.o
 .comment       0x00000059       0x5a src/ASF/common/services/clock/sam4l/sysclk.o
 .comment       0x00000059       0x5a src/ASF/sam/drivers/bpm/bpm.o
 .comment       0x00000059       0x5a src/ASF/sam/drivers/flashcalw/flashcalw.o
 .comment       0x00000059       0x5a src/ASF/sam/drivers/gpio/gpio.o
 .comment       0x00000059       0x5a src/ASF/common/boards/user_board/init.o
 .comment       0x00000059       0x5a src/ASF/common/utils/interrupt/interrupt_sam_nvic.o
 .comment       0x00000059       0x5a src/ASF/sam/utils/cmsis/sam4l/source/templates/exceptions.o
 .comment       0x00000059       0x5a src/ASF/sam/utils/cmsis/sam4l/source/templates/gcc/startup_sam4l.o
 .comment       0x00000059       0x5a src/ASF/sam/utils/syscalls/gcc/syscalls.o
 .comment       0x00000059       0x5a src/main.o

.debug_info     0x00000000    0x132d6
 .debug_info    0x00000000     0x2406 src/ASF/sam/drivers/usart/usart.o
 .debug_info    0x00002406      0xf5b src/ASF/common/services/serial/usart_serial.o
 .debug_info    0x00003361      0xa45 src/ASF/common/services/delay/sam/cycle_counter.o
 .debug_info    0x00003da6     0x1a54 src/ASF/common/services/clock/sam4l/osc.o
 .debug_info    0x000057fa     0x2ff9 src/ASF/common/services/clock/sam4l/sysclk.o
 .debug_info    0x000087f3     0x1713 src/ASF/sam/drivers/bpm/bpm.o
 .debug_info    0x00009f06     0x2605 src/ASF/sam/drivers/flashcalw/flashcalw.o
 .debug_info    0x0000c50b     0x1bd5 src/ASF/sam/drivers/gpio/gpio.o
 .debug_info    0x0000e0e0      0xa4b src/ASF/common/boards/user_board/init.o
 .debug_info    0x0000eb2b      0xb01 src/ASF/common/utils/interrupt/interrupt_sam_nvic.o
 .debug_info    0x0000f62c       0xdd src/ASF/sam/utils/cmsis/sam4l/source/templates/exceptions.o
 .debug_info    0x0000f709      0x3cb src/ASF/sam/utils/cmsis/sam4l/source/templates/gcc/startup_sam4l.o
 .debug_info    0x0000fad4      0xdb0 src/ASF/sam/utils/syscalls/gcc/syscalls.o
 .debug_info    0x00010884     0x2a52 src/main.o

.debug_abbrev   0x00000000     0x25ef
 .debug_abbrev  0x00000000      0x3ea src/ASF/sam/drivers/usart/usart.o
 .debug_abbrev  0x000003ea      0x29f src/ASF/common/services/serial/usart_serial.o
 .debug_abbrev  0x00000689      0x1b3 src/ASF/common/services/delay/sam/cycle_counter.o
 .debug_abbrev  0x0000083c      0x290 src/ASF/common/services/clock/sam4l/osc.o
 .debug_abbrev  0x00000acc      0x430 src/ASF/common/services/clock/sam4l/sysclk.o
 .debug_abbrev  0x00000efc      0x357 src/ASF/sam/drivers/bpm/bpm.o
 .debug_abbrev  0x00001253      0x45c src/ASF/sam/drivers/flashcalw/flashcalw.o
 .debug_abbrev  0x000016af      0x350 src/ASF/sam/drivers/gpio/gpio.o
 .debug_abbrev  0x000019ff      0x1a4 src/ASF/common/boards/user_board/init.o
 .debug_abbrev  0x00001ba3      0x212 src/ASF/common/utils/interrupt/interrupt_sam_nvic.o
 .debug_abbrev  0x00001db5       0x7d src/ASF/sam/utils/cmsis/sam4l/source/templates/exceptions.o
 .debug_abbrev  0x00001e32      0x11d src/ASF/sam/utils/cmsis/sam4l/source/templates/gcc/startup_sam4l.o
 .debug_abbrev  0x00001f4f      0x264 src/ASF/sam/utils/syscalls/gcc/syscalls.o
 .debug_abbrev  0x000021b3      0x43c src/main.o

.debug_loc      0x00000000     0x55da
 .debug_loc     0x00000000     0x1055 src/ASF/sam/drivers/usart/usart.o
 .debug_loc     0x00001055      0x2a7 src/ASF/common/services/serial/usart_serial.o
 .debug_loc     0x000012fc      0x36d src/ASF/common/services/clock/sam4l/osc.o
 .debug_loc     0x00001669     0x11b1 src/ASF/common/services/clock/sam4l/sysclk.o
 .debug_loc     0x0000281a      0x47e src/ASF/sam/drivers/bpm/bpm.o
 .debug_loc     0x00002c98     0x1cc1 src/ASF/sam/drivers/flashcalw/flashcalw.o
 .debug_loc     0x00004959      0x52f src/ASF/sam/drivers/gpio/gpio.o
 .debug_loc     0x00004e88       0x6b src/ASF/sam/utils/cmsis/sam4l/source/templates/gcc/startup_sam4l.o
 .debug_loc     0x00004ef3       0xfd src/ASF/sam/utils/syscalls/gcc/syscalls.o
 .debug_loc     0x00004ff0      0x5ea src/main.o

.debug_aranges  0x00000000      0x8a8
 .debug_aranges
                0x00000000      0x298 src/ASF/sam/drivers/usart/usart.o
 .debug_aranges
                0x00000298       0x28 src/ASF/common/services/serial/usart_serial.o
 .debug_aranges
                0x000002c0       0x20 src/ASF/common/services/delay/sam/cycle_counter.o
 .debug_aranges
                0x000002e0       0x78 src/ASF/common/services/clock/sam4l/osc.o
 .debug_aranges
                0x00000358       0x78 src/ASF/common/services/clock/sam4l/sysclk.o
 .debug_aranges
                0x000003d0       0xc0 src/ASF/sam/drivers/bpm/bpm.o
 .debug_aranges
                0x00000490      0x250 src/ASF/sam/drivers/flashcalw/flashcalw.o
 .debug_aranges
                0x000006e0       0x88 src/ASF/sam/drivers/gpio/gpio.o
 .debug_aranges
                0x00000768       0x20 src/ASF/common/boards/user_board/init.o
 .debug_aranges
                0x00000788       0x28 src/ASF/common/utils/interrupt/interrupt_sam_nvic.o
 .debug_aranges
                0x000007b0       0x20 src/ASF/sam/utils/cmsis/sam4l/source/templates/exceptions.o
 .debug_aranges
                0x000007d0       0x20 src/ASF/sam/utils/cmsis/sam4l/source/templates/gcc/startup_sam4l.o
 .debug_aranges
                0x000007f0       0x60 src/ASF/sam/utils/syscalls/gcc/syscalls.o
 .debug_aranges
                0x00000850       0x58 src/main.o

.debug_ranges   0x00000000      0x828
 .debug_ranges  0x00000000      0x288 src/ASF/sam/drivers/usart/usart.o
 .debug_ranges  0x00000288       0x48 src/ASF/common/services/serial/usart_serial.o
 .debug_ranges  0x000002d0       0x10 src/ASF/common/services/delay/sam/cycle_counter.o
 .debug_ranges  0x000002e0       0x68 src/ASF/common/services/clock/sam4l/osc.o
 .debug_ranges  0x00000348       0x68 src/ASF/common/services/clock/sam4l/sysclk.o
 .debug_ranges  0x000003b0       0xb0 src/ASF/sam/drivers/bpm/bpm.o
 .debug_ranges  0x00000460      0x240 src/ASF/sam/drivers/flashcalw/flashcalw.o
 .debug_ranges  0x000006a0       0xa8 src/ASF/sam/drivers/gpio/gpio.o
 .debug_ranges  0x00000748       0x10 src/ASF/common/boards/user_board/init.o
 .debug_ranges  0x00000758       0x18 src/ASF/common/utils/interrupt/interrupt_sam_nvic.o
 .debug_ranges  0x00000770       0x10 src/ASF/sam/utils/cmsis/sam4l/source/templates/exceptions.o
 .debug_ranges  0x00000780       0x10 src/ASF/sam/utils/cmsis/sam4l/source/templates/gcc/startup_sam4l.o
 .debug_ranges  0x00000790       0x50 src/ASF/sam/utils/syscalls/gcc/syscalls.o
 .debug_ranges  0x000007e0       0x48 src/main.o

.debug_macro    0x00000000    0x2e516
 .debug_macro   0x00000000      0x627 src/ASF/sam/drivers/usart/usart.o
 .debug_macro   0x00000627      0x8d4 src/ASF/sam/drivers/usart/usart.o
 .debug_macro   0x00000efb      0x16d src/ASF/sam/drivers/usart/usart.o
 .debug_macro   0x00001068      0x64b src/ASF/sam/drivers/usart/usart.o
 .debug_macro   0x000016b3       0x76 src/ASF/sam/drivers/usart/usart.o
 .debug_macro   0x00001729       0x16 src/ASF/sam/drivers/usart/usart.o
 .debug_macro   0x0000173f      0x6e4 src/ASF/sam/drivers/usart/usart.o
 .debug_macro   0x00001e23       0x22 src/ASF/sam/drivers/usart/usart.o
 .debug_macro   0x00001e45       0x87 src/ASF/sam/drivers/usart/usart.o
 .debug_macro   0x00001ecc       0x51 src/ASF/sam/drivers/usart/usart.o
 .debug_macro   0x00001f1d       0xef src/ASF/sam/drivers/usart/usart.o
 .debug_macro   0x0000200c       0x6a src/ASF/sam/drivers/usart/usart.o
 .debug_macro   0x00002076      0x1df src/ASF/sam/drivers/usart/usart.o
 .debug_macro   0x00002255       0x64 src/ASF/sam/drivers/usart/usart.o
 .debug_macro   0x000022b9       0x3b src/ASF/sam/drivers/usart/usart.o
 .debug_macro   0x000022f4       0x2d src/ASF/sam/drivers/usart/usart.o
 .debug_macro   0x00002321       0x26 src/ASF/sam/drivers/usart/usart.o
 .debug_macro   0x00002347      0xbbf src/ASF/sam/drivers/usart/usart.o
 .debug_macro   0x00002f06      0x330 src/ASF/sam/drivers/usart/usart.o
 .debug_macro   0x00003236      0x9b1 src/ASF/sam/drivers/usart/usart.o
 .debug_macro   0x00003be7      0x81b src/ASF/sam/drivers/usart/usart.o
 .debug_macro   0x00004402      0x30d src/ASF/sam/drivers/usart/usart.o
 .debug_macro   0x0000470f      0x913 src/ASF/sam/drivers/usart/usart.o
 .debug_macro   0x00005022      0x4e7 src/ASF/sam/drivers/usart/usart.o
 .debug_macro   0x00005509      0xb32 src/ASF/sam/drivers/usart/usart.o
 .debug_macro   0x0000603b      0x509 src/ASF/sam/drivers/usart/usart.o
 .debug_macro   0x00006544      0x2c9 src/ASF/sam/drivers/usart/usart.o
 .debug_macro   0x0000680d      0x28b src/ASF/sam/drivers/usart/usart.o
 .debug_macro   0x00006a98      0x1df src/ASF/sam/drivers/usart/usart.o
 .debug_macro   0x00006c77      0xdf2 src/ASF/sam/drivers/usart/usart.o
 .debug_macro   0x00007a69      0x6c4 src/ASF/sam/drivers/usart/usart.o
 .debug_macro   0x0000812d      0x1f2 src/ASF/sam/drivers/usart/usart.o
 .debug_macro   0x0000831f       0xb8 src/ASF/sam/drivers/usart/usart.o
 .debug_macro   0x000083d7     0x8f16 src/ASF/sam/drivers/usart/usart.o
 .debug_macro   0x000112ed      0x170 src/ASF/sam/drivers/usart/usart.o
 .debug_macro   0x0001145d      0x420 src/ASF/sam/drivers/usart/usart.o
 .debug_macro   0x0001187d      0x682 src/ASF/sam/drivers/usart/usart.o
 .debug_macro   0x00011eff      0x77a src/ASF/sam/drivers/usart/usart.o
 .debug_macro   0x00012679      0x219 src/ASF/sam/drivers/usart/usart.o
 .debug_macro   0x00012892      0x52c src/ASF/sam/drivers/usart/usart.o
 .debug_macro   0x00012dbe      0x4c3 src/ASF/sam/drivers/usart/usart.o
 .debug_macro   0x00013281      0x100 src/ASF/sam/drivers/usart/usart.o
 .debug_macro   0x00013381      0xa2d src/ASF/sam/drivers/usart/usart.o
 .debug_macro   0x00013dae      0xbf6 src/ASF/sam/drivers/usart/usart.o
 .debug_macro   0x000149a4      0x343 src/ASF/sam/drivers/usart/usart.o
 .debug_macro   0x00014ce7      0x98e src/ASF/sam/drivers/usart/usart.o
 .debug_macro   0x00015675      0xff2 src/ASF/sam/drivers/usart/usart.o
 .debug_macro   0x00016667      0x10c src/ASF/sam/drivers/usart/usart.o
 .debug_macro   0x00016773      0x913 src/ASF/sam/drivers/usart/usart.o
 .debug_macro   0x00017086      0x832 src/ASF/sam/drivers/usart/usart.o
 .debug_macro   0x000178b8     0x3d76 src/ASF/sam/drivers/usart/usart.o
 .debug_macro   0x0001b62e     0x64db src/ASF/sam/drivers/usart/usart.o
 .debug_macro   0x00021b09      0x20f src/ASF/sam/drivers/usart/usart.o
 .debug_macro   0x00021d18       0x64 src/ASF/sam/drivers/usart/usart.o
 .debug_macro   0x00021d7c       0x8e src/ASF/sam/drivers/usart/usart.o
 .debug_macro   0x00021e0a       0xa6 src/ASF/sam/drivers/usart/usart.o
 .debug_macro   0x00021eb0       0xb8 src/ASF/sam/drivers/usart/usart.o
 .debug_macro   0x00021f68       0xa6 src/ASF/sam/drivers/usart/usart.o
 .debug_macro   0x0002200e       0x9a src/ASF/sam/drivers/usart/usart.o
 .debug_macro   0x000220a8      0x118 src/ASF/sam/drivers/usart/usart.o
 .debug_macro   0x000221c0       0xa0 src/ASF/sam/drivers/usart/usart.o
 .debug_macro   0x00022260       0x16 src/ASF/sam/drivers/usart/usart.o
 .debug_macro   0x00022276       0x6a src/ASF/sam/drivers/usart/usart.o
 .debug_macro   0x000222e0       0x58 src/ASF/sam/drivers/usart/usart.o
 .debug_macro   0x00022338       0xa0 src/ASF/sam/drivers/usart/usart.o
 .debug_macro   0x000223d8       0x34 src/ASF/sam/drivers/usart/usart.o
 .debug_macro   0x0002240c      0x106 src/ASF/sam/drivers/usart/usart.o
 .debug_macro   0x00022512       0x3a src/ASF/sam/drivers/usart/usart.o
 .debug_macro   0x0002254c      0x830 src/ASF/sam/drivers/usart/usart.o
 .debug_macro   0x00022d7c       0x40 src/ASF/sam/drivers/usart/usart.o
 .debug_macro   0x00022dbc      0x2b1 src/ASF/sam/drivers/usart/usart.o
 .debug_macro   0x0002306d       0x70 src/ASF/sam/drivers/usart/usart.o
 .debug_macro   0x000230dd       0xb2 src/ASF/sam/drivers/usart/usart.o
 .debug_macro   0x0002318f       0x46 src/ASF/sam/drivers/usart/usart.o
 .debug_macro   0x000231d5      0x5c8 src/ASF/sam/drivers/usart/usart.o
 .debug_macro   0x0002379d      0x38a src/ASF/sam/drivers/usart/usart.o
 .debug_macro   0x00023b27       0x28 src/ASF/sam/drivers/usart/usart.o
 .debug_macro   0x00023b4f      0x14b src/ASF/sam/drivers/usart/usart.o
 .debug_macro   0x00023c9a      0x2cd src/ASF/sam/drivers/usart/usart.o
 .debug_macro   0x00023f67       0x46 src/ASF/sam/drivers/usart/usart.o
 .debug_macro   0x00023fad       0x7c src/ASF/sam/drivers/usart/usart.o
 .debug_macro   0x00024029      0x119 src/ASF/sam/drivers/usart/usart.o
 .debug_macro   0x00024142      0x119 src/ASF/sam/drivers/usart/usart.o
 .debug_macro   0x0002425b       0x34 src/ASF/sam/drivers/usart/usart.o
 .debug_macro   0x0002428f       0x7c src/ASF/sam/drivers/usart/usart.o
 .debug_macro   0x0002430b       0x7c src/ASF/sam/drivers/usart/usart.o
 .debug_macro   0x00024387       0x7c src/ASF/sam/drivers/usart/usart.o
 .debug_macro   0x00024403       0x7c src/ASF/sam/drivers/usart/usart.o
 .debug_macro   0x0002447f       0x76 src/ASF/sam/drivers/usart/usart.o
 .debug_macro   0x000244f5       0x76 src/ASF/sam/drivers/usart/usart.o
 .debug_macro   0x0002456b       0x9a src/ASF/sam/drivers/usart/usart.o
 .debug_macro   0x00024605       0x9a src/ASF/sam/drivers/usart/usart.o
 .debug_macro   0x0002469f       0x9a src/ASF/sam/drivers/usart/usart.o
 .debug_macro   0x00024739       0x9a src/ASF/sam/drivers/usart/usart.o
 .debug_macro   0x000247d3      0x447 src/ASF/sam/drivers/usart/usart.o
 .debug_macro   0x00024c1a       0x46 src/ASF/sam/drivers/usart/usart.o
 .debug_macro   0x00024c60      0x591 src/ASF/sam/drivers/usart/usart.o
 .debug_macro   0x000251f1     0x2eee src/ASF/sam/drivers/usart/usart.o
 .debug_macro   0x000280df      0x146 src/ASF/sam/drivers/usart/usart.o
 .debug_macro   0x00028225       0x58 src/ASF/sam/drivers/usart/usart.o
 .debug_macro   0x0002827d       0x35 src/ASF/sam/drivers/usart/usart.o
 .debug_macro   0x000282b2       0x9c src/ASF/sam/drivers/usart/usart.o
 .debug_macro   0x0002834e       0x16 src/ASF/sam/drivers/usart/usart.o
 .debug_macro   0x00028364       0x35 src/ASF/sam/drivers/usart/usart.o
 .debug_macro   0x00028399      0x353 src/ASF/sam/drivers/usart/usart.o
 .debug_macro   0x000286ec       0x10 src/ASF/sam/drivers/usart/usart.o
 .debug_macro   0x000286fc       0x58 src/ASF/sam/drivers/usart/usart.o
 .debug_macro   0x00028754       0x1f src/ASF/sam/drivers/usart/usart.o
 .debug_macro   0x00028773       0x43 src/ASF/sam/drivers/usart/usart.o
 .debug_macro   0x000287b6       0x20 src/ASF/sam/drivers/usart/usart.o
 .debug_macro   0x000287d6      0x187 src/ASF/sam/drivers/usart/usart.o
 .debug_macro   0x0002895d       0x10 src/ASF/sam/drivers/usart/usart.o
 .debug_macro   0x0002896d       0x1c src/ASF/sam/drivers/usart/usart.o
 .debug_macro   0x00028989       0x52 src/ASF/sam/drivers/usart/usart.o
 .debug_macro   0x000289db       0x40 src/ASF/sam/drivers/usart/usart.o
 .debug_macro   0x00028a1b       0x10 src/ASF/sam/drivers/usart/usart.o
 .debug_macro   0x00028a2b       0x40 src/ASF/sam/drivers/usart/usart.o
 .debug_macro   0x00028a6b       0xd7 src/ASF/sam/drivers/usart/usart.o
 .debug_macro   0x00028b42       0x16 src/ASF/sam/drivers/usart/usart.o
 .debug_macro   0x00028b58      0x18b src/ASF/sam/drivers/usart/usart.o
 .debug_macro   0x00028ce3       0x22 src/ASF/sam/drivers/usart/usart.o
 .debug_macro   0x00028d05       0x16 src/ASF/sam/drivers/usart/usart.o
 .debug_macro   0x00028d1b       0x16 src/ASF/sam/drivers/usart/usart.o
 .debug_macro   0x00028d31       0x29 src/ASF/sam/drivers/usart/usart.o
 .debug_macro   0x00028d5a       0x75 src/ASF/sam/drivers/usart/usart.o
 .debug_macro   0x00028dcf       0x3f src/ASF/sam/drivers/usart/usart.o
 .debug_macro   0x00028e0e      0x3ca src/ASF/sam/drivers/usart/usart.o
 .debug_macro   0x000291d8       0x28 src/ASF/sam/drivers/usart/usart.o
 .debug_macro   0x00029200      0x6bb src/ASF/common/services/serial/usart_serial.o
 .debug_macro   0x000298bb      0x5eb src/ASF/common/services/delay/sam/cycle_counter.o
 .debug_macro   0x00029ea6       0x22 src/ASF/common/services/delay/sam/cycle_counter.o
 .debug_macro   0x00029ec8      0x62b src/ASF/common/services/clock/sam4l/osc.o
 .debug_macro   0x0002a4f3      0x2c0 src/ASF/common/services/clock/sam4l/osc.o
 .debug_macro   0x0002a7b3      0x6d0 src/ASF/common/services/clock/sam4l/sysclk.o
 .debug_macro   0x0002ae83      0x5e5 src/ASF/sam/drivers/bpm/bpm.o
 .debug_macro   0x0002b468      0x6b6 src/ASF/sam/drivers/flashcalw/flashcalw.o
 .debug_macro   0x0002bb1e      0x6b9 src/ASF/sam/drivers/gpio/gpio.o
 .debug_macro   0x0002c1d7       0x8e src/ASF/sam/drivers/gpio/gpio.o
 .debug_macro   0x0002c265      0x729 src/ASF/common/boards/user_board/init.o
 .debug_macro   0x0002c98e      0x5db src/ASF/common/utils/interrupt/interrupt_sam_nvic.o
 .debug_macro   0x0002cf69      0x3df src/ASF/sam/utils/cmsis/sam4l/source/templates/exceptions.o
 .debug_macro   0x0002d348      0x3df src/ASF/sam/utils/cmsis/sam4l/source/templates/gcc/startup_sam4l.o
 .debug_macro   0x0002d727      0x1d6 src/ASF/sam/utils/syscalls/gcc/syscalls.o
 .debug_macro   0x0002d8fd       0x52 src/ASF/sam/utils/syscalls/gcc/syscalls.o
 .debug_macro   0x0002d94f       0x8d src/ASF/sam/utils/syscalls/gcc/syscalls.o
 .debug_macro   0x0002d9dc       0x57 src/ASF/sam/utils/syscalls/gcc/syscalls.o
 .debug_macro   0x0002da33       0x97 src/ASF/sam/utils/syscalls/gcc/syscalls.o
 .debug_macro   0x0002daca       0xf6 src/ASF/sam/utils/syscalls/gcc/syscalls.o
 .debug_macro   0x0002dbc0       0x4c src/ASF/sam/utils/syscalls/gcc/syscalls.o
 .debug_macro   0x0002dc0c       0x16 src/ASF/sam/utils/syscalls/gcc/syscalls.o
 .debug_macro   0x0002dc22       0x10 src/ASF/sam/utils/syscalls/gcc/syscalls.o
 .debug_macro   0x0002dc32       0x10 src/ASF/sam/utils/syscalls/gcc/syscalls.o
 .debug_macro   0x0002dc42       0x35 src/ASF/sam/utils/syscalls/gcc/syscalls.o
 .debug_macro   0x0002dc77      0x122 src/ASF/sam/utils/syscalls/gcc/syscalls.o
 .debug_macro   0x0002dd99      0x77d src/main.o

.debug_line     0x00000000     0xca2b
 .debug_line    0x00000000     0x1330 src/ASF/sam/drivers/usart/usart.o
 .debug_line    0x00001330      0xe9a src/ASF/common/services/serial/usart_serial.o
 .debug_line    0x000021ca      0xc7d src/ASF/common/services/delay/sam/cycle_counter.o
 .debug_line    0x00002e47     0x10c0 src/ASF/common/services/clock/sam4l/osc.o
 .debug_line    0x00003f07     0x134b src/ASF/common/services/clock/sam4l/sysclk.o
 .debug_line    0x00005252      0xe69 src/ASF/sam/drivers/bpm/bpm.o
 .debug_line    0x000060bb     0x1484 src/ASF/sam/drivers/flashcalw/flashcalw.o
 .debug_line    0x0000753f      0xf43 src/ASF/sam/drivers/gpio/gpio.o
 .debug_line    0x00008482      0xf8e src/ASF/common/boards/user_board/init.o
 .debug_line    0x00009410      0xc91 src/ASF/common/utils/interrupt/interrupt_sam_nvic.o
 .debug_line    0x0000a0a1      0x9f3 src/ASF/sam/utils/cmsis/sam4l/source/templates/exceptions.o
 .debug_line    0x0000aa94      0xa3a src/ASF/sam/utils/cmsis/sam4l/source/templates/gcc/startup_sam4l.o
 .debug_line    0x0000b4ce      0x40b src/ASF/sam/utils/syscalls/gcc/syscalls.o
 .debug_line    0x0000b8d9     0x1152 src/main.o

.debug_str      0x00000000    0xe454c
 .debug_str     0x00000000    0xde266 src/ASF/sam/drivers/usart/usart.o
                              0xdeb3c (size before relaxing)
 .debug_str     0x000de266     0x220a src/ASF/common/services/serial/usart_serial.o
                              0xe0353 (size before relaxing)
 .debug_str     0x000e0470      0x1a9 src/ASF/common/services/delay/sam/cycle_counter.o
                              0xde10d (size before relaxing)
 .debug_str     0x000e0619      0x540 src/ASF/common/services/clock/sam4l/osc.o
                              0xdf72d (size before relaxing)
 .debug_str     0x000e0b59     0x109f src/ASF/common/services/clock/sam4l/sysclk.o
                              0xe13c3 (size before relaxing)
 .debug_str     0x000e1bf8      0x26e src/ASF/sam/drivers/bpm/bpm.o
                              0xde9eb (size before relaxing)
 .debug_str     0x000e1e66      0xaad src/ASF/sam/drivers/flashcalw/flashcalw.o
                              0xe0cdb (size before relaxing)
 .debug_str     0x000e2913      0xcee src/ASF/sam/drivers/gpio/gpio.o
                              0xe0be5 (size before relaxing)
 .debug_str     0x000e3601      0x184 src/ASF/common/boards/user_board/init.o
                              0xe0cd6 (size before relaxing)
 .debug_str     0x000e3785       0x65 src/ASF/common/utils/interrupt/interrupt_sam_nvic.o
                              0xddfe9 (size before relaxing)
 .debug_str     0x000e37ea       0x4d src/ASF/sam/utils/cmsis/sam4l/source/templates/exceptions.o
                              0xce58c (size before relaxing)
 .debug_str     0x000e3837       0xd9 src/ASF/sam/utils/cmsis/sam4l/source/templates/gcc/startup_sam4l.o
                              0xce688 (size before relaxing)
 .debug_str     0x000e3910      0x774 src/ASF/sam/utils/syscalls/gcc/syscalls.o
                               0x7424 (size before relaxing)
 .debug_str     0x000e4084      0x4c8 src/main.o
                              0xe1f83 (size before relaxing)

.debug_frame    0x00000000     0x20e4
 .debug_frame   0x00000000      0x5b4 src/ASF/sam/drivers/usart/usart.o
 .debug_frame   0x000005b4       0x78 src/ASF/common/services/serial/usart_serial.o
 .debug_frame   0x0000062c       0x20 src/ASF/common/services/delay/sam/cycle_counter.o
 .debug_frame   0x0000064c      0x130 src/ASF/common/services/clock/sam4l/osc.o
 .debug_frame   0x0000077c      0x18c src/ASF/common/services/clock/sam4l/sysclk.o
 .debug_frame   0x00000908      0x184 src/ASF/sam/drivers/bpm/bpm.o
 .debug_frame   0x00000a8c      0x6ac src/ASF/sam/drivers/flashcalw/flashcalw.o
 .debug_frame   0x00001138      0x180 src/ASF/sam/drivers/gpio/gpio.o
 .debug_frame   0x000012b8       0x20 src/ASF/common/boards/user_board/init.o
 .debug_frame   0x000012d8       0x30 src/ASF/common/utils/interrupt/interrupt_sam_nvic.o
 .debug_frame   0x00001308       0x20 src/ASF/sam/utils/cmsis/sam4l/source/templates/exceptions.o
 .debug_frame   0x00001328       0x28 src/ASF/sam/utils/cmsis/sam4l/source/templates/gcc/startup_sam4l.o
 .debug_frame   0x00001350       0xa0 src/ASF/sam/utils/syscalls/gcc/syscalls.o
 .debug_frame   0x000013f0      0x108 src/main.o
 .debug_frame   0x000014f8       0x2c c:/program files (x86)/atmel/studio/7.0/toolchain/arm/arm-gnu-toolchain/bin/../lib/gcc/arm-none-eabi/6.3.1/../../../../arm-none-eabi/lib/thumb/v7e-m\libc.a(lib_a-init.o)
 .debug_frame   0x00001524       0x34 c:/program files (x86)/atmel/studio/7.0/toolchain/arm/arm-gnu-toolchain/bin/../lib/gcc/arm-none-eabi/6.3.1/../../../../arm-none-eabi/lib/thumb/v7e-m\libc.a(lib_a-memset.o)
 .debug_frame   0x00001558       0x84 c:/program files (x86)/atmel/studio/7.0/toolchain/arm/arm-gnu-toolchain/bin/../lib/gcc/arm-none-eabi/6.3.1/../../../../arm-none-eabi/lib/thumb/v7e-m\libc.a(lib_a-sprintf.o)
 .debug_frame   0x000015dc       0x40 c:/program files (x86)/atmel/studio/7.0/toolchain/arm/arm-gnu-toolchain/bin/../lib/gcc/arm-none-eabi/6.3.1/../../../../arm-none-eabi/lib/thumb/v7e-m\libc.a(lib_a-svfprintf.o)
 .debug_frame   0x0000161c       0x5c c:/program files (x86)/atmel/studio/7.0/toolchain/arm/arm-gnu-toolchain/bin/../lib/gcc/arm-none-eabi/6.3.1/../../../../arm-none-eabi/lib/thumb/v7e-m\libc.a(lib_a-__call_atexit.o)
 .debug_frame   0x00001678       0x20 c:/program files (x86)/atmel/studio/7.0/toolchain/arm/arm-gnu-toolchain/bin/../lib/gcc/arm-none-eabi/6.3.1/../../../../arm-none-eabi/lib/thumb/v7e-m\libc.a(lib_a-atexit.o)
 .debug_frame   0x00001698       0x88 c:/program files (x86)/atmel/studio/7.0/toolchain/arm/arm-gnu-toolchain/bin/../lib/gcc/arm-none-eabi/6.3.1/../../../../arm-none-eabi/lib/thumb/v7e-m\libc.a(lib_a-dtoa.o)
 .debug_frame   0x00001720       0x34 c:/program files (x86)/atmel/studio/7.0/toolchain/arm/arm-gnu-toolchain/bin/../lib/gcc/arm-none-eabi/6.3.1/../../../../arm-none-eabi/lib/thumb/v7e-m\libc.a(lib_a-fini.o)
 .debug_frame   0x00001754       0x40 c:/program files (x86)/atmel/studio/7.0/toolchain/arm/arm-gnu-toolchain/bin/../lib/gcc/arm-none-eabi/6.3.1/../../../../arm-none-eabi/lib/thumb/v7e-m\libc.a(lib_a-localeconv.o)
 .debug_frame   0x00001794       0xb0 c:/program files (x86)/atmel/studio/7.0/toolchain/arm/arm-gnu-toolchain/bin/../lib/gcc/arm-none-eabi/6.3.1/../../../../arm-none-eabi/lib/thumb/v7e-m\libc.a(lib_a-lock.o)
 .debug_frame   0x00001844       0x58 c:/program files (x86)/atmel/studio/7.0/toolchain/arm/arm-gnu-toolchain/bin/../lib/gcc/arm-none-eabi/6.3.1/../../../../arm-none-eabi/lib/thumb/v7e-m\libc.a(lib_a-mallocr.o)
 .debug_frame   0x0000189c       0x30 c:/program files (x86)/atmel/studio/7.0/toolchain/arm/arm-gnu-toolchain/bin/../lib/gcc/arm-none-eabi/6.3.1/../../../../arm-none-eabi/lib/thumb/v7e-m\libc.a(lib_a-mlock.o)
 .debug_frame   0x000018cc      0x25c c:/program files (x86)/atmel/studio/7.0/toolchain/arm/arm-gnu-toolchain/bin/../lib/gcc/arm-none-eabi/6.3.1/../../../../arm-none-eabi/lib/thumb/v7e-m\libc.a(lib_a-mprec.o)
 .debug_frame   0x00001b28       0x2c c:/program files (x86)/atmel/studio/7.0/toolchain/arm/arm-gnu-toolchain/bin/../lib/gcc/arm-none-eabi/6.3.1/../../../../arm-none-eabi/lib/thumb/v7e-m\libc.a(lib_a-sbrkr.o)
 .debug_frame   0x00001b54       0x78 c:/program files (x86)/atmel/studio/7.0/toolchain/arm/arm-gnu-toolchain/bin/../lib/gcc/arm-none-eabi/6.3.1/../../../../arm-none-eabi/lib/thumb/v7e-m\libc.a(lib_a-svfiprintf.o)
 .debug_frame   0x00001bcc       0x34 c:/program files (x86)/atmel/studio/7.0/toolchain/arm/arm-gnu-toolchain/bin/../lib/gcc/arm-none-eabi/6.3.1/../../../../arm-none-eabi/lib/thumb/v7e-m\libc.a(lib_a-__atexit.o)
 .debug_frame   0x00001c00       0x28 c:/program files (x86)/atmel/studio/7.0/toolchain/arm/arm-gnu-toolchain/bin/../lib/gcc/arm-none-eabi/6.3.1/../../../../arm-none-eabi/lib/thumb/v7e-m\libc.a(lib_a-callocr.o)
 .debug_frame   0x00001c28       0x74 c:/program files (x86)/atmel/studio/7.0/toolchain/arm/arm-gnu-toolchain/bin/../lib/gcc/arm-none-eabi/6.3.1/../../../../arm-none-eabi/lib/thumb/v7e-m\libc.a(lib_a-freer.o)
 .debug_frame   0x00001c9c       0x6c c:/program files (x86)/atmel/studio/7.0/toolchain/arm/arm-gnu-toolchain/bin/../lib/gcc/arm-none-eabi/6.3.1/../../../../arm-none-eabi/lib/thumb/v7e-m\libc.a(lib_a-locale.o)
 .debug_frame   0x00001d08       0x4c c:/program files (x86)/atmel/studio/7.0/toolchain/arm/arm-gnu-toolchain/bin/../lib/gcc/arm-none-eabi/6.3.1/../../../../arm-none-eabi/lib/thumb/v7e-m\libc.a(lib_a-mbtowc_r.o)
 .debug_frame   0x00001d54       0x30 c:/program files (x86)/atmel/studio/7.0/toolchain/arm/arm-gnu-toolchain/bin/../lib/gcc/arm-none-eabi/6.3.1/../../../../arm-none-eabi/lib/thumb/v7e-m\libc.a(lib_a-memmove.o)
 .debug_frame   0x00001d84       0x68 c:/program files (x86)/atmel/studio/7.0/toolchain/arm/arm-gnu-toolchain/bin/../lib/gcc/arm-none-eabi/6.3.1/../../../../arm-none-eabi/lib/thumb/v7e-m\libc.a(lib_a-reallocr.o)
 .debug_frame   0x00001dec       0x58 c:/program files (x86)/atmel/studio/7.0/toolchain/arm/arm-gnu-toolchain/bin/../lib/gcc/arm-none-eabi/6.3.1/../../../../arm-none-eabi/lib/thumb/v7e-m\libc.a(lib_a-reent.o)
 .debug_frame   0x00001e44       0x3c c:/program files (x86)/atmel/studio/7.0/toolchain/arm/arm-gnu-toolchain/bin/../lib/gcc/arm-none-eabi/6.3.1/../../../../arm-none-eabi/lib/thumb/v7e-m\libc.a(lib_a-wctomb_r.o)
 .debug_frame   0x00001e80       0xac c:/program files (x86)/atmel/studio/7.0/toolchain/arm/arm-gnu-toolchain/bin/../lib/gcc/arm-none-eabi/6.3.1/thumb/v7e-m\libgcc.a(_arm_addsubdf3.o)
 .debug_frame   0x00001f2c       0x50 c:/program files (x86)/atmel/studio/7.0/toolchain/arm/arm-gnu-toolchain/bin/../lib/gcc/arm-none-eabi/6.3.1/thumb/v7e-m\libgcc.a(_arm_muldivdf3.o)
 .debug_frame   0x00001f7c       0xc4 c:/program files (x86)/atmel/studio/7.0/toolchain/arm/arm-gnu-toolchain/bin/../lib/gcc/arm-none-eabi/6.3.1/thumb/v7e-m\libgcc.a(_arm_cmpdf2.o)
 .debug_frame   0x00002040       0x20 c:/program files (x86)/atmel/studio/7.0/toolchain/arm/arm-gnu-toolchain/bin/../lib/gcc/arm-none-eabi/6.3.1/thumb/v7e-m\libgcc.a(_arm_unorddf2.o)
 .debug_frame   0x00002060       0x24 c:/program files (x86)/atmel/studio/7.0/toolchain/arm/arm-gnu-toolchain/bin/../lib/gcc/arm-none-eabi/6.3.1/thumb/v7e-m\libgcc.a(_arm_fixdfsi.o)
 .debug_frame   0x00002084       0x2c c:/program files (x86)/atmel/studio/7.0/toolchain/arm/arm-gnu-toolchain/bin/../lib/gcc/arm-none-eabi/6.3.1/thumb/v7e-m\libgcc.a(_aeabi_uldivmod.o)
 .debug_frame   0x000020b0       0x34 c:/program files (x86)/atmel/studio/7.0/toolchain/arm/arm-gnu-toolchain/bin/../lib/gcc/arm-none-eabi/6.3.1/thumb/v7e-m\libgcc.a(_udivmoddi4.o)

Cross Reference Table

Symbol                                            File
ABDACB_Handler                                    src/ASF/sam/utils/cmsis/sam4l/source/templates/exceptions.o
                                                  src/ASF/sam/utils/cmsis/sam4l/source/templates/gcc/startup_sam4l.o
ACIFC_Handler                                     src/ASF/sam/utils/cmsis/sam4l/source/templates/exceptions.o
                                                  src/ASF/sam/utils/cmsis/sam4l/source/templates/gcc/startup_sam4l.o
ADCIFE_Handler                                    src/ASF/sam/utils/cmsis/sam4l/source/templates/exceptions.o
                                                  src/ASF/sam/utils/cmsis/sam4l/source/templates/gcc/startup_sam4l.o
AESA_Handler                                      src/ASF/sam/utils/cmsis/sam4l/source/templates/exceptions.o
                                                  src/ASF/sam/utils/cmsis/sam4l/source/templates/gcc/startup_sam4l.o
AST_ALARM_Handler                                 src/ASF/sam/utils/cmsis/sam4l/source/templates/exceptions.o
                                                  src/ASF/sam/utils/cmsis/sam4l/source/templates/gcc/startup_sam4l.o
AST_CLKREADY_Handler                              src/ASF/sam/utils/cmsis/sam4l/source/templates/exceptions.o
                                                  src/ASF/sam/utils/cmsis/sam4l/source/templates/gcc/startup_sam4l.o
AST_OVF_Handler                                   src/ASF/sam/utils/cmsis/sam4l/source/templates/exceptions.o
                                                  src/ASF/sam/utils/cmsis/sam4l/source/templates/gcc/startup_sam4l.o
AST_PER_Handler                                   src/ASF/sam/utils/cmsis/sam4l/source/templates/exceptions.o
                                                  src/ASF/sam/utils/cmsis/sam4l/source/templates/gcc/startup_sam4l.o
AST_READY_Handler                                 src/ASF/sam/utils/cmsis/sam4l/source/templates/exceptions.o
                                                  src/ASF/sam/utils/cmsis/sam4l/source/templates/gcc/startup_sam4l.o
BPM_Handler                                       src/ASF/sam/utils/cmsis/sam4l/source/templates/exceptions.o
                                                  src/ASF/sam/utils/cmsis/sam4l/source/templates/gcc/startup_sam4l.o
BSCIF_Handler                                     src/ASF/sam/utils/cmsis/sam4l/source/templates/exceptions.o
                                                  src/ASF/sam/utils/cmsis/sam4l/source/templates/gcc/startup_sam4l.o
BusFault_Handler                                  src/ASF/sam/utils/cmsis/sam4l/source/templates/exceptions.o
                                                  src/ASF/sam/utils/cmsis/sam4l/source/templates/gcc/startup_sam4l.o
CATB_Handler                                      src/ASF/sam/utils/cmsis/sam4l/source/templates/exceptions.o
                                                  src/ASF/sam/utils/cmsis/sam4l/source/templates/gcc/startup_sam4l.o
CRCCU_Handler                                     src/ASF/sam/utils/cmsis/sam4l/source/templates/exceptions.o
                                                  src/ASF/sam/utils/cmsis/sam4l/source/templates/gcc/startup_sam4l.o
DACC_Handler                                      src/ASF/sam/utils/cmsis/sam4l/source/templates/exceptions.o
                                                  src/ASF/sam/utils/cmsis/sam4l/source/templates/gcc/startup_sam4l.o
DebugMon_Handler                                  src/ASF/sam/utils/cmsis/sam4l/source/templates/exceptions.o
                                                  src/ASF/sam/utils/cmsis/sam4l/source/templates/gcc/startup_sam4l.o
Dummy_Handler                                     src/ASF/sam/utils/cmsis/sam4l/source/templates/exceptions.o
                                                  src/ASF/sam/utils/cmsis/sam4l/source/templates/gcc/startup_sam4l.o
EIC_1_Handler                                     src/ASF/sam/utils/cmsis/sam4l/source/templates/exceptions.o
                                                  src/ASF/sam/utils/cmsis/sam4l/source/templates/gcc/startup_sam4l.o
EIC_2_Handler                                     src/ASF/sam/utils/cmsis/sam4l/source/templates/exceptions.o
                                                  src/ASF/sam/utils/cmsis/sam4l/source/templates/gcc/startup_sam4l.o
EIC_3_Handler                                     src/ASF/sam/utils/cmsis/sam4l/source/templates/exceptions.o
                                                  src/ASF/sam/utils/cmsis/sam4l/source/templates/gcc/startup_sam4l.o
EIC_4_Handler                                     src/ASF/sam/utils/cmsis/sam4l/source/templates/exceptions.o
                                                  src/ASF/sam/utils/cmsis/sam4l/source/templates/gcc/startup_sam4l.o
EIC_5_Handler                                     src/ASF/sam/utils/cmsis/sam4l/source/templates/exceptions.o
                                                  src/ASF/sam/utils/cmsis/sam4l/source/templates/gcc/startup_sam4l.o
EIC_6_Handler                                     src/ASF/sam/utils/cmsis/sam4l/source/templates/exceptions.o
                                                  src/ASF/sam/utils/cmsis/sam4l/source/templates/gcc/startup_sam4l.o
EIC_7_Handler                                     src/ASF/sam/utils/cmsis/sam4l/source/templates/exceptions.o
                                                  src/ASF/sam/utils/cmsis/sam4l/source/templates/gcc/startup_sam4l.o
EIC_8_Handler                                     src/ASF/sam/utils/cmsis/sam4l/source/templates/exceptions.o
                                                  src/ASF/sam/utils/cmsis/sam4l/source/templates/gcc/startup_sam4l.o
FREQM_Handler                                     src/ASF/sam/utils/cmsis/sam4l/source/templates/exceptions.o
                                                  src/ASF/sam/utils/cmsis/sam4l/source/templates/gcc/startup_sam4l.o
GPIO_0_Handler                                    src/ASF/sam/drivers/gpio/gpio.o
                                                  src/ASF/sam/utils/cmsis/sam4l/source/templates/gcc/startup_sam4l.o
GPIO_10_Handler                                   src/ASF/sam/drivers/gpio/gpio.o
                                                  src/ASF/sam/utils/cmsis/sam4l/source/templates/gcc/startup_sam4l.o
GPIO_11_Handler                                   src/ASF/sam/drivers/gpio/gpio.o
                                                  src/ASF/sam/utils/cmsis/sam4l/source/templates/gcc/startup_sam4l.o
GPIO_1_Handler                                    src/ASF/sam/drivers/gpio/gpio.o
                                                  src/ASF/sam/utils/cmsis/sam4l/source/templates/gcc/startup_sam4l.o
GPIO_2_Handler                                    src/ASF/sam/drivers/gpio/gpio.o
                                                  src/ASF/sam/utils/cmsis/sam4l/source/templates/gcc/startup_sam4l.o
GPIO_3_Handler                                    src/ASF/sam/drivers/gpio/gpio.o
                                                  src/ASF/sam/utils/cmsis/sam4l/source/templates/gcc/startup_sam4l.o
GPIO_4_Handler                                    src/ASF/sam/drivers/gpio/gpio.o
                                                  src/ASF/sam/utils/cmsis/sam4l/source/templates/gcc/startup_sam4l.o
GPIO_5_Handler                                    src/ASF/sam/drivers/gpio/gpio.o
                                                  src/ASF/sam/utils/cmsis/sam4l/source/templates/gcc/startup_sam4l.o
GPIO_6_Handler                                    src/ASF/sam/drivers/gpio/gpio.o
                                                  src/ASF/sam/utils/cmsis/sam4l/source/templates/gcc/startup_sam4l.o
GPIO_7_Handler                                    src/ASF/sam/drivers/gpio/gpio.o
                                                  src/ASF/sam/utils/cmsis/sam4l/source/templates/gcc/startup_sam4l.o
GPIO_8_Handler                                    src/ASF/sam/drivers/gpio/gpio.o
                                                  src/ASF/sam/utils/cmsis/sam4l/source/templates/gcc/startup_sam4l.o
GPIO_9_Handler                                    src/ASF/sam/drivers/gpio/gpio.o
                                                  src/ASF/sam/utils/cmsis/sam4l/source/templates/gcc/startup_sam4l.o
HFLASHC_Handler                                   src/ASF/sam/utils/cmsis/sam4l/source/templates/exceptions.o
                                                  src/ASF/sam/utils/cmsis/sam4l/source/templates/gcc/startup_sam4l.o
HardFault_Handler                                 src/ASF/sam/utils/cmsis/sam4l/source/templates/exceptions.o
                                                  src/ASF/sam/utils/cmsis/sam4l/source/templates/gcc/startup_sam4l.o
IISC_Handler                                      src/ASF/sam/utils/cmsis/sam4l/source/templates/exceptions.o
                                                  src/ASF/sam/utils/cmsis/sam4l/source/templates/gcc/startup_sam4l.o
LCDCA_Handler                                     src/ASF/sam/utils/cmsis/sam4l/source/templates/exceptions.o
                                                  src/ASF/sam/utils/cmsis/sam4l/source/templates/gcc/startup_sam4l.o
MemManage_Handler                                 src/ASF/sam/utils/cmsis/sam4l/source/templates/exceptions.o
                                                  src/ASF/sam/utils/cmsis/sam4l/source/templates/gcc/startup_sam4l.o
NMI_Handler                                       src/ASF/sam/utils/cmsis/sam4l/source/templates/exceptions.o
                                                  src/ASF/sam/utils/cmsis/sam4l/source/templates/gcc/startup_sam4l.o
PARC_Handler                                      src/ASF/sam/utils/cmsis/sam4l/source/templates/exceptions.o
                                                  src/ASF/sam/utils/cmsis/sam4l/source/templates/gcc/startup_sam4l.o
PDCA_0_Handler                                    src/ASF/sam/utils/cmsis/sam4l/source/templates/exceptions.o
                                                  src/ASF/sam/utils/cmsis/sam4l/source/templates/gcc/startup_sam4l.o
PDCA_10_Handler                                   src/ASF/sam/utils/cmsis/sam4l/source/templates/exceptions.o
                                                  src/ASF/sam/utils/cmsis/sam4l/source/templates/gcc/startup_sam4l.o
PDCA_11_Handler                                   src/ASF/sam/utils/cmsis/sam4l/source/templates/exceptions.o
                                                  src/ASF/sam/utils/cmsis/sam4l/source/templates/gcc/startup_sam4l.o