Archive member included to satisfy reference by file (symbol)

c:/program files (x86)/atmel/studio/7.0/toolchain/arm/arm-gnu-toolchain/bin/../lib/gcc/arm-none-eabi/6.3.1/../../../../arm-none-eabi/lib/thumb/v7e-m\libc.a(lib_a-exit.o)
                              c:/program files (x86)/atmel/studio/7.0/toolchain/arm/arm-gnu-toolchain/bin/../lib/gcc/arm-none-eabi/6.3.1/../../../../arm-none-eabi/lib/thumb/v7e-m/crt0.o (exit)
c:/program files (x86)/atmel/studio/7.0/toolchain/arm/arm-gnu-toolchain/bin/../lib/gcc/arm-none-eabi/6.3.1/../../../../arm-none-eabi/lib/thumb/v7e-m\libc.a(lib_a-impure.o)
                              c:/program files (x86)/atmel/studio/7.0/toolchain/arm/arm-gnu-toolchain/bin/../lib/gcc/arm-none-eabi/6.3.1/../../../../arm-none-eabi/lib/thumb/v7e-m\libc.a(lib_a-exit.o) (_global_impure_ptr)
c:/program files (x86)/atmel/studio/7.0/toolchain/arm/arm-gnu-toolchain/bin/../lib/gcc/arm-none-eabi/6.3.1/../../../../arm-none-eabi/lib/thumb/v7e-m\libc.a(lib_a-init.o)
                              c:/program files (x86)/atmel/studio/7.0/toolchain/arm/arm-gnu-toolchain/bin/../lib/gcc/arm-none-eabi/6.3.1/../../../../arm-none-eabi/lib/thumb/v7e-m/crt0.o (__libc_init_array)
c:/program files (x86)/atmel/studio/7.0/toolchain/arm/arm-gnu-toolchain/bin/../lib/gcc/arm-none-eabi/6.3.1/../../../../arm-none-eabi/lib/thumb/v7e-m\libc.a(lib_a-memset.o)
                              c:/program files (x86)/atmel/studio/7.0/toolchain/arm/arm-gnu-toolchain/bin/../lib/gcc/arm-none-eabi/6.3.1/../../../../arm-none-eabi/lib/thumb/v7e-m/crt0.o (memset)
c:/program files (x86)/atmel/studio/7.0/toolchain/arm/arm-gnu-toolchain/bin/../lib/gcc/arm-none-eabi/6.3.1/../../../../arm-none-eabi/lib/thumb/v7e-m\libc.a(lib_a-__call_atexit.o)
                              c:/program files (x86)/atmel/studio/7.0/toolchain/arm/arm-gnu-toolchain/bin/../lib/gcc/arm-none-eabi/6.3.1/../../../../arm-none-eabi/lib/thumb/v7e-m\libc.a(lib_a-exit.o) (__call_exitprocs)
c:/program files (x86)/atmel/studio/7.0/toolchain/arm/arm-gnu-toolchain/bin/../lib/gcc/arm-none-eabi/6.3.1/../../../../arm-none-eabi/lib/thumb/v7e-m\libc.a(lib_a-atexit.o)
                              c:/program files (x86)/atmel/studio/7.0/toolchain/arm/arm-gnu-toolchain/bin/../lib/gcc/arm-none-eabi/6.3.1/../../../../arm-none-eabi/lib/thumb/v7e-m\libc.a(lib_a-__call_atexit.o) (atexit)
c:/program files (x86)/atmel/studio/7.0/toolchain/arm/arm-gnu-toolchain/bin/../lib/gcc/arm-none-eabi/6.3.1/../../../../arm-none-eabi/lib/thumb/v7e-m\libc.a(lib_a-fini.o)
                              c:/program files (x86)/atmel/studio/7.0/toolchain/arm/arm-gnu-toolchain/bin/../lib/gcc/arm-none-eabi/6.3.1/../../../../arm-none-eabi/lib/thumb/v7e-m\libc.a(lib_a-__call_atexit.o) (__libc_fini_array)
c:/program files (x86)/atmel/studio/7.0/toolchain/arm/arm-gnu-toolchain/bin/../lib/gcc/arm-none-eabi/6.3.1/../../../../arm-none-eabi/lib/thumb/v7e-m\libc.a(lib_a-lock.o)
                              c:/program files (x86)/atmel/studio/7.0/toolchain/arm/arm-gnu-toolchain/bin/../lib/gcc/arm-none-eabi/6.3.1/../../../../arm-none-eabi/lib/thumb/v7e-m\libc.a(lib_a-__call_atexit.o) (__retarget_lock_acquire_recursive)
c:/program files (x86)/atmel/studio/7.0/toolchain/arm/arm-gnu-toolchain/bin/../lib/gcc/arm-none-eabi/6.3.1/../../../../arm-none-eabi/lib/thumb/v7e-m\libc.a(lib_a-__atexit.o)
                              c:/program files (x86)/atmel/studio/7.0/toolchain/arm/arm-gnu-toolchain/bin/../lib/gcc/arm-none-eabi/6.3.1/../../../../arm-none-eabi/lib/thumb/v7e-m\libc.a(lib_a-atexit.o) (__register_exitproc)

Allocating common symbols
Common symbol       size              file

__lock___atexit_recursive_mutex
                    0x1               c:/program files (x86)/atmel/studio/7.0/toolchain/arm/arm-gnu-toolchain/bin/../lib/gcc/arm-none-eabi/6.3.1/../../../../arm-none-eabi/lib/thumb/v7e-m\libc.a(lib_a-lock.o)
__lock___arc4random_mutex
                    0x1               c:/program files (x86)/atmel/studio/7.0/toolchain/arm/arm-gnu-toolchain/bin/../lib/gcc/arm-none-eabi/6.3.1/../../../../arm-none-eabi/lib/thumb/v7e-m\libc.a(lib_a-lock.o)
__lock___env_recursive_mutex
                    0x1               c:/program files (x86)/atmel/studio/7.0/toolchain/arm/arm-gnu-toolchain/bin/../lib/gcc/arm-none-eabi/6.3.1/../../../../arm-none-eabi/lib/thumb/v7e-m\libc.a(lib_a-lock.o)
__lock___sinit_recursive_mutex
                    0x1               c:/program files (x86)/atmel/studio/7.0/toolchain/arm/arm-gnu-toolchain/bin/../lib/gcc/arm-none-eabi/6.3.1/../../../../arm-none-eabi/lib/thumb/v7e-m\libc.a(lib_a-lock.o)
__lock___malloc_recursive_mutex
                    0x1               c:/program files (x86)/atmel/studio/7.0/toolchain/arm/arm-gnu-toolchain/bin/../lib/gcc/arm-none-eabi/6.3.1/../../../../arm-none-eabi/lib/thumb/v7e-m\libc.a(lib_a-lock.o)
__lock___at_quick_exit_mutex
[...]
Memory Configuration

Name             Origin             Length             Attributes
rom              0x00000000         0x00040000         xr
ram              0x20000000         0x00008000         xrw
*default*        0x00000000         0xffffffff

Linker script and memory map

LOAD c:/program files (x86)/atmel/studio/7.0/toolchain/arm/arm-gnu-toolchain/bin/../lib/gcc/arm-none-eabi/6.3.1/thumb/v7e-m/crti.o
LOAD c:/program files (x86)/atmel/studio/7.0/toolchain/arm/arm-gnu-toolchain/bin/../lib/gcc/arm-none-eabi/6.3.1/thumb/v7e-m/crtbegin.o
LOAD c:/program files (x86)/atmel/studio/7.0/toolchain/arm/arm-gnu-toolchain/bin/../lib/gcc/arm-none-eabi/6.3.1/../../../../arm-none-eabi/lib/thumb/v7e-m/crt0.o
LOAD src/ASF/sam/drivers/usart/usart.o
LOAD src/ASF/common/services/serial/usart_serial.o
LOAD src/ASF/common/services/delay/sam/cycle_counter.o
LOAD src/ASF/common/services/clock/sam4l/dfll.o
LOAD src/ASF/common/services/clock/sam4l/osc.o
LOAD src/ASF/common/services/clock/sam4l/pll.o
LOAD src/ASF/common/services/clock/sam4l/sysclk.o
LOAD src/ASF/sam/drivers/bpm/bpm.o
LOAD src/ASF/sam/drivers/flashcalw/flashcalw.o
LOAD src/ASF/sam/drivers/gpio/gpio.o
LOAD src/ASF/common/boards/user_board/init.o
LOAD src/ASF/common/utils/interrupt/interrupt_sam_nvic.o
LOAD src/ASF/sam/utils/cmsis/sam4l/source/templates/exceptions.o
LOAD src/ASF/sam/utils/cmsis/sam4l/source/templates/gcc/startup_sam4l.o
LOAD src/ASF/sam/utils/cmsis/sam4l/source/templates/system_sam4l.o
LOAD src/ASF/sam/utils/syscalls/gcc/syscalls.o
LOAD src/main.o
START GROUP
LOAD ../src/ASF/thirdparty/CMSIS/Lib/GCC\libarm_cortexM4l_math.a
LOAD c:/program files (x86)/atmel/studio/7.0/toolchain/arm/arm-gnu-toolchain/bin/../lib/gcc/arm-none-eabi/6.3.1/../../../../arm-none-eabi/lib/thumb/v7e-m\libm.a
END GROUP
START GROUP
LOAD c:/program files (x86)/atmel/studio/7.0/toolchain/arm/arm-gnu-toolchain/bin/../lib/gcc/arm-none-eabi/6.3.1/thumb/v7e-m\libgcc.a
LOAD c:/program files (x86)/atmel/studio/7.0/toolchain/arm/arm-gnu-toolchain/bin/../lib/gcc/arm-none-eabi/6.3.1/../../../../arm-none-eabi/lib/thumb/v7e-m\libc.a
END GROUP
LOAD c:/program files (x86)/atmel/studio/7.0/toolchain/arm/arm-gnu-toolchain/bin/../lib/gcc/arm-none-eabi/6.3.1/thumb/v7e-m/crtend.o
LOAD c:/program files (x86)/atmel/studio/7.0/toolchain/arm/arm-gnu-toolchain/bin/../lib/gcc/arm-none-eabi/6.3.1/thumb/v7e-m/crtn.o
                0x00001000                __stack_size__ = DEFINED (__stack_size__)?__stack_size__:0x1000
                0x20007ffc                __ram_end__ = ((ORIGIN (ram) + LENGTH (ram)) - 0x4)

.text           0x00000000      0xba0
                0x00000000                . = ALIGN (0x4)
                0x00000000                _sfixed = .
 *(.vectors .vectors.*)
 .vectors       0x00000000      0x180 src/ASF/sam/utils/cmsis/sam4l/source/templates/gcc/startup_sam4l.o
                0x00000000                exception_table
 *(.text .text.* .gnu.linkonce.t.*)
 .text          0x00000180       0x6c c:/program files (x86)/atmel/studio/7.0/toolchain/arm/arm-gnu-toolchain/bin/../lib/gcc/arm-none-eabi/6.3.1/thumb/v7e-m/crtbegin.o
 .text.sysclk_priv_enable_module
                0x000001ec       0x60 src/ASF/common/services/clock/sam4l/sysclk.o
                0x000001ec                sysclk_priv_enable_module
 .text.sysclk_enable_pba_module
                0x0000024c       0x58 src/ASF/common/services/clock/sam4l/sysclk.o
                0x0000024c                sysclk_enable_pba_module
 .text.sysclk_enable_pbb_module
                0x000002a4       0x58 src/ASF/common/services/clock/sam4l/sysclk.o
                0x000002a4                sysclk_enable_pbb_module
 .text.sysclk_enable_peripheral_clock
                0x000002fc      0x3f4 src/ASF/common/services/clock/sam4l/sysclk.o
                0x000002fc                sysclk_enable_peripheral_clock
 .text.sysclk_init
                0x000006f0       0x7c src/ASF/common/services/clock/sam4l/sysclk.o
                0x000006f0                sysclk_init
 .text.bpm_power_scaling_cpu_failsafe
                0x0000076c       0x74 src/ASF/sam/drivers/bpm/bpm.o
                0x0000076c                bpm_power_scaling_cpu_failsafe
 .text.bpm_get_status
                0x000007e0        0x4 src/ASF/sam/drivers/bpm/bpm.o
                0x000007e0                bpm_get_status
 .text.gpio_common_handler
                0x000007e4       0x74 src/ASF/sam/drivers/gpio/gpio.o
 .text.GPIO_0_Handler
                0x00000858       0x10 src/ASF/sam/drivers/gpio/gpio.o
                0x00000858                GPIO_0_Handler
 .text.GPIO_1_Handler
                0x00000868       0x14 src/ASF/sam/drivers/gpio/gpio.o
                0x00000868                GPIO_1_Handler
 .text.GPIO_2_Handler
                0x0000087c       0x14 src/ASF/sam/drivers/gpio/gpio.o
                0x0000087c                GPIO_2_Handler
 .text.GPIO_3_Handler
                0x00000890       0x14 src/ASF/sam/drivers/gpio/gpio.o
                0x00000890                GPIO_3_Handler
 .text.GPIO_4_Handler
                0x000008a4       0x10 src/ASF/sam/drivers/gpio/gpio.o
                0x000008a4                GPIO_4_Handler
 .text.GPIO_5_Handler
                0x000008b4       0x14 src/ASF/sam/drivers/gpio/gpio.o
                0x000008b4                GPIO_5_Handler
 .text.GPIO_6_Handler
                0x000008c8       0x14 src/ASF/sam/drivers/gpio/gpio.o
                0x000008c8                GPIO_6_Handler
 .text.GPIO_7_Handler
                0x000008dc       0x14 src/ASF/sam/drivers/gpio/gpio.o
                0x000008dc                GPIO_7_Handler
 .text.GPIO_8_Handler
                0x000008f0       0x10 src/ASF/sam/drivers/gpio/gpio.o
                0x000008f0                GPIO_8_Handler
 .text.GPIO_9_Handler
                0x00000900       0x14 src/ASF/sam/drivers/gpio/gpio.o
                0x00000900                GPIO_9_Handler
 .text.GPIO_10_Handler
                0x00000914       0x14 src/ASF/sam/drivers/gpio/gpio.o
                0x00000914                GPIO_10_Handler
 .text.GPIO_11_Handler
                0x00000928       0x14 src/ASF/sam/drivers/gpio/gpio.o
                0x00000928                GPIO_11_Handler
 .text.board_init
                0x0000093c        0x2 src/ASF/common/boards/user_board/init.o
                0x0000093c                board_init
 .text.Dummy_Handler
                0x0000093e        0x2 src/ASF/sam/utils/cmsis/sam4l/source/templates/exceptions.o
                0x0000093e                EIC_5_Handler
                0x0000093e                DACC_Handler
                0x0000093e                DebugMon_Handler
                0x0000093e                TRNG_Handler
                0x0000093e                HardFault_Handler
                0x0000093e                SPI_Handler
                0x0000093e                EIC_4_Handler
                0x0000093e                SysTick_Handler
                0x0000093e                PDCA_10_Handler
                0x0000093e                USART3_Handler
                0x0000093e                AST_PER_Handler
                0x0000093e                AST_CLKREADY_Handler
                0x0000093e                AST_OVF_Handler
                0x0000093e                PDCA_5_Handler
                0x0000093e                PendSV_Handler
                0x0000093e                NMI_Handler
                0x0000093e                SCIF_Handler
                0x0000093e                PDCA_15_Handler
                0x0000093e                CRCCU_Handler
                0x0000093e                USART0_Handler
                0x0000093e                EIC_3_Handler
                0x0000093e                TWIM3_Handler
                0x0000093e                UsageFault_Handler
                0x0000093e                PDCA_0_Handler
                0x0000093e                TC12_Handler
                0x0000093e                PDCA_14_Handler
                0x0000093e                BPM_Handler
                0x0000093e                PARC_Handler
                0x0000093e                WDT_Handler
                0x0000093e                EIC_8_Handler
                0x0000093e                TWIS0_Handler
                0x0000093e                PDCA_8_Handler
                0x0000093e                TWIS1_Handler
                0x0000093e                TWIM2_Handler
                0x0000093e                AESA_Handler
                0x0000093e                PDCA_13_Handler
                0x0000093e                Dummy_Handler
                0x0000093e                PDCA_3_Handler
                0x0000093e                ABDACB_Handler
                0x0000093e                CATB_Handler
                0x0000093e                LCDCA_Handler
                0x0000093e                USART1_Handler
                0x0000093e                AST_READY_Handler
                0x0000093e                PDCA_2_Handler
                0x0000093e                AST_ALARM_Handler
                0x0000093e                TWIM0_Handler
                0x0000093e                PM_Handler
                0x0000093e                TC11_Handler
                0x0000093e                PDCA_1_Handler
                0x0000093e                PDCA_11_Handler
                0x0000093e                ACIFC_Handler
                0x0000093e                TC00_Handler
                0x0000093e                TC02_Handler
                0x0000093e                PDCA_6_Handler
                0x0000093e                MemManage_Handler
                0x0000093e                SVC_Handler
                0x0000093e                PDCA_12_Handler
                0x0000093e                PDCA_9_Handler
                0x0000093e                ADCIFE_Handler
                0x0000093e                EIC_2_Handler
                0x0000093e                PDCA_7_Handler
                0x0000093e                PEVC_TR_Handler
                0x0000093e                USART2_Handler
                0x0000093e                EIC_6_Handler
                0x0000093e                TC10_Handler
                0x0000093e                TWIM1_Handler
                0x0000093e                EIC_1_Handler
                0x0000093e                EIC_7_Handler
                0x0000093e                HFLASHC_Handler
                0x0000093e                TC01_Handler
                0x0000093e                BSCIF_Handler
                0x0000093e                USBC_Handler
                0x0000093e                IISC_Handler
                0x0000093e                BusFault_Handler
                0x0000093e                FREQM_Handler
                0x0000093e                PDCA_4_Handler
                0x0000093e                PEVC_OV_Handler
 .text.Reset_Handler
                0x00000940       0x84 src/ASF/sam/utils/cmsis/sam4l/source/templates/gcc/startup_sam4l.o
                0x00000940                Reset_Handler
 .text.main     0x000009c4       0x44 src/main.o
                0x000009c4                main
 .text.__libc_init_array
                0x00000a08       0x50 c:/program files (x86)/atmel/studio/7.0/toolchain/arm/arm-gnu-toolchain/bin/../lib/gcc/arm-none-eabi/6.3.1/../../../../arm-none-eabi/lib/thumb/v7e-m\libc.a(lib_a-init.o)
                0x00000a08                __libc_init_array
 .text.startup.register_fini
                0x00000a58       0x14 c:/program files (x86)/atmel/studio/7.0/toolchain/arm/arm-gnu-toolchain/bin/../lib/gcc/arm-none-eabi/6.3.1/../../../../arm-none-eabi/lib/thumb/v7e-m\libc.a(lib_a-__call_atexit.o)
 .text.atexit   0x00000a6c        0xc c:/program files (x86)/atmel/studio/7.0/toolchain/arm/arm-gnu-toolchain/bin/../lib/gcc/arm-none-eabi/6.3.1/../../../../arm-none-eabi/lib/thumb/v7e-m\libc.a(lib_a-atexit.o)
                0x00000a6c                atexit
 .text.__libc_fini_array
                0x00000a78       0x34 c:/program files (x86)/atmel/studio/7.0/toolchain/arm/arm-gnu-toolchain/bin/../lib/gcc/arm-none-eabi/6.3.1/../../../../arm-none-eabi/lib/thumb/v7e-m\libc.a(lib_a-fini.o)
                0x00000a78                __libc_fini_array
 .text.__retarget_lock_acquire_recursive
                0x00000aac        0x4 c:/program files (x86)/atmel/studio/7.0/toolchain/arm/arm-gnu-toolchain/bin/../lib/gcc/arm-none-eabi/6.3.1/../../../../arm-none-eabi/lib/thumb/v7e-m\libc.a(lib_a-lock.o)
                0x00000aac                __retarget_lock_acquire_recursive
 .text.__retarget_lock_release_recursive
                0x00000ab0        0x4 c:/program files (x86)/atmel/studio/7.0/toolchain/arm/arm-gnu-toolchain/bin/../lib/gcc/arm-none-eabi/6.3.1/../../../../arm-none-eabi/lib/thumb/v7e-m\libc.a(lib_a-lock.o)
                0x00000ab0                __retarget_lock_release_recursive
 .text.__register_exitproc
                0x00000ab4       0xc4 c:/program files (x86)/atmel/studio/7.0/toolchain/arm/arm-gnu-toolchain/bin/../lib/gcc/arm-none-eabi/6.3.1/../../../../arm-none-eabi/lib/thumb/v7e-m\libc.a(lib_a-__atexit.o)
                0x00000ab4                __register_exitproc
 *(.glue_7t)
 .glue_7t       0x00000b78        0x0 linker stubs
 *(.glue_7)
 .glue_7        0x00000b78        0x0 linker stubs
 *(.rodata .rodata* .gnu.linkonce.r.*)
 .rodata._global_impure_ptr
                0x00000b78        0x4 c:/program files (x86)/atmel/studio/7.0/toolchain/arm/arm-gnu-toolchain/bin/../lib/gcc/arm-none-eabi/6.3.1/../../../../arm-none-eabi/lib/thumb/v7e-m\libc.a(lib_a-impure.o)
                0x00000b78                _global_impure_ptr
 *(.ARM.extab* .gnu.linkonce.armextab.*)
                0x00000b7c                . = ALIGN (0x4)
 *(.init)
 .init          0x00000b7c        0x4 c:/program files (x86)/atmel/studio/7.0/toolchain/arm/arm-gnu-toolchain/bin/../lib/gcc/arm-none-eabi/6.3.1/thumb/v7e-m/crti.o
                0x00000b7c                _init
 .init          0x00000b80        0x8 c:/program files (x86)/atmel/studio/7.0/toolchain/arm/arm-gnu-toolchain/bin/../lib/gcc/arm-none-eabi/6.3.1/thumb/v7e-m/crtn.o
                0x00000b88                . = ALIGN (0x4)
                0x00000b88                __preinit_array_start = .
 *(.preinit_array)
                0x00000b88                __preinit_array_end = .
                0x00000b88                . = ALIGN (0x4)
                0x00000b88                __init_array_start = .
 *(SORT(.init_array.*))
 .init_array.00000
                0x00000b88        0x4 c:/program files (x86)/atmel/studio/7.0/toolchain/arm/arm-gnu-toolchain/bin/../lib/gcc/arm-none-eabi/6.3.1/../../../../arm-none-eabi/lib/thumb/v7e-m\libc.a(lib_a-__call_atexit.o)
 *(.init_array)
 .init_array    0x00000b8c        0x4 c:/program files (x86)/atmel/studio/7.0/toolchain/arm/arm-gnu-toolchain/bin/../lib/gcc/arm-none-eabi/6.3.1/thumb/v7e-m/crtbegin.o
                0x00000b90                __init_array_end = .
                0x00000b90                . = ALIGN (0x4)
 *crtbegin.o(.ctors)
 *(EXCLUDE_FILE(*crtend.o) .ctors)
 *(SORT(.ctors.*))
 *crtend.o(.ctors)
                0x00000b90                . = ALIGN (0x4)
 *(.fini)
 .fini          0x00000b90        0x4 c:/program files (x86)/atmel/studio/7.0/toolchain/arm/arm-gnu-toolchain/bin/../lib/gcc/arm-none-eabi/6.3.1/thumb/v7e-m/crti.o
                0x00000b90                _fini
 .fini          0x00000b94        0x8 c:/program files (x86)/atmel/studio/7.0/toolchain/arm/arm-gnu-toolchain/bin/../lib/gcc/arm-none-eabi/6.3.1/thumb/v7e-m/crtn.o
                0x00000b9c                . = ALIGN (0x4)
                0x00000b9c                __fini_array_start = .
 *(.fini_array)
 .fini_array    0x00000b9c        0x4 c:/program files (x86)/atmel/studio/7.0/toolchain/arm/arm-gnu-toolchain/bin/../lib/gcc/arm-none-eabi/6.3.1/thumb/v7e-m/crtbegin.o
 *(SORT(.fini_array.*))
                0x00000ba0                __fini_array_end = .
 *crtbegin.o(.dtors)
 *(EXCLUDE_FILE(*crtend.o) .dtors)
 *(SORT(.dtors.*))
 *crtend.o(.dtors)
                0x00000ba0                . = ALIGN (0x4)
                0x00000ba0                _efixed = .
                [!provide]                PROVIDE (__exidx_start, .)

.vfp11_veneer   0x00000ba0        0x0
 .vfp11_veneer  0x00000ba0        0x0 linker stubs

.v4_bx          0x00000ba0        0x0
 .v4_bx         0x00000ba0        0x0 linker stubs

.iplt           0x00000ba0        0x0
 .iplt          0x00000ba0        0x0 c:/program files (x86)/atmel/studio/7.0/toolchain/arm/arm-gnu-toolchain/bin/../lib/gcc/arm-none-eabi/6.3.1/thumb/v7e-m/crtbegin.o

.eh_frame       0x00000ba0        0x0
 .eh_frame      0x00000ba0        0x0 c:/program files (x86)/atmel/studio/7.0/toolchain/arm/arm-gnu-toolchain/bin/../lib/gcc/arm-none-eabi/6.3.1/thumb/v7e-m/crtbegin.o

.rel.dyn        0x00000ba0        0x0
 .rel.iplt      0x00000ba0        0x0 c:/program files (x86)/atmel/studio/7.0/toolchain/arm/arm-gnu-toolchain/bin/../lib/gcc/arm-none-eabi/6.3.1/thumb/v7e-m/crtbegin.o

.jcr            0x00000ba0        0x0
 .jcr           0x00000ba0        0x0 c:/program files (x86)/atmel/studio/7.0/toolchain/arm/arm-gnu-toolchain/bin/../lib/gcc/arm-none-eabi/6.3.1/thumb/v7e-m/crtbegin.o

.igot.plt       0x00000ba0        0x0
 .igot.plt      0x00000ba0        0x0 c:/program files (x86)/atmel/studio/7.0/toolchain/arm/arm-gnu-toolchain/bin/../lib/gcc/arm-none-eabi/6.3.1/thumb/v7e-m/crtbegin.o

.ARM.exidx
 *(.ARM.exidx* .gnu.linkonce.armexidx.*)
                [!provide]                PROVIDE (__exidx_end, .)
                0x00000ba0                . = ALIGN (0x4)
                0x00000ba0                _etext = .

.relocate       0x20000000      0x46c load address 0x00000ba0
                0x20000000                . = ALIGN (0x4)
                0x20000000                _srelocate = .
 *(.ramfunc .ramfunc.*)
 .ramfunc       0x20000000        0xa src/ASF/common/services/delay/sam/cycle_counter.o
                0x20000000                portable_delay_cycles
 *fill*         0x2000000a        0x2 
 .ramfunc       0x2000000c       0x2c src/ASF/sam/drivers/bpm/bpm.o
                0x2000000c                bpm_ps_no_halt_exec
 *(.data .data.*)
 .data.g_interrupt_enabled
                0x20000038        0x1 src/ASF/common/utils/interrupt/interrupt_sam_nvic.o
                0x20000038                g_interrupt_enabled
 *fill*         0x20000039        0x7 
 .data.impure_data
                0x20000040      0x428 c:/program files (x86)/atmel/studio/7.0/toolchain/arm/arm-gnu-toolchain/bin/../lib/gcc/arm-none-eabi/6.3.1/../../../../arm-none-eabi/lib/thumb/v7e-m\libc.a(lib_a-impure.o)
 .data.__atexit_recursive_mutex
                0x20000468        0x4 c:/program files (x86)/atmel/studio/7.0/toolchain/arm/arm-gnu-toolchain/bin/../lib/gcc/arm-none-eabi/6.3.1/../../../../arm-none-eabi/lib/thumb/v7e-m\libc.a(lib_a-__call_atexit.o)
                0x20000468                __atexit_recursive_mutex
                0x2000046c                . = ALIGN (0x4)
                0x2000046c                _erelocate = .

.bss            0x2000046c       0x74 load address 0x0000100c
                0x2000046c                . = ALIGN (0x4)
                0x2000046c                _sbss = .
                0x2000046c                _szero = .
 *(.bss .bss.*)
 .bss           0x2000046c       0x1c c:/program files (x86)/atmel/studio/7.0/toolchain/arm/arm-gnu-toolchain/bin/../lib/gcc/arm-none-eabi/6.3.1/thumb/v7e-m/crtbegin.o
 .bss.gpio_int_sources
                0x20000488       0x30 src/ASF/sam/drivers/gpio/gpio.o
 .bss.gpio_nb_sources
                0x200004b8        0x4 src/ASF/sam/drivers/gpio/gpio.o
 *(COMMON)
 COMMON         0x200004bc       0x21 c:/program files (x86)/atmel/studio/7.0/toolchain/arm/arm-gnu-toolchain/bin/../lib/gcc/arm-none-eabi/6.3.1/../../../../arm-none-eabi/lib/thumb/v7e-m\libc.a(lib_a-lock.o)
                0x200004bc                __lock___atexit_recursive_mutex
                0x200004c0                __lock___arc4random_mutex
                0x200004c4                __lock___env_recursive_mutex
                0x200004c8                __lock___sinit_recursive_mutex
                0x200004cc                __lock___malloc_recursive_mutex
                0x200004d0                __lock___at_quick_exit_mutex
                0x200004d4                __lock___dd_hash_mutex
                0x200004d8                __lock___tz_mutex
                0x200004dc                __lock___sfp_recursive_mutex
                0x200004e0                . = ALIGN (0x4)
 *fill*         0x200004dd        0x3 
                0x200004e0                _ebss = .
                0x200004e0                _ezero = .

.stack          0x200004e0     0x1000 load address 0x00001080
                0x200004e0                . = ALIGN (0x8)
                0x200004e0                _sstack = .
                0x200014e0                . = (. + __stack_size__)
 *fill*         0x200004e0     0x1000 
                0x200014e0                . = ALIGN (0x8)
                0x200014e0                _estack = .
                0x200014e0                . = ALIGN (0x4)
                0x200014e0                _end = .
OUTPUT(BaseProject.elf elf32-littlearm)

.ARM.attributes
                0x00000000       0x2a
 .ARM.attributes
                0x00000000       0x1e c:/program files (x86)/atmel/studio/7.0/toolchain/arm/arm-gnu-toolchain/bin/../lib/gcc/arm-none-eabi/6.3.1/thumb/v7e-m/crti.o
 .ARM.attributes
                0x0000001e       0x2e c:/program files (x86)/atmel/studio/7.0/toolchain/arm/arm-gnu-toolchain/bin/../lib/gcc/arm-none-eabi/6.3.1/thumb/v7e-m/crtbegin.o
 .ARM.attributes
                0x0000004c       0x33 src/ASF/common/services/delay/sam/cycle_counter.o
 .ARM.attributes
                0x0000007f       0x33 src/ASF/common/services/clock/sam4l/sysclk.o
 .ARM.attributes
                0x000000b2       0x33 src/ASF/sam/drivers/bpm/bpm.o
 .ARM.attributes
                0x000000e5       0x33 src/ASF/sam/drivers/gpio/gpio.o
 .ARM.attributes
                0x00000118       0x33 src/ASF/common/boards/user_board/init.o
 .ARM.attributes
                0x0000014b       0x33 src/ASF/common/utils/interrupt/interrupt_sam_nvic.o
 .ARM.attributes
                0x0000017e       0x33 src/ASF/sam/utils/cmsis/sam4l/source/templates/exceptions.o
 .ARM.attributes
                0x000001b1       0x33 src/ASF/sam/utils/cmsis/sam4l/source/templates/gcc/startup_sam4l.o
 .ARM.attributes
                0x000001e4       0x33 src/main.o
 .ARM.attributes
                0x00000217       0x2e c:/program files (x86)/atmel/studio/7.0/toolchain/arm/arm-gnu-toolchain/bin/../lib/gcc/arm-none-eabi/6.3.1/../../../../arm-none-eabi/lib/thumb/v7e-m\libc.a(lib_a-impure.o)
 .ARM.attributes
                0x00000245       0x2e c:/program files (x86)/atmel/studio/7.0/toolchain/arm/arm-gnu-toolchain/bin/../lib/gcc/arm-none-eabi/6.3.1/../../../../arm-none-eabi/lib/thumb/v7e-m\libc.a(lib_a-init.o)
 .ARM.attributes
                0x00000273       0x2e c:/program files (x86)/atmel/studio/7.0/toolchain/arm/arm-gnu-toolchain/bin/../lib/gcc/arm-none-eabi/6.3.1/../../../../arm-none-eabi/lib/thumb/v7e-m\libc.a(lib_a-__call_atexit.o)
 .ARM.attributes
                0x000002a1       0x2e c:/program files (x86)/atmel/studio/7.0/toolchain/arm/arm-gnu-toolchain/bin/../lib/gcc/arm-none-eabi/6.3.1/../../../../arm-none-eabi/lib/thumb/v7e-m\libc.a(lib_a-atexit.o)
 .ARM.attributes
                0x000002cf       0x2e c:/program files (x86)/atmel/studio/7.0/toolchain/arm/arm-gnu-toolchain/bin/../lib/gcc/arm-none-eabi/6.3.1/../../../../arm-none-eabi/lib/thumb/v7e-m\libc.a(lib_a-fini.o)
 .ARM.attributes
                0x000002fd       0x2e c:/program files (x86)/atmel/studio/7.0/toolchain/arm/arm-gnu-toolchain/bin/../lib/gcc/arm-none-eabi/6.3.1/../../../../arm-none-eabi/lib/thumb/v7e-m\libc.a(lib_a-lock.o)
 .ARM.attributes
                0x0000032b       0x2e c:/program files (x86)/atmel/studio/7.0/toolchain/arm/arm-gnu-toolchain/bin/../lib/gcc/arm-none-eabi/6.3.1/../../../../arm-none-eabi/lib/thumb/v7e-m\libc.a(lib_a-__atexit.o)
 .ARM.attributes
                0x00000359       0x1e c:/program files (x86)/atmel/studio/7.0/toolchain/arm/arm-gnu-toolchain/bin/../lib/gcc/arm-none-eabi/6.3.1/thumb/v7e-m/crtn.o

.comment        0x00000000       0x59
 .comment       0x00000000       0x59 src/ASF/common/services/delay/sam/cycle_counter.o
                                 0x5a (size before relaxing)
 .comment       0x00000059       0x5a src/ASF/common/services/clock/sam4l/sysclk.o
 .comment       0x00000059       0x5a src/ASF/sam/drivers/bpm/bpm.o
 .comment       0x00000059       0x5a src/ASF/sam/drivers/gpio/gpio.o
 .comment       0x00000059       0x5a src/ASF/common/boards/user_board/init.o
 .comment       0x00000059       0x5a src/ASF/common/utils/interrupt/interrupt_sam_nvic.o
 .comment       0x00000059       0x5a src/ASF/sam/utils/cmsis/sam4l/source/templates/exceptions.o
 .comment       0x00000059       0x5a src/ASF/sam/utils/cmsis/sam4l/source/templates/gcc/startup_sam4l.o
 .comment       0x00000059       0x5a src/main.o

.debug_info     0x00000000     0x93a6
 .debug_info    0x00000000      0xa45 src/ASF/common/services/delay/sam/cycle_counter.o
 .debug_info    0x00000a45     0x28cf src/ASF/common/services/clock/sam4l/sysclk.o
 .debug_info    0x00003314     0x1713 src/ASF/sam/drivers/bpm/bpm.o
 .debug_info    0x00004a27     0x1bd5 src/ASF/sam/drivers/gpio/gpio.o
 .debug_info    0x000065fc      0xa4b src/ASF/common/boards/user_board/init.o
 .debug_info    0x00007047      0xb01 src/ASF/common/utils/interrupt/interrupt_sam_nvic.o
 .debug_info    0x00007b48       0xdd src/ASF/sam/utils/cmsis/sam4l/source/templates/exceptions.o
 .debug_info    0x00007c25      0x3cb src/ASF/sam/utils/cmsis/sam4l/source/templates/gcc/startup_sam4l.o
 .debug_info    0x00007ff0     0x13b6 src/main.o

.debug_abbrev   0x00000000     0x149a
 .debug_abbrev  0x00000000      0x1b3 src/ASF/common/services/delay/sam/cycle_counter.o
 .debug_abbrev  0x000001b3      0x3fe src/ASF/common/services/clock/sam4l/sysclk.o
 .debug_abbrev  0x000005b1      0x357 src/ASF/sam/drivers/bpm/bpm.o
 .debug_abbrev  0x00000908      0x350 src/ASF/sam/drivers/gpio/gpio.o
 .debug_abbrev  0x00000c58      0x1a4 src/ASF/common/boards/user_board/init.o
 .debug_abbrev  0x00000dfc      0x212 src/ASF/common/utils/interrupt/interrupt_sam_nvic.o
 .debug_abbrev  0x0000100e       0x7d src/ASF/sam/utils/cmsis/sam4l/source/templates/exceptions.o
 .debug_abbrev  0x0000108b      0x11d src/ASF/sam/utils/cmsis/sam4l/source/templates/gcc/startup_sam4l.o
 .debug_abbrev  0x000011a8      0x2f2 src/main.o

.debug_aranges  0x00000000      0x288
 .debug_aranges
                0x00000000       0x20 src/ASF/common/services/delay/sam/cycle_counter.o
 .debug_aranges
                0x00000020       0x78 src/ASF/common/services/clock/sam4l/sysclk.o
 .debug_aranges
                0x00000098       0xc0 src/ASF/sam/drivers/bpm/bpm.o
 .debug_aranges
                0x00000158       0x88 src/ASF/sam/drivers/gpio/gpio.o
 .debug_aranges
                0x000001e0       0x20 src/ASF/common/boards/user_board/init.o
 .debug_aranges
                0x00000200       0x28 src/ASF/common/utils/interrupt/interrupt_sam_nvic.o
 .debug_aranges
                0x00000228       0x20 src/ASF/sam/utils/cmsis/sam4l/source/templates/exceptions.o
 .debug_aranges
                0x00000248       0x20 src/ASF/sam/utils/cmsis/sam4l/source/templates/gcc/startup_sam4l.o
 .debug_aranges
                0x00000268       0x20 src/main.o

.debug_ranges   0x00000000      0x240
 .debug_ranges  0x00000000       0x10 src/ASF/common/services/delay/sam/cycle_counter.o
 .debug_ranges  0x00000010       0x68 src/ASF/common/services/clock/sam4l/sysclk.o
 .debug_ranges  0x00000078       0xb0 src/ASF/sam/drivers/bpm/bpm.o
 .debug_ranges  0x00000128       0xa8 src/ASF/sam/drivers/gpio/gpio.o
 .debug_ranges  0x000001d0       0x10 src/ASF/common/boards/user_board/init.o
 .debug_ranges  0x000001e0       0x18 src/ASF/common/utils/interrupt/interrupt_sam_nvic.o
 .debug_ranges  0x000001f8       0x10 src/ASF/sam/utils/cmsis/sam4l/source/templates/exceptions.o
 .debug_ranges  0x00000208       0x10 src/ASF/sam/utils/cmsis/sam4l/source/templates/gcc/startup_sam4l.o
 .debug_ranges  0x00000218       0x28 src/main.o

.debug_macro    0x00000000     0x37ba
 .debug_macro   0x00000000      0x5eb src/ASF/common/services/delay/sam/cycle_counter.o
 .debug_macro   0x000005eb       0x22 src/ASF/common/services/delay/sam/cycle_counter.o
 .debug_macro   0x0000060d      0x6c4 src/ASF/common/services/clock/sam4l/sysclk.o
 .debug_macro   0x00000cd1       0x47 src/ASF/common/services/clock/sam4l/sysclk.o
 .debug_macro   0x00000d18       0xce src/ASF/common/services/clock/sam4l/sysclk.o
 .debug_macro   0x00000de6      0x5e5 src/ASF/sam/drivers/bpm/bpm.o
 .debug_macro   0x000013cb      0x6ad src/ASF/sam/drivers/gpio/gpio.o
 .debug_macro   0x00001a78       0x8e src/ASF/sam/drivers/gpio/gpio.o
 .debug_macro   0x00001b06      0x71e src/ASF/common/boards/user_board/init.o
 .debug_macro   0x00002224       0x28 src/ASF/common/boards/user_board/init.o
 .debug_macro   0x0000224c       0x23 src/ASF/common/boards/user_board/init.o
 .debug_macro   0x0000226f       0x94 src/ASF/common/boards/user_board/init.o
 .debug_macro   0x00002303      0x5db src/ASF/common/utils/interrupt/interrupt_sam_nvic.o
 .debug_macro   0x000028de      0x3df src/ASF/sam/utils/cmsis/sam4l/source/templates/exceptions.o
 .debug_macro   0x00002cbd      0x3df src/ASF/sam/utils/cmsis/sam4l/source/templates/gcc/startup_sam4l.o
 .debug_macro   0x0000309c      0x71e src/main.o

.debug_line     0x00000000     0x7d60
 .debug_line    0x00000000      0xc7d src/ASF/common/services/delay/sam/cycle_counter.o
 .debug_line    0x00000c7d     0x1333 src/ASF/common/services/clock/sam4l/sysclk.o
 .debug_line    0x00001fb0      0xe69 src/ASF/sam/drivers/bpm/bpm.o
 .debug_line    0x00002e19      0xf43 src/ASF/sam/drivers/gpio/gpio.o
 .debug_line    0x00003d5c      0xf8e src/ASF/common/boards/user_board/init.o
 .debug_line    0x00004cea      0xc91 src/ASF/common/utils/interrupt/interrupt_sam_nvic.o
 .debug_line    0x0000597b      0x9f3 src/ASF/sam/utils/cmsis/sam4l/source/templates/exceptions.o
 .debug_line    0x0000636e      0xa3a src/ASF/sam/utils/cmsis/sam4l/source/templates/gcc/startup_sam4l.o
 .debug_line    0x00006da8      0xfb8 src/main.o

.debug_str      0x00000000    0xe194d
 .debug_str     0x00000000    0xdd88b src/ASF/common/services/delay/sam/cycle_counter.o
                              0xde10d (size before relaxing)
 .debug_str     0x000dd88b     0x2ab7 src/ASF/common/services/clock/sam4l/sysclk.o
                              0xe0a91 (size before relaxing)
 .debug_str     0x000e0342      0x44d src/ASF/sam/drivers/bpm/bpm.o
                              0xde9eb (size before relaxing)
 .debug_str     0x000e078f      0xd0f src/ASF/sam/drivers/gpio/gpio.o
                              0xe08b7 (size before relaxing)
 .debug_str     0x000e149e      0x266 src/ASF/common/boards/user_board/init.o
                              0xe07e6 (size before relaxing)
 .debug_str     0x000e1704       0x65 src/ASF/common/utils/interrupt/interrupt_sam_nvic.o
                              0xddfe9 (size before relaxing)
 .debug_str     0x000e1769       0x4d src/ASF/sam/utils/cmsis/sam4l/source/templates/exceptions.o
                              0xce58c (size before relaxing)
 .debug_str     0x000e17b6       0xd9 src/ASF/sam/utils/cmsis/sam4l/source/templates/gcc/startup_sam4l.o
                              0xce688 (size before relaxing)
 .debug_str     0x000e188f       0xbe src/main.o
                              0xe0d7f (size before relaxing)

.debug_frame    0x00000000      0x730
 .debug_frame   0x00000000       0x20 src/ASF/common/services/delay/sam/cycle_counter.o
 .debug_frame   0x00000020      0x18c src/ASF/common/services/clock/sam4l/sysclk.o
 .debug_frame   0x000001ac      0x184 src/ASF/sam/drivers/bpm/bpm.o
 .debug_frame   0x00000330      0x180 src/ASF/sam/drivers/gpio/gpio.o
 .debug_frame   0x000004b0       0x20 src/ASF/common/boards/user_board/init.o
 .debug_frame   0x000004d0       0x30 src/ASF/common/utils/interrupt/interrupt_sam_nvic.o
 .debug_frame   0x00000500       0x20 src/ASF/sam/utils/cmsis/sam4l/source/templates/exceptions.o
 .debug_frame   0x00000520       0x28 src/ASF/sam/utils/cmsis/sam4l/source/templates/gcc/startup_sam4l.o
 .debug_frame   0x00000548       0x28 src/main.o
 .debug_frame   0x00000570       0x2c c:/program files (x86)/atmel/studio/7.0/toolchain/arm/arm-gnu-toolchain/bin/../lib/gcc/arm-none-eabi/6.3.1/../../../../arm-none-eabi/lib/thumb/v7e-m\libc.a(lib_a-init.o)
 .debug_frame   0x0000059c       0x5c c:/program files (x86)/atmel/studio/7.0/toolchain/arm/arm-gnu-toolchain/bin/../lib/gcc/arm-none-eabi/6.3.1/../../../../arm-none-eabi/lib/thumb/v7e-m\libc.a(lib_a-__call_atexit.o)
 .debug_frame   0x000005f8       0x20 c:/program files (x86)/atmel/studio/7.0/toolchain/arm/arm-gnu-toolchain/bin/../lib/gcc/arm-none-eabi/6.3.1/../../../../arm-none-eabi/lib/thumb/v7e-m\libc.a(lib_a-atexit.o)
 .debug_frame   0x00000618       0x34 c:/program files (x86)/atmel/studio/7.0/toolchain/arm/arm-gnu-toolchain/bin/../lib/gcc/arm-none-eabi/6.3.1/../../../../arm-none-eabi/lib/thumb/v7e-m\libc.a(lib_a-fini.o)
 .debug_frame   0x0000064c       0xb0 c:/program files (x86)/atmel/studio/7.0/toolchain/arm/arm-gnu-toolchain/bin/../lib/gcc/arm-none-eabi/6.3.1/../../../../arm-none-eabi/lib/thumb/v7e-m\libc.a(lib_a-lock.o)
 .debug_frame   0x000006fc       0x34 c:/program files (x86)/atmel/studio/7.0/toolchain/arm/arm-gnu-toolchain/bin/../lib/gcc/arm-none-eabi/6.3.1/../../../../arm-none-eabi/lib/thumb/v7e-m\libc.a(lib_a-__atexit.o)

.debug_loc      0x00000000     0x1c1e
 .debug_loc     0x00000000     0x11bd src/ASF/common/services/clock/sam4l/sysclk.o
 .debug_loc     0x000011bd      0x47e src/ASF/sam/drivers/bpm/bpm.o
 .debug_loc     0x0000163b      0x52f src/ASF/sam/drivers/gpio/gpio.o
 .debug_loc     0x00001b6a       0x6b src/ASF/sam/utils/cmsis/sam4l/source/templates/gcc/startup_sam4l.o
 .debug_loc     0x00001bd5       0x49 src/main.o

Cross Reference Table

Symbol                                            File
ABDACB_Handler                                    src/ASF/sam/utils/cmsis/sam4l/source/templates/exceptions.o
                                                  src/ASF/sam/utils/cmsis/sam4l/source/templates/gcc/startup_sam4l.o
ACIFC_Handler                                     src/ASF/sam/utils/cmsis/sam4l/source/templates/exceptions.o
                                                  src/ASF/sam/utils/cmsis/sam4l/source/templates/gcc/startup_sam4l.o
ADCIFE_Handler                                    src/ASF/sam/utils/cmsis/sam4l/source/templates/exceptions.o
                                                  src/ASF/sam/utils/cmsis/sam4l/source/templates/gcc/startup_sam4l.o
AESA_Handler                                      src/ASF/sam/utils/cmsis/sam4l/source/templates/exceptions.o
                                                  src/ASF/sam/utils/cmsis/sam4l/source/templates/gcc/startup_sam4l.o
AST_ALARM_Handler                                 src/ASF/sam/utils/cmsis/sam4l/source/templates/exceptions.o
                                                  src/ASF/sam/utils/cmsis/sam4l/source/templates/gcc/startup_sam4l.o
AST_CLKREADY_Handler                              src/ASF/sam/utils/cmsis/sam4l/source/templates/exceptions.o
                                                  src/ASF/sam/utils/cmsis/sam4l/source/templates/gcc/startup_sam4l.o
AST_OVF_Handler                                   src/ASF/sam/utils/cmsis/sam4l/source/templates/exceptions.o
                                                  src/ASF/sam/utils/cmsis/sam4l/source/templates/gcc/startup_sam4l.o
AST_PER_Handler                                   src/ASF/sam/utils/cmsis/sam4l/source/templates/exceptions.o
                                                  src/ASF/sam/utils/cmsis/sam4l/source/templates/gcc/startup_sam4l.o
AST_READY_Handler                                 src/ASF/sam/utils/cmsis/sam4l/source/templates/exceptions.o
                                                  src/ASF/sam/utils/cmsis/sam4l/source/templates/gcc/startup_sam4l.o
BPM_Handler                                       src/ASF/sam/utils/cmsis/sam4l/source/templates/exceptions.o
                                                  src/ASF/sam/utils/cmsis/sam4l/source/templates/gcc/startup_sam4l.o
BSCIF_Handler                                     src/ASF/sam/utils/cmsis/sam4l/source/templates/exceptions.o
                                                  src/ASF/sam/utils/cmsis/sam4l/source/templates/gcc/startup_sam4l.o
BusFault_Handler                                  src/ASF/sam/utils/cmsis/sam4l/source/templates/exceptions.o
                                                  src/ASF/sam/utils/cmsis/sam4l/source/templates/gcc/startup_sam4l.o
CATB_Handler                                      src/ASF/sam/utils/cmsis/sam4l/source/templates/exceptions.o
                                                  src/ASF/sam/utils/cmsis/sam4l/source/templates/gcc/startup_sam4l.o
CRCCU_Handler                                     src/ASF/sam/utils/cmsis/sam4l/source/templates/exceptions.o
                                                  src/ASF/sam/utils/cmsis/sam4l/source/templates/gcc/startup_sam4l.o
DACC_Handler                                      src/ASF/sam/utils/cmsis/sam4l/source/templates/exceptions.o
                                                  src/ASF/sam/utils/cmsis/sam4l/source/templates/gcc/startup_sam4l.o
DebugMon_Handler                                  src/ASF/sam/utils/cmsis/sam4l/source/templates/exceptions.o
                                                  src/ASF/sam/utils/cmsis/sam4l/source/templates/gcc/startup_sam4l.o
Dummy_Handler                                     src/ASF/sam/utils/cmsis/sam4l/source/templates/exceptions.o
                                                  src/ASF/sam/utils/cmsis/sam4l/source/templates/gcc/startup_sam4l.o
EIC_1_Handler                                     src/ASF/sam/utils/cmsis/sam4l/source/templates/exceptions.o
                                                  src/ASF/sam/utils/cmsis/sam4l/source/templates/gcc/startup_sam4l.o
EIC_2_Handler                                     src/ASF/sam/utils/cmsis/sam4l/source/templates/exceptions.o
                                                  src/ASF/sam/utils/cmsis/sam4l/source/templates/gcc/startup_sam4l.o
EIC_3_Handler                                     src/ASF/sam/utils/cmsis/sam4l/source/templates/exceptions.o
                                                  src/ASF/sam/utils/cmsis/sam4l/source/templates/gcc/startup_sam4l.o
EIC_4_Handler                                     src/ASF/sam/utils/cmsis/sam4l/source/templates/exceptions.o
                                                  src/ASF/sam/utils/cmsis/sam4l/source/templates/gcc/startup_sam4l.o
EIC_5_Handler                                     src/ASF/sam/utils/cmsis/sam4l/source/templates/exceptions.o
                                                  src/ASF/sam/utils/cmsis/sam4l/source/templates/gcc/startup_sam4l.o
EIC_6_Handler                                     src/ASF/sam/utils/cmsis/sam4l/source/templates/exceptions.o
                                                  src/ASF/sam/utils/cmsis/sam4l/source/templates/gcc/startup_sam4l.o
EIC_7_Handler                                     src/ASF/sam/utils/cmsis/sam4l/source/templates/exceptions.o
                                                  src/ASF/sam/utils/cmsis/sam4l/source/templates/gcc/startup_sam4l.o
EIC_8_Handler                                     src/ASF/sam/utils/cmsis/sam4l/source/templates/exceptions.o
                                                  src/ASF/sam/utils/cmsis/sam4l/source/templates/gcc/startup_sam4l.o
FREQM_Handler                                     src/ASF/sam/utils/cmsis/sam4l/source/templates/exceptions.o
                                                  src/ASF/sam/utils/cmsis/sam4l/source/templates/gcc/startup_sam4l.o
GPIO_0_Handler                                    src/ASF/sam/drivers/gpio/gpio.o
                                                  src/ASF/sam/utils/cmsis/sam4l/source/templates/gcc/startup_sam4l.o
GPIO_10_Handler                                   src/ASF/sam/drivers/gpio/gpio.o
                                                  src/ASF/sam/utils/cmsis/sam4l/source/templates/gcc/startup_sam4l.o
GPIO_11_Handler                                   src/ASF/sam/drivers/gpio/gpio.o
                                                  src/ASF/sam/utils/cmsis/sam4l/source/templates/gcc/startup_sam4l.o
GPIO_1_Handler                                    src/ASF/sam/drivers/gpio/gpio.o
                                                  src/ASF/sam/utils/cmsis/sam4l/source/templates/gcc/startup_sam4l.o
GPIO_2_Handler                                    src/ASF/sam/drivers/gpio/gpio.o
                                                  src/ASF/sam/utils/cmsis/sam4l/source/templates/gcc/startup_sam4l.o
GPIO_3_Handler                                    src/ASF/sam/drivers/gpio/gpio.o
                                                  src/ASF/sam/utils/cmsis/sam4l/source/templates/gcc/startup_sam4l.o
GPIO_4_Handler                                    src/ASF/sam/drivers/gpio/gpio.o
                                                  src/ASF/sam/utils/cmsis/sam4l/source/templates/gcc/startup_sam4l.o
GPIO_5_Handler                                    src/ASF/sam/drivers/gpio/gpio.o
                                                  src/ASF/sam/utils/cmsis/sam4l/source/templates/gcc/startup_sam4l.o
GPIO_6_Handler                                    src/ASF/sam/drivers/gpio/gpio.o
                                                  src/ASF/sam/utils/cmsis/sam4l/source/templates/gcc/startup_sam4l.o
GPIO_7_Handler                                    src/ASF/sam/drivers/gpio/gpio.o
                                                  src/ASF/sam/utils/cmsis/sam4l/source/templates/gcc/startup_sam4l.o
GPIO_8_Handler                                    src/ASF/sam/drivers/gpio/gpio.o
                                                  src/ASF/sam/utils/cmsis/sam4l/source/templates/gcc/startup_sam4l.o
GPIO_9_Handler                                    src/ASF/sam/drivers/gpio/gpio.o
                                                  src/ASF/sam/utils/cmsis/sam4l/source/templates/gcc/startup_sam4l.o
HFLASHC_Handler                                   src/ASF/sam/utils/cmsis/sam4l/source/templates/exceptions.o
                                                  src/ASF/sam/utils/cmsis/sam4l/source/templates/gcc/startup_sam4l.o
HardFault_Handler                                 src/ASF/sam/utils/cmsis/sam4l/source/templates/exceptions.o
                                                  src/ASF/sam/utils/cmsis/sam4l/source/templates/gcc/startup_sam4l.o
IISC_Handler                                      src/ASF/sam/utils/cmsis/sam4l/source/templates/exceptions.o
                                                  src/ASF/sam/utils/cmsis/sam4l/source/templates/gcc/startup_sam4l.o
LCDCA_Handler                                     src/ASF/sam/utils/cmsis/sam4l/source/templates/exceptions.o
                                                  src/ASF/sam/utils/cmsis/sam4l/source/templates/gcc/startup_sam4l.o
MemManage_Handler                                 src/ASF/sam/utils/cmsis/sam4l/source/templates/exceptions.o
                                                  src/ASF/sam/utils/cmsis/sam4l/source/templates/gcc/startup_sam4l.o
NMI_Handler                                       src/ASF/sam/utils/cmsis/sam4l/source/templates/exceptions.o
                                                  src/ASF/sam/utils/cmsis/sam4l/source/templates/gcc/startup_sam4l.o
PARC_Handler                                      src/ASF/sam/utils/cmsis/sam4l/source/templates/exceptions.o
                                                  src/ASF/sam/utils/cmsis/sam4l/source/templates/gcc/startup_sam4l.o
PDCA_0_Handler                                    src/ASF/sam/utils/cmsis/sam4l/source/templates/exceptions.o
                                                  src/ASF/sam/utils/cmsis/sam4l/source/templates/gcc/startup_sam4l.o
PDCA_10_Handler                                   src/ASF/sam/utils/cmsis/sam4l/source/templates/exceptions.o
                                                  src/ASF/sam/utils/cmsis/sam4l/source/templates/gcc/startup_sam4l.o
PDCA_11_Handler                                   src/ASF/sam/utils/cmsis/sam4l/source/templates/exceptions.o
                                                  src/ASF/sam/utils/cmsis/sam4l/source/templates/gcc/startup_sam4l.o
PDCA_12_Handler                                   src/ASF/sam/utils/cmsis/sam4l/source/templates/exceptions.o
                                                  src/ASF/sam/utils/cmsis/sam4l/source/templates/gcc/startup_sam4l.o
PDCA_13_Handler                                   src/ASF/sam/utils/cmsis/sam4l/source/templates/exceptions.o
                                                  src/ASF/sam/utils/cmsis/sam4l/source/templates/gcc/startup_sam4l.o
PDCA_14_Handler                                   src/ASF/sam/utils/cmsis/sam4l/source/templates/exceptions.o
                                                  src/ASF/sam/utils/cmsis/sam4l/source/templates/gcc/startup_sam4l.o
PDCA_15_Handler                                   src/ASF/sam/utils/cmsis/sam4l/source/templates/exceptions.o
                                                  src/ASF/sam/utils/cmsis/sam4l/source/templates/gcc/startup_sam4l.o
PDCA_1_Handler                                    src/ASF/sam/utils/cmsis/sam4l/source/templates/exceptions.o
                                                  src/ASF/sam/utils/cmsis/sam4l/source/templates/gcc/startup_sam4l.o
PDCA_2_Handler                                    src/ASF/sam/utils/cmsis/sam4l/source/templates/exceptions.o
                                                  src/ASF/sam/utils/cmsis/sam4l/source/templates/gcc/startup_sam4l.o
PDCA_3_Handler                                    src/ASF/sam/utils/cmsis/sam4l/source/templates/exceptions.o
                                                  src/ASF/sam/utils/cmsis/sam4l/source/templates/gcc/startup_sam4l.o
PDCA_4_Handler                                    src/ASF/sam/utils/cmsis/sam4l/source/templates/exceptions.o
                                                  src/ASF/sam/utils/cmsis/sam4l/source/templates/gcc/startup_sam4l.o
PDCA_5_Handler                                    src/ASF/sam/utils/cmsis/sam4l/source/templates/exceptions.o
                                                  src/ASF/sam/utils/cmsis/sam4l/source/templates/gcc/startup_sam4l.o
PDCA_6_Handler                                    src/ASF/sam/utils/cmsis/sam4l/source/templates/exceptions.o
                                                  src/ASF/sam/utils/cmsis/sam4l/source/templates/gcc/startup_sam4l.o
PDCA_7_Handler                                    src/ASF/sam/utils/cmsis/sam4l/source/templates/exceptions.o
                                                  src/ASF/sam/utils/cmsis/sam4l/source/templates/gcc/startup_sam4l.o
PDCA_8_Handler                                    src/ASF/sam/utils/cmsis/sam4l/source/templates/exceptions.o
                                                  src/ASF/sam/utils/cmsis/sam4l/source/templates/gcc/startup_sam4l.o
PDCA_9_Handler                                    src/ASF/sam/utils/cmsis/sam4l/source/templates/exceptions.o
                                                  src/ASF/sam/utils/cmsis/sam4l/source/templates/gcc/startup_sam4l.o
PEVC_OV_Handler                                   src/ASF/sam/utils/cmsis/sam4l/source/templates/exceptions.o
                                                  src/ASF/sam/utils/cmsis/sam4l/source/templates/gcc/startup_sam4l.o
PEVC_TR_Handler                                   src/ASF/sam/utils/cmsis/sam4l/source/templates/exceptions.o
                                                  src/ASF/sam/utils/cmsis/sam4l/source/templates/gcc/startup_sam4l.o
PM_Handler                                        src/ASF/sam/utils/cmsis/sam4l/source/templates/exceptions.o
                                                  src/ASF/sam/utils/cmsis/sam4l/source/templates/gcc/startup_sam4l.o
PendSV_Handler                                    src/ASF/sam/utils/cmsis/sam4l/source/templates/exceptions.o
                                                  src/ASF/sam/utils/cmsis/sam4l/source/templates/gcc/startup_sam4l.o
Reset_Handler                                     src/ASF/sam/utils/cmsis/sam4l/source/templates/gcc/startup_sam4l.o
                                                  src/ASF/sam/utils/cmsis/sam4l/source/templates/exceptions.o
SCIF_Handler                                      src/ASF/sam/utils/cmsis/sam4l/source/templates/exceptions.o
                                                  src/ASF/sam/utils/cmsis/sam4l/source/templates/gcc/startup_sam4l.o
SPI_Handler                                       src/ASF/sam/utils/cmsis/sam4l/source/templates/exceptions.o
                                                  src/ASF/sam/utils/cmsis/sam4l/source/templates/gcc/startup_sam4l.o
SVC_Handler                                       src/ASF/sam/utils/cmsis/sam4l/source/templates/exceptions.o
                                                  src/ASF/sam/utils/cmsis/sam4l/source/templates/gcc/startup_sam4l.o
SysTick_Handler                                   src/ASF/sam/utils/cmsis/sam4l/source/templates/exceptions.o
                                                  src/ASF/sam/utils/cmsis/sam4l/source/templates/gcc/startup_sam4l.o
SystemCoreClock                                   src/ASF/sam/utils/cmsis/sam4l/source/templates/system_sam4l.o
SystemCoreClockUpdate                             src/ASF/sam/utils/cmsis/sam4l/source/templates/system_sam4l.o
SystemInit                                        src/ASF/sam/utils/cmsis/sam4l/source/templates/system_sam4l.o
TC00_Handler                                      src/ASF/sam/utils/cmsis/sam4l/source/templates/exceptions.o
                                                  src/ASF/sam/utils/cmsis/sam4l/source/templates/gcc/startup_sam4l.o
TC01_Handler                                      src/ASF/sam/utils/cmsis/sam4l/source/templates/exceptions.o
                                                  src/ASF/sam/utils/cmsis/sam4l/source/templates/gcc/startup_sam4l.o
TC02_Handler                                      src/ASF/sam/utils/cmsis/sam4l/source/templates/exceptions.o
                                                  src/ASF/sam/utils/cmsis/sam4l/source/templates/gcc/startup_sam4l.o
TC10_Handler                                      src/ASF/sam/utils/cmsis/sam4l/source/templates/exceptions.o
                                                  src/ASF/sam/utils/cmsis/sam4l/source/templates/gcc/startup_sam4l.o
TC11_Handler                                      src/ASF/sam/utils/cmsis/sam4l/source/templates/exceptions.o
                                                  src/ASF/sam/utils/cmsis/sam4l/source/templates/gcc/startup_sam4l.o
TC12_Handler                                      src/ASF/sam/utils/cmsis/sam4l/source/templates/exceptions.o
                                                  src/ASF/sam/utils/cmsis/sam4l/source/templates/gcc/startup_sam4l.o
TRNG_Handler                                      src/ASF/sam/utils/cmsis/sam4l/source/templates/exceptions.o
                                                  src/ASF/sam/utils/cmsis/sam4l/source/templates/gcc/startup_sam4l.o
TWIM0_Handler                                     src/ASF/sam/utils/cmsis/sam4l/source/templates/exceptions.o
                                                  src/ASF/sam/utils/cmsis/sam4l/source/templates/gcc/startup_sam4l.o
TWIM1_Handler                                     src/ASF/sam/utils/cmsis/sam4l/source/templates/exceptions.o
                                                  src/ASF/sam/utils/cmsis/sam4l/source/templates/gcc/startup_sam4l.o
TWIM2_Handler                                     src/ASF/sam/utils/cmsis/sam4l/source/templates/exceptions.o
                                                  src/ASF/sam/utils/cmsis/sam4l/source/templates/gcc/startup_sam4l.o
TWIM3_Handler                                     src/ASF/sam/utils/cmsis/sam4l/source/templates/exceptions.o
                                                  src/ASF/sam/utils/cmsis/sam4l/source/templates/gcc/startup_sam4l.o
TWIS0_Handler                                     src/ASF/sam/utils/cmsis/sam4l/source/templates/exceptions.o
                                                  src/ASF/sam/utils/cmsis/sam4l/source/templates/gcc/startup_sam4l.o
TWIS1_Handler                                     src/ASF/sam/utils/cmsis/sam4l/source/templates/exceptions.o
                                                  src/ASF/sam/utils/cmsis/sam4l/source/templates/gcc/startup_sam4l.o
USART0_Handler                                    src/ASF/sam/utils/cmsis/sam4l/source/templates/exceptions.o
                                                  src/ASF/sam/utils/cmsis/sam4l/source/templates/gcc/startup_sam4l.o
USART1_Handler                                    src/ASF/sam/utils/cmsis/sam4l/source/templates/exceptions.o
                                                  src/ASF/sam/utils/cmsis/sam4l/source/templates/gcc/startup_sam4l.o
USART2_Handler                                    src/ASF/sam/utils/cmsis/sam4l/source/templates/exceptions.o
                                                  src/ASF/sam/utils/cmsis/sam4l/source/templates/gcc/startup_sam4l.o
USART3_Handler                                    src/ASF/sam/utils/cmsis/sam4l/source/templates/exceptions.o
                                                  src/ASF/sam/utils/cmsis/sam4l/source/templates/gcc/startup_sam4l.o
USBC_Handler                                      src/ASF/sam/utils/cmsis/sam4l/source/templates/exceptions.o
                                                  src/ASF/sam/utils/cmsis/sam4l/source/templates/gcc/startup_sam4l.o
UsageFault_Handler                                src/ASF/sam/utils/cmsis/sam4l/source/templates/exceptions.o
                                                  src/ASF/sam/utils/cmsis/sam4l/source/templates/gcc/startup_sam4l.o
WDT_Handler                                       src/ASF/sam/utils/cmsis/sam4l/source/templates/exceptions.o
                                                  src/ASF/sam/utils/cmsis/sam4l/source/templates/gcc/startup_sam4l.o
_Jv_RegisterClasses                               c:/program files (x86)/atmel/studio/7.0/toolchain/arm/arm-gnu-toolchain/bin/../lib/gcc/arm-none-eabi/6.3.1/thumb/v7e-m/crtbegin.o
__atexit_recursive_mutex                          c:/program files (x86)/atmel/studio/7.0/toolchain/arm/arm-gnu-toolchain/bin/../lib/gcc/arm-none-eabi/6.3.1/../../../../arm-none-eabi/lib/thumb/v7e-m\libc.a(lib_a-__call_atexit.o)
                                                  c:/program files (x86)/atmel/studio/7.0/toolchain/arm/arm-gnu-toolchain/bin/../lib/gcc/arm-none-eabi/6.3.1/../../../../arm-none-eabi/lib/thumb/v7e-m\libc.a(lib_a-__atexit.o)
__bss_end__                                       c:/program files (x86)/atmel/studio/7.0/toolchain/arm/arm-gnu-toolchain/bin/../lib/gcc/arm-none-eabi/6.3.1/../../../../arm-none-eabi/lib/thumb/v7e-m/crt0.o
__bss_start__                                     c:/program files (x86)/atmel/studio/7.0/toolchain/arm/arm-gnu-toolchain/bin/../lib/gcc/arm-none-eabi/6.3.1/../../../../arm-none-eabi/lib/thumb/v7e-m/crt0.o
__call_exitprocs                                  c:/program files (x86)/atmel/studio/7.0/toolchain/arm/arm-gnu-toolchain/bin/../lib/gcc/arm-none-eabi/6.3.1/../../../../arm-none-eabi/lib/thumb/v7e-m\libc.a(lib_a-__call_atexit.o)
                                                  c:/program files (x86)/atmel/studio/7.0/toolchain/arm/arm-gnu-toolchain/bin/../lib/gcc/arm-none-eabi/6.3.1/../../../../arm-none-eabi/lib/thumb/v7e-m\libc.a(lib_a-exit.o)
__deregister_frame_info                           c:/program files (x86)/atmel/studio/7.0/toolchain/arm/arm-gnu-toolchain/bin/../lib/gcc/arm-none-eabi/6.3.1/thumb/v7e-m/crtbegin.o
__dso_handle                                      c:/program files (x86)/atmel/studio/7.0/toolchain/arm/arm-gnu-toolchain/bin/../lib/gcc/arm-none-eabi/6.3.1/thumb/v7e-m/crtbegin.o
__fini_array_end                                  c:/program files (x86)/atmel/studio/7.0/toolchain/arm/arm-gnu-toolchain/bin/../lib/gcc/arm-none-eabi/6.3.1/../../../../arm-none-eabi/lib/thumb/v7e-m\libc.a(lib_a-fini.o)
__fini_array_start                                c:/program files (x86)/atmel/studio/7.0/toolchain/arm/arm-gnu-toolchain/bin/../lib/gcc/arm-none-eabi/6.3.1/../../../../arm-none-eabi/lib/thumb/v7e-m\libc.a(lib_a-fini.o)
__init_array_end                                  c:/program files (x86)/atmel/studio/7.0/toolchain/arm/arm-gnu-toolchain/bin/../lib/gcc/arm-none-eabi/6.3.1/../../../../arm-none-eabi/lib/thumb/v7e-m\libc.a(lib_a-init.o)
__init_array_start                                c:/program files (x86)/atmel/studio/7.0/toolchain/arm/arm-gnu-toolchain/bin/../lib/gcc/arm-none-eabi/6.3.1/../../../../arm-none-eabi/lib/thumb/v7e-m\libc.a(lib_a-init.o)
__libc_fini                                       c:/program files (x86)/atmel/studio/7.0/toolchain/arm/arm-gnu-toolchain/bin/../lib/gcc/arm-none-eabi/6.3.1/../../../../arm-none-eabi/lib/thumb/v7e-m\libc.a(lib_a-__call_atexit.o)
__libc_fini_array                                 c:/program files (x86)/atmel/studio/7.0/toolchain/arm/arm-gnu-toolchain/bin/../lib/gcc/arm-none-eabi/6.3.1/../../../../arm-none-eabi/lib/thumb/v7e-m\libc.a(lib_a-fini.o)
                                                  c:/program files (x86)/atmel/studio/7.0/toolchain/arm/arm-gnu-toolchain/bin/../lib/gcc/arm-none-eabi/6.3.1/../../../../arm-none-eabi/lib/thumb/v7e-m\libc.a(lib_a-__call_atexit.o)
                                                  c:/program files (x86)/atmel/studio/7.0/toolchain/arm/arm-gnu-toolchain/bin/../lib/gcc/arm-none-eabi/6.3.1/../../../../arm-none-eabi/lib/thumb/v7e-m/crt0.o
__libc_init_array                                 c:/program files (x86)/atmel/studio/7.0/toolchain/arm/arm-gnu-toolchain/bin/../lib/gcc/arm-none-eabi/6.3.1/../../../../arm-none-eabi/lib/thumb/v7e-m\libc.a(lib_a-init.o)
                                                  src/ASF/sam/utils/cmsis/sam4l/source/templates/gcc/startup_sam4l.o
                                                  c:/program files (x86)/atmel/studio/7.0/toolchain/arm/arm-gnu-toolchain/bin/../lib/gcc/arm-none-eabi/6.3.1/../../../../arm-none-eabi/lib/thumb/v7e-m/crt0.o
__lock___arc4random_mutex                         c:/program files (x86)/atmel/studio/7.0/toolchain/arm/arm-gnu-toolchain/bin/../lib/gcc/arm-none-eabi/6.3.1/../../../../arm-none-eabi/lib/thumb/v7e-m\libc.a(lib_a-lock.o)
__lock___at_quick_exit_mutex                      c:/program files (x86)/atmel/studio/7.0/toolchain/arm/arm-gnu-toolchain/bin/../lib/gcc/arm-none-eabi/6.3.1/../../../../arm-none-eabi/lib/thumb/v7e-m\libc.a(lib_a-lock.o)
__lock___atexit_recursive_mutex                   c:/program files (x86)/atmel/studio/7.0/toolchain/arm/arm-gnu-toolchain/bin/../lib/gcc/arm-none-eabi/6.3.1/../../../../arm-none-eabi/lib/thumb/v7e-m\libc.a(lib_a-lock.o)
                                                  c:/program files (x86)/atmel/studio/7.0/toolchain/arm/arm-gnu-toolchain/bin/../lib/gcc/arm-none-eabi/6.3.1/../../../../arm-none-eabi/lib/thumb/v7e-m\libc.a(lib_a-__call_atexit.o)
__lock___dd_hash_mutex                            c:/program files (x86)/atmel/studio/7.0/toolchain/arm/arm-gnu-toolchain/bin/../lib/gcc/arm-none-eabi/6.3.1/../../../../arm-none-eabi/lib/thumb/v7e-m\libc.a(lib_a-lock.o)
__lock___env_recursive_mutex                      c:/program files (x86)/atmel/studio/7.0/toolchain/arm/arm-gnu-toolchain/bin/../lib/gcc/arm-none-eabi/6.3.1/../../../../arm-none-eabi/lib/thumb/v7e-m\libc.a(lib_a-lock.o)
__lock___malloc_recursive_mutex                   c:/program files (x86)/atmel/studio/7.0/toolchain/arm/arm-gnu-toolchain/bin/../lib/gcc/arm-none-eabi/6.3.1/../../../../arm-none-eabi/lib/thumb/v7e-m\libc.a(lib_a-lock.o)
__lock___sfp_recursive_mutex                      c:/program files (x86)/atmel/studio/7.0/toolchain/arm/arm-gnu-toolchain/bin/../lib/gcc/arm-none-eabi/6.3.1/../../../../arm-none-eabi/lib/thumb/v7e-m\libc.a(lib_a-lock.o)
__lock___sinit_recursive_mutex                    c:/program files (x86)/atmel/studio/7.0/toolchain/arm/arm-gnu-toolchain/bin/../lib/gcc/arm-none-eabi/6.3.1/../../../../arm-none-eabi/lib/thumb/v7e-m\libc.a(lib_a-lock.o)
__lock___tz_mutex                                 c:/program files (x86)/atmel/studio/7.0/toolchain/arm/arm-gnu-toolchain/bin/../lib/gcc/arm-none-eabi/6.3.1/../../../../arm-none-eabi/lib/thumb/v7e-m\libc.a(lib_a-lock.o)
__preinit_array_end                               c:/program files (x86)/atmel/studio/7.0/toolchain/arm/arm-gnu-toolchain/bin/../lib/gcc/arm-none-eabi/6.3.1/../../../../arm-none-eabi/lib/thumb/v7e-m\libc.a(lib_a-init.o)
__preinit_array_start                             c:/program files (x86)/atmel/studio/7.0/toolchain/arm/arm-gnu-toolchain/bin/../lib/gcc/arm-none-eabi/6.3.1/../../../../arm-none-eabi/lib/thumb/v7e-m\libc.a(lib_a-init.o)
__ram_end__                                       src/ASF/sam/utils/syscalls/gcc/syscalls.o
__register_exitproc                               c:/program files (x86)/atmel/studio/7.0/toolchain/arm/arm-gnu-toolchain/bin/../lib/gcc/arm-none-eabi/6.3.1/../../../../arm-none-eabi/lib/thumb/v7e-m\libc.a(lib_a-__atexit.o)
                                                  c:/program files (x86)/atmel/studio/7.0/toolchain/arm/arm-gnu-toolchain/bin/../lib/gcc/arm-none-eabi/6.3.1/../../../../arm-none-eabi/lib/thumb/v7e-m\libc.a(lib_a-atexit.o)
__register_frame_info                             c:/program files (x86)/atmel/studio/7.0/toolchain/arm/arm-gnu-toolchain/bin/../lib/gcc/arm-none-eabi/6.3.1/thumb/v7e-m/crtbegin.o
__retarget_lock_acquire                           c:/program files (x86)/atmel/studio/7.0/toolchain/arm/arm-gnu-toolchain/bin/../lib/gcc/arm-none-eabi/6.3.1/../../../../arm-none-eabi/lib/thumb/v7e-m\libc.a(lib_a-lock.o)
__retarget_lock_acquire_recursive                 c:/program files (x86)/atmel/studio/7.0/toolchain/arm/arm-gnu-toolchain/bin/../lib/gcc/arm-none-eabi/6.3.1/../../../../arm-none-eabi/lib/thumb/v7e-m\libc.a(lib_a-lock.o)
                                                  c:/program files (x86)/atmel/studio/7.0/toolchain/arm/arm-gnu-toolchain/bin/../lib/gcc/arm-none-eabi/6.3.1/../../../../arm-none-eabi/lib/thumb/v7e-m\libc.a(lib_a-__atexit.o)
                                                  c:/program files (x86)/atmel/studio/7.0/toolchain/arm/arm-gnu-toolchain/bin/../lib/gcc/arm-none-eabi/6.3.1/../../../../arm-none-eabi/lib/thumb/v7e-m\libc.a(lib_a-__call_atexit.o)
__retarget_lock_close                             c:/program files (x86)/atmel/studio/7.0/toolchain/arm/arm-gnu-toolchain/bin/../lib/gcc/arm-none-eabi/6.3.1/../../../../arm-none-eabi/lib/thumb/v7e-m\libc.a(lib_a-lock.o)
__retarget_lock_close_recursive                   c:/program files (x86)/atmel/studio/7.0/toolchain/arm/arm-gnu-toolchain/bin/../lib/gcc/arm-none-eabi/6.3.1/../../../../arm-none-eabi/lib/thumb/v7e-m\libc.a(lib_a-lock.o)
__retarget_lock_init                              c:/program files (x86)/atmel/studio/7.0/toolchain/arm/arm-gnu-toolchain/bin/../lib/gcc/arm-none-eabi/6.3.1/../../../../arm-none-eabi/lib/thumb/v7e-m\libc.a(lib_a-lock.o)
__retarget_lock_init_recursive                    c:/program files (x86)/atmel/studio/7.0/toolchain/arm/arm-gnu-toolchain/bin/../lib/gcc/arm-none-eabi/6.3.1/../../../../arm-none-eabi/lib/thumb/v7e-m\libc.a(lib_a-lock.o)
__retarget_lock_release                           c:/program files (x86)/atmel/studio/7.0/toolchain/arm/arm-gnu-toolchain/bin/../lib/gcc/arm-none-eabi/6.3.1/../../../../arm-none-eabi/lib/thumb/v7e-m\libc.a(lib_a-lock.o)
__retarget_lock_release_recursive                 c:/program files (x86)/atmel/studio/7.0/toolchain/arm/arm-gnu-toolchain/bin/../lib/gcc/arm-none-eabi/6.3.1/../../../../arm-none-eabi/lib/thumb/v7e-m\libc.a(lib_a-lock.o)
                                                  c:/program files (x86)/atmel/studio/7.0/toolchain/arm/arm-gnu-toolchain/bin/../lib/gcc/arm-none-eabi/6.3.1/../../../../arm-none-eabi/lib/thumb/v7e-m\libc.a(lib_a-__atexit.o)
                                                  c:/program files (x86)/atmel/studio/7.0/toolchain/arm/arm-gnu-toolchain/bin/../lib/gcc/arm-none-eabi/6.3.1/../../../../arm-none-eabi/lib/thumb/v7e-m\libc.a(lib_a-__call_atexit.o)
__retarget_lock_try_acquire                       c:/program files (x86)/atmel/studio/7.0/toolchain/arm/arm-gnu-toolchain/bin/../lib/gcc/arm-none-eabi/6.3.1/../../../../arm-none-eabi/lib/thumb/v7e-m\libc.a(lib_a-lock.o)
__retarget_lock_try_acquire_recursive             c:/program files (x86)/atmel/studio/7.0/toolchain/arm/arm-gnu-toolchain/bin/../lib/gcc/arm-none-eabi/6.3.1/../../../../arm-none-eabi/lib/thumb/v7e-m\libc.a(lib_a-lock.o)
__stack                                           c:/program files (x86)/atmel/studio/7.0/toolchain/arm/arm-gnu-toolchain/bin/../lib/gcc/arm-none-eabi/6.3.1/../../../../arm-none-eabi/lib/thumb/v7e-m/crt0.o
_close                                            src/ASF/sam/utils/syscalls/gcc/syscalls.o
_end                                              src/ASF/sam/utils/syscalls/gcc/syscalls.o
_erelocate                                        src/ASF/sam/utils/cmsis/sam4l/source/templates/gcc/startup_sam4l.o
_estack                                           src/ASF/sam/utils/cmsis/sam4l/source/templates/gcc/startup_sam4l.o
_etext                                            src/ASF/sam/utils/cmsis/sam4l/source/templates/gcc/startup_sam4l.o
_exit                                             src/ASF/sam/utils/syscalls/gcc/syscalls.o
                                                  c:/program files (x86)/atmel/studio/7.0/toolchain/arm/arm-gnu-toolchain/bin/../lib/gcc/arm-none-eabi/6.3.1/../../../../arm-none-eabi/lib/thumb/v7e-m\libc.a(lib_a-exit.o)
_ezero                                            src/ASF/sam/utils/cmsis/sam4l/source/templates/gcc/startup_sam4l.o
_fini                                             c:/program files (x86)/atmel/studio/7.0/toolchain/arm/arm-gnu-toolchain/bin/../lib/gcc/arm-none-eabi/6.3.1/thumb/v7e-m/crti.o
                                                  c:/program files (x86)/atmel/studio/7.0/toolchain/arm/arm-gnu-toolchain/bin/../lib/gcc/arm-none-eabi/6.3.1/../../../../arm-none-eabi/lib/thumb/v7e-m\libc.a(lib_a-fini.o)
_fstat                                            src/ASF/sam/utils/syscalls/gcc/syscalls.o
_getpid                                           src/ASF/sam/utils/syscalls/gcc/syscalls.o
_global_impure_ptr                                c:/program files (x86)/atmel/studio/7.0/toolchain/arm/arm-gnu-toolchain/bin/../lib/gcc/arm-none-eabi/6.3.1/../../../../arm-none-eabi/lib/thumb/v7e-m\libc.a(lib_a-impure.o)
                                                  c:/program files (x86)/atmel/studio/7.0/toolchain/arm/arm-gnu-toolchain/bin/../lib/gcc/arm-none-eabi/6.3.1/../../../../arm-none-eabi/lib/thumb/v7e-m\libc.a(lib_a-__atexit.o)
                                                  c:/program files (x86)/atmel/studio/7.0/toolchain/arm/arm-gnu-toolchain/bin/../lib/gcc/arm-none-eabi/6.3.1/../../../../arm-none-eabi/lib/thumb/v7e-m\libc.a(lib_a-__call_atexit.o)
                                                  c:/program files (x86)/atmel/studio/7.0/toolchain/arm/arm-gnu-toolchain/bin/../lib/gcc/arm-none-eabi/6.3.1/../../../../arm-none-eabi/lib/thumb/v7e-m\libc.a(lib_a-exit.o)
_impure_ptr                                       c:/program files (x86)/atmel/studio/7.0/toolchain/arm/arm-gnu-toolchain/bin/../lib/gcc/arm-none-eabi/6.3.1/../../../../arm-none-eabi/lib/thumb/v7e-m\libc.a(lib_a-impure.o)
_init                                             c:/program files (x86)/atmel/studio/7.0/toolchain/arm/arm-gnu-toolchain/bin/../lib/gcc/arm-none-eabi/6.3.1/thumb/v7e-m/crti.o
                                                  c:/program files (x86)/atmel/studio/7.0/toolchain/arm/arm-gnu-toolchain/bin/../lib/gcc/arm-none-eabi/6.3.1/../../../../arm-none-eabi/lib/thumb/v7e-m\libc.a(lib_a-init.o)
_isatty                                           src/ASF/sam/utils/syscalls/gcc/syscalls.o
_kill                                             src/ASF/sam/utils/syscalls/gcc/syscalls.o
_lseek                                            src/ASF/sam/utils/syscalls/gcc/syscalls.o
_mainCRTStartup                                   c:/program files (x86)/atmel/studio/7.0/toolchain/arm/arm-gnu-toolchain/bin/../lib/gcc/arm-none-eabi/6.3.1/../../../../arm-none-eabi/lib/thumb/v7e-m/crt0.o
_sbrk                                             src/ASF/sam/utils/syscalls/gcc/syscalls.o
_sfixed                                           src/ASF/sam/utils/cmsis/sam4l/source/templates/gcc/startup_sam4l.o
_srelocate                                        src/ASF/sam/utils/cmsis/sam4l/source/templates/gcc/startup_sam4l.o
_start                                            c:/program files (x86)/atmel/studio/7.0/toolchain/arm/arm-gnu-toolchain/bin/../lib/gcc/arm-none-eabi/6.3.1/../../../../arm-none-eabi/lib/thumb/v7e-m/crt0.o
_szero                                            src/ASF/sam/utils/cmsis/sam4l/source/templates/gcc/startup_sam4l.o
atexit                                            c:/program files (x86)/atmel/studio/7.0/toolchain/arm/arm-gnu-toolchain/bin/../lib/gcc/arm-none-eabi/6.3.1/../../../../arm-none-eabi/lib/thumb/v7e-m\libc.a(lib_a-atexit.o)
                                                  c:/program files (x86)/atmel/studio/7.0/toolchain/arm/arm-gnu-toolchain/bin/../lib/gcc/arm-none-eabi/6.3.1/../../../../arm-none-eabi/lib/thumb/v7e-m\libc.a(lib_a-__call_atexit.o)
                                                  c:/program files (x86)/atmel/studio/7.0/toolchain/arm/arm-gnu-toolchain/bin/../lib/gcc/arm-none-eabi/6.3.1/../../../../arm-none-eabi/lib/thumb/v7e-m/crt0.o
board_init                                        src/ASF/common/boards/user_board/init.o
                                                  src/main.o
bpm_clear_interrupt                               src/ASF/sam/drivers/bpm/bpm.o
bpm_disable_backup_pin                            src/ASF/sam/drivers/bpm/bpm.o
bpm_disable_fast_wakeup                           src/ASF/sam/drivers/bpm/bpm.o
bpm_disable_interrupt                             src/ASF/sam/drivers/bpm/bpm.o
bpm_disable_io_retention                          src/ASF/sam/drivers/bpm/bpm.o
bpm_disable_wakeup_source                         src/ASF/sam/drivers/bpm/bpm.o
bpm_enable_backup_pin                             src/ASF/sam/drivers/bpm/bpm.o
bpm_enable_fast_wakeup                            src/ASF/sam/drivers/bpm/bpm.o
bpm_enable_interrupt                              src/ASF/sam/drivers/bpm/bpm.o
bpm_enable_io_retention                           src/ASF/sam/drivers/bpm/bpm.o
bpm_enable_wakeup_source                          src/ASF/sam/drivers/bpm/bpm.o
bpm_get_backup_wakeup_cause                       src/ASF/sam/drivers/bpm/bpm.o
bpm_get_interrupt_mask                            src/ASF/sam/drivers/bpm/bpm.o
bpm_get_interrupt_status                          src/ASF/sam/drivers/bpm/bpm.o
bpm_get_status                                    src/ASF/sam/drivers/bpm/bpm.o
                                                  src/ASF/common/services/clock/sam4l/sysclk.o
bpm_get_version                                   src/ASF/sam/drivers/bpm/bpm.o
bpm_power_scaling_cpu                             src/ASF/sam/drivers/bpm/bpm.o
bpm_power_scaling_cpu_failsafe                    src/ASF/sam/drivers/bpm/bpm.o
                                                  src/ASF/common/services/clock/sam4l/sysclk.o
bpm_ps_no_halt_exec                               src/ASF/sam/drivers/bpm/bpm.o
bpm_set_clk32_source                              src/ASF/sam/drivers/bpm/bpm.o
bpm_sleep                                         src/ASF/sam/drivers/bpm/bpm.o
cpu_irq_enter_critical                            src/ASF/common/utils/interrupt/interrupt_sam_nvic.o
cpu_irq_leave_critical                            src/ASF/common/utils/interrupt/interrupt_sam_nvic.o
dfll_disable_closed_loop                          src/ASF/common/services/clock/sam4l/dfll.o
dfll_disable_open_loop                            src/ASF/common/services/clock/sam4l/dfll.o
dfll_enable_closed_loop                           src/ASF/common/services/clock/sam4l/dfll.o
dfll_enable_config_defaults                       src/ASF/common/services/clock/sam4l/dfll.o
dfll_enable_open_loop                             src/ASF/common/services/clock/sam4l/dfll.o
exception_table                                   src/ASF/sam/utils/cmsis/sam4l/source/templates/gcc/startup_sam4l.o
exit                                              c:/program files (x86)/atmel/studio/7.0/toolchain/arm/arm-gnu-toolchain/bin/../lib/gcc/arm-none-eabi/6.3.1/../../../../arm-none-eabi/lib/thumb/v7e-m\libc.a(lib_a-exit.o)
                                                  c:/program files (x86)/atmel/studio/7.0/toolchain/arm/arm-gnu-toolchain/bin/../lib/gcc/arm-none-eabi/6.3.1/../../../../arm-none-eabi/lib/thumb/v7e-m/crt0.o
flashcalw_clear_page_buffer                       src/ASF/sam/drivers/flashcalw/flashcalw.o
flashcalw_default_wait_until_ready                src/ASF/sam/drivers/flashcalw/flashcalw.o
flashcalw_enable_lock_error_int                   src/ASF/sam/drivers/flashcalw/flashcalw.o
flashcalw_enable_prog_error_int                   src/ASF/sam/drivers/flashcalw/flashcalw.o
flashcalw_enable_ready_int                        src/ASF/sam/drivers/flashcalw/flashcalw.o
flashcalw_erase_all                               src/ASF/sam/drivers/flashcalw/flashcalw.o
flashcalw_erase_all_gp_fuses                      src/ASF/sam/drivers/flashcalw/flashcalw.o
flashcalw_erase_all_pages                         src/ASF/sam/drivers/flashcalw/flashcalw.o
flashcalw_erase_gp_fuse_bit                       src/ASF/sam/drivers/flashcalw/flashcalw.o
flashcalw_erase_gp_fuse_bitfield                  src/ASF/sam/drivers/flashcalw/flashcalw.o
flashcalw_erase_gp_fuse_byte                      src/ASF/sam/drivers/flashcalw/flashcalw.o
flashcalw_erase_page                              src/ASF/sam/drivers/flashcalw/flashcalw.o
flashcalw_erase_user_page                         src/ASF/sam/drivers/flashcalw/flashcalw.o
flashcalw_get_command                             src/ASF/sam/drivers/flashcalw/flashcalw.o
flashcalw_get_flash_size                          src/ASF/sam/drivers/flashcalw/flashcalw.o
flashcalw_get_page_count                          src/ASF/sam/drivers/flashcalw/flashcalw.o
flashcalw_get_page_count_per_region               src/ASF/sam/drivers/flashcalw/flashcalw.o
flashcalw_get_page_number                         src/ASF/sam/drivers/flashcalw/flashcalw.o
flashcalw_get_page_region                         src/ASF/sam/drivers/flashcalw/flashcalw.o
flashcalw_get_region_first_page_number            src/ASF/sam/drivers/flashcalw/flashcalw.o
flashcalw_get_wait_state                          src/ASF/sam/drivers/flashcalw/flashcalw.o
flashcalw_is_lock_error                           src/ASF/sam/drivers/flashcalw/flashcalw.o
flashcalw_is_lock_error_int_enabled               src/ASF/sam/drivers/flashcalw/flashcalw.o
flashcalw_is_page_erased                          src/ASF/sam/drivers/flashcalw/flashcalw.o
flashcalw_is_page_region_locked                   src/ASF/sam/drivers/flashcalw/flashcalw.o
flashcalw_is_prog_error_int_enabled               src/ASF/sam/drivers/flashcalw/flashcalw.o
flashcalw_is_programming_error                    src/ASF/sam/drivers/flashcalw/flashcalw.o
flashcalw_is_ready                                src/ASF/sam/drivers/flashcalw/flashcalw.o
flashcalw_is_ready_int_enabled                    src/ASF/sam/drivers/flashcalw/flashcalw.o
flashcalw_is_region_locked                        src/ASF/sam/drivers/flashcalw/flashcalw.o
flashcalw_is_security_bit_active                  src/ASF/sam/drivers/flashcalw/flashcalw.o
flashcalw_issue_command                           src/ASF/sam/drivers/flashcalw/flashcalw.o
flashcalw_lock_all_regions                        src/ASF/sam/drivers/flashcalw/flashcalw.o
flashcalw_lock_page_region                        src/ASF/sam/drivers/flashcalw/flashcalw.o
flashcalw_lock_region                             src/ASF/sam/drivers/flashcalw/flashcalw.o
flashcalw_memcpy                                  src/ASF/sam/drivers/flashcalw/flashcalw.o
flashcalw_memset16                                src/ASF/sam/drivers/flashcalw/flashcalw.o
flashcalw_memset32                                src/ASF/sam/drivers/flashcalw/flashcalw.o
flashcalw_memset64                                src/ASF/sam/drivers/flashcalw/flashcalw.o
flashcalw_memset8                                 src/ASF/sam/drivers/flashcalw/flashcalw.o
flashcalw_no_operation                            src/ASF/sam/drivers/flashcalw/flashcalw.o
flashcalw_picocache_disable                       src/ASF/sam/drivers/flashcalw/flashcalw.o
flashcalw_picocache_disable_monitor               src/ASF/sam/drivers/flashcalw/flashcalw.o
flashcalw_picocache_enable                        src/ASF/sam/drivers/flashcalw/flashcalw.o
flashcalw_picocache_enable_monitor                src/ASF/sam/drivers/flashcalw/flashcalw.o
flashcalw_picocache_get_monitor_cnt               src/ASF/sam/drivers/flashcalw/flashcalw.o
flashcalw_picocache_get_status                    src/ASF/sam/drivers/flashcalw/flashcalw.o
flashcalw_picocache_get_version                   src/ASF/sam/drivers/flashcalw/flashcalw.o
flashcalw_picocache_invalid_all                   src/ASF/sam/drivers/flashcalw/flashcalw.o
flashcalw_picocache_invalid_line                  src/ASF/sam/drivers/flashcalw/flashcalw.o
flashcalw_picocache_reset_monitor                 src/ASF/sam/drivers/flashcalw/flashcalw.o
flashcalw_picocache_set_monitor_mode              src/ASF/sam/drivers/flashcalw/flashcalw.o
flashcalw_quick_page_read                         src/ASF/sam/drivers/flashcalw/flashcalw.o
flashcalw_quick_user_page_read                    src/ASF/sam/drivers/flashcalw/flashcalw.o
flashcalw_read_all_gp_fuses                       src/ASF/sam/drivers/flashcalw/flashcalw.o
flashcalw_read_gp_fuse_bit                        src/ASF/sam/drivers/flashcalw/flashcalw.o
flashcalw_read_gp_fuse_bitfield                   src/ASF/sam/drivers/flashcalw/flashcalw.o
flashcalw_read_gp_fuse_byte                       src/ASF/sam/drivers/flashcalw/flashcalw.o
flashcalw_set_all_gp_fuses                        src/ASF/sam/drivers/flashcalw/flashcalw.o
flashcalw_set_flash_waitstate_and_readmode        src/ASF/sam/drivers/flashcalw/flashcalw.o
flashcalw_set_gp_fuse_bit                         src/ASF/sam/drivers/flashcalw/flashcalw.o
flashcalw_set_gp_fuse_bitfield                    src/ASF/sam/drivers/flashcalw/flashcalw.o
flashcalw_set_gp_fuse_byte                        src/ASF/sam/drivers/flashcalw/flashcalw.o
flashcalw_set_security_bit                        src/ASF/sam/drivers/flashcalw/flashcalw.o
flashcalw_set_wait_state                          src/ASF/sam/drivers/flashcalw/flashcalw.o
flashcalw_wait_until_ready                        src/ASF/sam/drivers/flashcalw/flashcalw.o
flashcalw_write_all_gp_fuses                      src/ASF/sam/drivers/flashcalw/flashcalw.o
flashcalw_write_gp_fuse_bit                       src/ASF/sam/drivers/flashcalw/flashcalw.o
flashcalw_write_gp_fuse_bitfield                  src/ASF/sam/drivers/flashcalw/flashcalw.o
flashcalw_write_gp_fuse_byte                      src/ASF/sam/drivers/flashcalw/flashcalw.o
flashcalw_write_page                              src/ASF/sam/drivers/flashcalw/flashcalw.o
flashcalw_write_user_page                         src/ASF/sam/drivers/flashcalw/flashcalw.o
free                                              c:/program files (x86)/atmel/studio/7.0/toolchain/arm/arm-gnu-toolchain/bin/../lib/gcc/arm-none-eabi/6.3.1/../../../../arm-none-eabi/lib/thumb/v7e-m\libc.a(lib_a-__call_atexit.o)
g_interrupt_enabled                               src/ASF/common/utils/interrupt/interrupt_sam_nvic.o
                                                  src/ASF/sam/drivers/bpm/bpm.o
                                                  src/ASF/common/services/clock/sam4l/sysclk.o
                                                  src/ASF/common/services/clock/sam4l/pll.o
                                                  src/ASF/common/services/clock/sam4l/osc.o
                                                  src/ASF/common/services/clock/sam4l/dfll.o
gpio_set_pin_callback                             src/ASF/sam/drivers/gpio/gpio.o
hardware_init_hook                                c:/program files (x86)/atmel/studio/7.0/toolchain/arm/arm-gnu-toolchain/bin/../lib/gcc/arm-none-eabi/6.3.1/../../../../arm-none-eabi/lib/thumb/v7e-m/crt0.o
link                                              src/ASF/sam/utils/syscalls/gcc/syscalls.o
main                                              src/main.o
                                                  src/ASF/sam/utils/cmsis/sam4l/source/templates/gcc/startup_sam4l.o
                                                  c:/program files (x86)/atmel/studio/7.0/toolchain/arm/arm-gnu-toolchain/bin/../lib/gcc/arm-none-eabi/6.3.1/../../../../arm-none-eabi/lib/thumb/v7e-m/crt0.o
malloc                                            c:/program files (x86)/atmel/studio/7.0/toolchain/arm/arm-gnu-toolchain/bin/../lib/gcc/arm-none-eabi/6.3.1/../../../../arm-none-eabi/lib/thumb/v7e-m\libc.a(lib_a-__atexit.o)
memset                                            c:/program files (x86)/atmel/studio/7.0/toolchain/arm/arm-gnu-toolchain/bin/../lib/gcc/arm-none-eabi/6.3.1/../../../../arm-none-eabi/lib/thumb/v7e-m\libc.a(lib_a-memset.o)
                                                  src/ASF/sam/drivers/flashcalw/flashcalw.o
                                                  c:/program files (x86)/atmel/studio/7.0/toolchain/arm/arm-gnu-toolchain/bin/../lib/gcc/arm-none-eabi/6.3.1/../../../../arm-none-eabi/lib/thumb/v7e-m/crt0.o
osc_priv_disable_rc1m                             src/ASF/common/services/clock/sam4l/osc.o
osc_priv_disable_rc32k                            src/ASF/common/services/clock/sam4l/osc.o
osc_priv_disable_rc80m                            src/ASF/common/services/clock/sam4l/osc.o
osc_priv_disable_rcfast                           src/ASF/common/services/clock/sam4l/osc.o
osc_priv_enable_rc1m                              src/ASF/common/services/clock/sam4l/osc.o
osc_priv_enable_rc32k                             src/ASF/common/services/clock/sam4l/osc.o
osc_priv_enable_rc80m                             src/ASF/common/services/clock/sam4l/osc.o
osc_priv_enable_rcfast                            src/ASF/common/services/clock/sam4l/osc.o
pll_config_write                                  src/ASF/common/services/clock/sam4l/pll.o
pll_disable                                       src/ASF/common/services/clock/sam4l/pll.o
pll_enable                                        src/ASF/common/services/clock/sam4l/pll.o
portable_delay_cycles                             src/ASF/common/services/delay/sam/cycle_counter.o
                                                  src/main.o
software_init_hook                                c:/program files (x86)/atmel/studio/7.0/toolchain/arm/arm-gnu-toolchain/bin/../lib/gcc/arm-none-eabi/6.3.1/../../../../arm-none-eabi/lib/thumb/v7e-m/crt0.o
sysclk_disable_pba_module                         src/ASF/common/services/clock/sam4l/sysclk.o
sysclk_disable_pbb_module                         src/ASF/common/services/clock/sam4l/sysclk.o
sysclk_disable_peripheral_clock                   src/ASF/common/services/clock/sam4l/sysclk.o
                                                  src/ASF/sam/drivers/flashcalw/flashcalw.o
sysclk_enable_pba_module                          src/ASF/common/services/clock/sam4l/sysclk.o
sysclk_enable_pbb_module                          src/ASF/common/services/clock/sam4l/sysclk.o
sysclk_enable_peripheral_clock                    src/ASF/common/services/clock/sam4l/sysclk.o
                                                  src/main.o
                                                  src/ASF/sam/drivers/flashcalw/flashcalw.o
sysclk_get_peripheral_bus_hz                      src/ASF/common/services/clock/sam4l/sysclk.o
sysclk_init                                       src/ASF/common/services/clock/sam4l/sysclk.o
                                                  src/main.o
sysclk_priv_disable_module                        src/ASF/common/services/clock/sam4l/sysclk.o
sysclk_priv_enable_module                         src/ASF/common/services/clock/sam4l/sysclk.o
sysclk_set_prescalers                             src/ASF/common/services/clock/sam4l/sysclk.o
sysclk_set_source                                 src/ASF/common/services/clock/sam4l/sysclk.o
usart_disable_interrupt                           src/ASF/sam/drivers/usart/usart.o
usart_disable_rx                                  src/ASF/sam/drivers/usart/usart.o
usart_disable_tx                                  src/ASF/sam/drivers/usart/usart.o
usart_disable_writeprotect                        src/ASF/sam/drivers/usart/usart.o
usart_drive_DTR_pin_high                          src/ASF/sam/drivers/usart/usart.o
usart_drive_DTR_pin_low                           src/ASF/sam/drivers/usart/usart.o
usart_drive_RTS_pin_high                          src/ASF/sam/drivers/usart/usart.o
usart_drive_RTS_pin_low                           src/ASF/sam/drivers/usart/usart.o
usart_enable_interrupt                            src/ASF/sam/drivers/usart/usart.o
usart_enable_rx                                   src/ASF/sam/drivers/usart/usart.o
usart_enable_tx                                   src/ASF/sam/drivers/usart/usart.o
usart_enable_writeprotect                         src/ASF/sam/drivers/usart/usart.o
usart_get_error_number                            src/ASF/sam/drivers/usart/usart.o
usart_get_interrupt_mask                          src/ASF/sam/drivers/usart/usart.o
usart_get_status                                  src/ASF/sam/drivers/usart/usart.o
usart_get_version                                 src/ASF/sam/drivers/usart/usart.o
usart_get_writeprotect_status                     src/ASF/sam/drivers/usart/usart.o
usart_getchar                                     src/ASF/sam/drivers/usart/usart.o
usart_init_hw_handshaking                         src/ASF/sam/drivers/usart/usart.o
usart_init_irda                                   src/ASF/sam/drivers/usart/usart.o
usart_init_iso7816                                src/ASF/sam/drivers/usart/usart.o
usart_init_lin_master                             src/ASF/sam/drivers/usart/usart.o
usart_init_lin_slave                              src/ASF/sam/drivers/usart/usart.o
usart_init_modem                                  src/ASF/sam/drivers/usart/usart.o
usart_init_rs232                                  src/ASF/sam/drivers/usart/usart.o
usart_init_rs485                                  src/ASF/sam/drivers/usart/usart.o
usart_init_spi_master                             src/ASF/sam/drivers/usart/usart.o
usart_init_spi_slave                              src/ASF/sam/drivers/usart/usart.o
usart_init_sync_master                            src/ASF/sam/drivers/usart/usart.o
usart_init_sync_slave                             src/ASF/sam/drivers/usart/usart.o
usart_is_rx_buf_full                              src/ASF/sam/drivers/usart/usart.o
usart_is_rx_ready                                 src/ASF/sam/drivers/usart/usart.o
usart_is_tx_empty                                 src/ASF/sam/drivers/usart/usart.o
usart_is_tx_ready                                 src/ASF/sam/drivers/usart/usart.o
usart_lin_abort_tx                                src/ASF/sam/drivers/usart/usart.o
usart_lin_disable_checksum                        src/ASF/sam/drivers/usart/usart.o
usart_lin_disable_frame_slot                      src/ASF/sam/drivers/usart/usart.o
usart_lin_disable_parity                          src/ASF/sam/drivers/usart/usart.o
usart_lin_disable_pdc_mode                        src/ASF/sam/drivers/usart/usart.o
usart_lin_enable_checksum                         src/ASF/sam/drivers/usart/usart.o
usart_lin_enable_frame_slot                       src/ASF/sam/drivers/usart/usart.o
usart_lin_enable_parity                           src/ASF/sam/drivers/usart/usart.o
usart_lin_enable_pdc_mode                         src/ASF/sam/drivers/usart/usart.o
usart_lin_get_data_length                         src/ASF/sam/drivers/usart/usart.o
usart_lin_read_identifier                         src/ASF/sam/drivers/usart/usart.o
usart_lin_send_wakeup_signal                      src/ASF/sam/drivers/usart/usart.o
usart_lin_set_checksum_type                       src/ASF/sam/drivers/usart/usart.o
usart_lin_set_data_len_mode                       src/ASF/sam/drivers/usart/usart.o
usart_lin_set_node_action                         src/ASF/sam/drivers/usart/usart.o
usart_lin_set_response_data_len                   src/ASF/sam/drivers/usart/usart.o
usart_lin_set_tx_identifier                       src/ASF/sam/drivers/usart/usart.o
usart_lin_set_wakeup_signal_type                  src/ASF/sam/drivers/usart/usart.o
usart_man_disable_drift_compensation              src/ASF/sam/drivers/usart/usart.o
usart_man_enable_drift_compensation               src/ASF/sam/drivers/usart/usart.o
usart_man_set_rx_polarity                         src/ASF/sam/drivers/usart/usart.o
usart_man_set_rx_pre_len                          src/ASF/sam/drivers/usart/usart.o
usart_man_set_rx_pre_pattern                      src/ASF/sam/drivers/usart/usart.o
usart_man_set_tx_polarity                         src/ASF/sam/drivers/usart/usart.o
usart_man_set_tx_pre_len                          src/ASF/sam/drivers/usart/usart.o
usart_man_set_tx_pre_pattern                      src/ASF/sam/drivers/usart/usart.o
usart_putchar                                     src/ASF/sam/drivers/usart/usart.o
usart_read                                        src/ASF/sam/drivers/usart/usart.o
                                                  src/ASF/common/services/serial/usart_serial.o
usart_reset                                       src/ASF/sam/drivers/usart/usart.o
usart_reset_iterations                            src/ASF/sam/drivers/usart/usart.o
usart_reset_nack                                  src/ASF/sam/drivers/usart/usart.o
usart_reset_rx                                    src/ASF/sam/drivers/usart/usart.o
usart_reset_status                                src/ASF/sam/drivers/usart/usart.o
usart_reset_tx                                    src/ASF/sam/drivers/usart/usart.o
usart_restart_rx_timeout                          src/ASF/sam/drivers/usart/usart.o
usart_send_address                                src/ASF/sam/drivers/usart/usart.o
usart_serial_read_packet                          src/ASF/common/services/serial/usart_serial.o
usart_serial_write_packet                         src/ASF/common/services/serial/usart_serial.o
usart_set_async_baudrate                          src/ASF/sam/drivers/usart/usart.o
usart_set_rx_timeout                              src/ASF/sam/drivers/usart/usart.o
usart_set_tx_timeguard                            src/ASF/sam/drivers/usart/usart.o
usart_spi_force_chip_select                       src/ASF/sam/drivers/usart/usart.o
usart_spi_release_chip_select                     src/ASF/sam/drivers/usart/usart.o
usart_start_rx_timeout                            src/ASF/sam/drivers/usart/usart.o
usart_start_tx_break                              src/ASF/sam/drivers/usart/usart.o
usart_stop_tx_break                               src/ASF/sam/drivers/usart/usart.o
usart_write                                       src/ASF/sam/drivers/usart/usart.o
                                                  src/ASF/common/services/serial/usart_serial.o
usart_write_line                                  src/ASF/sam/drivers/usart/usart.o
